Archive member included to satisfy reference by file (symbol)

c:/program files (x86)/atollic/truestudio for stm32 9.3.0/armtools/bin/../lib/gcc/arm-atollic-eabi/6.3.1/../../../../arm-atollic-eabi/lib/armv7e-m/fpu\libc_nano.a(lib_a-errno.o)
                              Src\syscalls.o (__errno)
c:/program files (x86)/atollic/truestudio for stm32 9.3.0/armtools/bin/../lib/gcc/arm-atollic-eabi/6.3.1/../../../../arm-atollic-eabi/lib/armv7e-m/fpu\libc_nano.a(lib_a-impure.o)
                              c:/program files (x86)/atollic/truestudio for stm32 9.3.0/armtools/bin/../lib/gcc/arm-atollic-eabi/6.3.1/../../../../arm-atollic-eabi/lib/armv7e-m/fpu\libc_nano.a(lib_a-errno.o) (_impure_ptr)
c:/program files (x86)/atollic/truestudio for stm32 9.3.0/armtools/bin/../lib/gcc/arm-atollic-eabi/6.3.1/../../../../arm-atollic-eabi/lib/armv7e-m/fpu\libc_nano.a(lib_a-init.o)
                              startup\startup_stm32f407xx.o (__libc_init_array)
c:/program files (x86)/atollic/truestudio for stm32 9.3.0/armtools/bin/../lib/gcc/arm-atollic-eabi/6.3.1/../../../../arm-atollic-eabi/lib/armv7e-m/fpu\libc_nano.a(lib_a-memset.o)
                              Src\main.o (memset)
c:/program files (x86)/atollic/truestudio for stm32 9.3.0/armtools/bin/../lib/gcc/arm-atollic-eabi/6.3.1/../../../../arm-atollic-eabi/lib/armv7e-m/fpu\libc_nano.a(lib_a-strncmp.o)
                              Src\modem.o (strncmp)
c:/program files (x86)/atollic/truestudio for stm32 9.3.0/armtools/bin/../lib/gcc/arm-atollic-eabi/6.3.1/armv7e-m/fpu\libgcc.a(_aeabi_uldivmod.o)
                              Drivers\STM32F4xx_HAL_Driver\Src\stm32f4xx_hal_rcc.o (__aeabi_uldivmod)
c:/program files (x86)/atollic/truestudio for stm32 9.3.0/armtools/bin/../lib/gcc/arm-atollic-eabi/6.3.1/armv7e-m/fpu\libgcc.a(_udivmoddi4.o)
                              c:/program files (x86)/atollic/truestudio for stm32 9.3.0/armtools/bin/../lib/gcc/arm-atollic-eabi/6.3.1/armv7e-m/fpu\libgcc.a(_aeabi_uldivmod.o) (__udivmoddi4)
c:/program files (x86)/atollic/truestudio for stm32 9.3.0/armtools/bin/../lib/gcc/arm-atollic-eabi/6.3.1/armv7e-m/fpu\libgcc.a(_dvmd_tls.o)
                              c:/program files (x86)/atollic/truestudio for stm32 9.3.0/armtools/bin/../lib/gcc/arm-atollic-eabi/6.3.1/armv7e-m/fpu\libgcc.a(_aeabi_uldivmod.o) (__aeabi_ldiv0)

Allocating common symbols
Common symbol       size              file

sign                0x73              Src\msgParse.o
aRxBuffer6          0xe1              Src\GPS.o
retSD               0x1               Src\fatfs.o
side4               0xf               Src\modem.o
isGreen             0x4               Src\main.o
side                0x1               Src\modem.o
sideNo1             0x4               Src\modem.o
readBytes           0x15e             Src\SDCard.o
DateLast            0x1               Src\modem.o
planS2GT            0x1               Src\modem.o
secondaryVerticalByte
                    0x18              Src\modem.o
unitPlaceSegment    0x18              Src\modem.o
side1PoleType       0x4               Src\modem.o
TempFlashWord       0x4               Src\flash.o
data1               0x11              Src\modem.o
leftGreen           0x1               Src\modem.o
sideNo3_1           0x1               Src\modem.o
slaveDetails        0x1e              Src\modem.o
TimingDelay3        0x4               Src\main.o
minCounter          0x4               Src\main.o
huart3              0x40              Src\main.o
RecMsg4             0xfa              Src\stm32f4xx_it.o
sideNo4             0x4               Src\modem.o
TempFlashWordArray  0x14              Src\flash.o
millisec1           0x4               Drivers\STM32F4xx_HAL_Driver\Src\stm32f4xx_hal.o
FatFs               0x230             Src\SDCard.o
signVal1            0x4               Src\modem.o
Flash_Data          0xfb4             Src\modem.o
hi2c1               0x54              Src\main.o
sTime               0x14              Src\main.o
hcrc                0x8               Src\laser.o
side3               0xf               Src\modem.o
GPSDay              0x1               Src\modem.o
Hours               0x1               Src\modem.o
LaserPinState       0x4               Src\laser.o
string              0xe1              Src\msgParse.o
uwTick              0x4               Drivers\STM32F4xx_HAL_Driver\Src\stm32f4xx_hal.o
planOnHr            0x1               Src\modem.o
test1               0xfa0             Src\modem.o
junctionName        0xf               Src\modem.o
pFlash              0x20              Drivers\STM32F4xx_HAL_Driver\Src\stm32f4xx_hal_flash.o
msgTx               0x4               Src\main.o
primaryVerticalByte
                    0x18              Src\modem.o
msgUnPrcd4          0x4               Src\main.o
secondaryHorizontalByte
                    0x18              Src\modem.o
secondaryByteCommand
                    0x14              Src\modem.o
sec1                0x4               Drivers\STM32F4xx_HAL_Driver\Src\stm32f4xx_hal.o
[...]
Memory Configuration

Name             Origin             Length             Attributes
RAM              0x20000000         0x00020000         xrw
CCMRAM           0x10000000         0x00010000         rw
FLASH            0x08000000         0x00100000         xr
*default*        0x00000000         0xffffffff

Linker script and memory map

LOAD c:/program files (x86)/atollic/truestudio for stm32 9.3.0/armtools/bin/../lib/gcc/arm-atollic-eabi/6.3.1/armv7e-m/fpu/crti.o
LOAD c:/program files (x86)/atollic/truestudio for stm32 9.3.0/armtools/bin/../lib/gcc/arm-atollic-eabi/6.3.1/armv7e-m/fpu/crtbegin.o
LOAD Drivers\STM32F4xx_HAL_Driver\Src\stm32f4xx_hal.o
LOAD Drivers\STM32F4xx_HAL_Driver\Src\stm32f4xx_hal_cortex.o
LOAD Drivers\STM32F4xx_HAL_Driver\Src\stm32f4xx_hal_crc.o
LOAD Drivers\STM32F4xx_HAL_Driver\Src\stm32f4xx_hal_dma.o
LOAD Drivers\STM32F4xx_HAL_Driver\Src\stm32f4xx_hal_dma_ex.o
LOAD Drivers\STM32F4xx_HAL_Driver\Src\stm32f4xx_hal_exti.o
LOAD Drivers\STM32F4xx_HAL_Driver\Src\stm32f4xx_hal_flash.o
LOAD Drivers\STM32F4xx_HAL_Driver\Src\stm32f4xx_hal_flash_ex.o
LOAD Drivers\STM32F4xx_HAL_Driver\Src\stm32f4xx_hal_flash_ramfunc.o
LOAD Drivers\STM32F4xx_HAL_Driver\Src\stm32f4xx_hal_gpio.o
LOAD Drivers\STM32F4xx_HAL_Driver\Src\stm32f4xx_hal_i2c.o
LOAD Drivers\STM32F4xx_HAL_Driver\Src\stm32f4xx_hal_i2c_ex.o
LOAD Drivers\STM32F4xx_HAL_Driver\Src\stm32f4xx_hal_pwr.o
LOAD Drivers\STM32F4xx_HAL_Driver\Src\stm32f4xx_hal_pwr_ex.o
LOAD Drivers\STM32F4xx_HAL_Driver\Src\stm32f4xx_hal_rcc.o
LOAD Drivers\STM32F4xx_HAL_Driver\Src\stm32f4xx_hal_rcc_ex.o
LOAD Drivers\STM32F4xx_HAL_Driver\Src\stm32f4xx_hal_rtc.o
LOAD Drivers\STM32F4xx_HAL_Driver\Src\stm32f4xx_hal_rtc_ex.o
LOAD Drivers\STM32F4xx_HAL_Driver\Src\stm32f4xx_hal_sd.o
LOAD Drivers\STM32F4xx_HAL_Driver\Src\stm32f4xx_hal_tim.o
LOAD Drivers\STM32F4xx_HAL_Driver\Src\stm32f4xx_hal_tim_ex.o
LOAD Drivers\STM32F4xx_HAL_Driver\Src\stm32f4xx_hal_uart.o
LOAD Drivers\STM32F4xx_HAL_Driver\Src\stm32f4xx_ll_sdmmc.o
LOAD Middlewares\Third_Party\FatFs\src\diskio.o
LOAD Middlewares\Third_Party\FatFs\src\ff.o
LOAD Middlewares\Third_Party\FatFs\src\ff_gen_drv.o
LOAD Middlewares\Third_Party\FatFs\src\option\syscall.o
LOAD Src\GPS.o
LOAD Src\I2c.o
LOAD Src\Modem_SDCard.o
LOAD Src\SDCard.o
LOAD Src\bsp_driver_sd.o
LOAD Src\eeprom.o
LOAD Src\fatfs.o
LOAD Src\flash.o
LOAD Src\interrupt.o
LOAD Src\laser.o
LOAD Src\main.o
LOAD Src\modem.o
LOAD Src\msgParse.o
LOAD Src\sd_diskio.o
LOAD Src\stm32f4xx_hal_msp.o
LOAD Src\stm32f4xx_it.o
LOAD Src\syscalls.o
LOAD Src\system_stm32f4xx.o
LOAD startup\startup_stm32f407xx.o
                0x00000080                malloc_getpagesize_P = 0x80
START GROUP
LOAD c:/program files (x86)/atollic/truestudio for stm32 9.3.0/armtools/bin/../lib/gcc/arm-atollic-eabi/6.3.1/../../../../arm-atollic-eabi/lib/armv7e-m/fpu\libc_nano.a
LOAD c:/program files (x86)/atollic/truestudio for stm32 9.3.0/armtools/bin/../lib/gcc/arm-atollic-eabi/6.3.1/../../../../arm-atollic-eabi/lib/armv7e-m/fpu\libm.a
END GROUP
START GROUP
LOAD c:/program files (x86)/atollic/truestudio for stm32 9.3.0/armtools/bin/../lib/gcc/arm-atollic-eabi/6.3.1/armv7e-m/fpu\libgcc.a
LOAD c:/program files (x86)/atollic/truestudio for stm32 9.3.0/armtools/bin/../lib/gcc/arm-atollic-eabi/6.3.1/../../../../arm-atollic-eabi/lib/armv7e-m/fpu\libc_nano.a
END GROUP
START GROUP
LOAD c:/program files (x86)/atollic/truestudio for stm32 9.3.0/armtools/bin/../lib/gcc/arm-atollic-eabi/6.3.1/armv7e-m/fpu\libgcc.a
LOAD c:/program files (x86)/atollic/truestudio for stm32 9.3.0/armtools/bin/../lib/gcc/arm-atollic-eabi/6.3.1/../../../../arm-atollic-eabi/lib/armv7e-m/fpu\libc_nano.a
LOAD c:/program files (x86)/atollic/truestudio for stm32 9.3.0/armtools/bin/../lib/gcc/arm-atollic-eabi/6.3.1/../../../../arm-atollic-eabi/lib/armv7e-m/fpu\libnosys.a
END GROUP
START GROUP
LOAD c:/program files (x86)/atollic/truestudio for stm32 9.3.0/armtools/bin/../lib/gcc/arm-atollic-eabi/6.3.1/armv7e-m/fpu\libgcc.a
LOAD c:/program files (x86)/atollic/truestudio for stm32 9.3.0/armtools/bin/../lib/gcc/arm-atollic-eabi/6.3.1/../../../../arm-atollic-eabi/lib/armv7e-m/fpu\libc_nano.a
LOAD c:/program files (x86)/atollic/truestudio for stm32 9.3.0/armtools/bin/../lib/gcc/arm-atollic-eabi/6.3.1/../../../../arm-atollic-eabi/lib/armv7e-m/fpu\libnosys.a
END GROUP
LOAD c:/program files (x86)/atollic/truestudio for stm32 9.3.0/armtools/bin/../lib/gcc/arm-atollic-eabi/6.3.1/armv7e-m/fpu/crtend.o
LOAD c:/program files (x86)/atollic/truestudio for stm32 9.3.0/armtools/bin/../lib/gcc/arm-atollic-eabi/6.3.1/armv7e-m/fpu/crtn.o
                0x20020000                _estack = 0x20020000
                0x00000200                _Min_Heap_Size = 0x200
                0x00000400                _Min_Stack_Size = 0x400

.isr_vector     0x08000000      0x188
                0x08000000                . = ALIGN (0x4)
 *(.isr_vector)
 .isr_vector    0x08000000      0x188 startup\startup_stm32f407xx.o
                0x08000000                g_pfnVectors
                0x08000188                . = ALIGN (0x4)

.text           0x08000188     0x92bc
                0x08000188                . = ALIGN (0x4)
 *(.text)
 .text          0x08000188       0x40 c:/program files (x86)/atollic/truestudio for stm32 9.3.0/armtools/bin/../lib/gcc/arm-atollic-eabi/6.3.1/armv7e-m/fpu/crtbegin.o
 .text          0x080001c8       0x30 c:/program files (x86)/atollic/truestudio for stm32 9.3.0/armtools/bin/../lib/gcc/arm-atollic-eabi/6.3.1/armv7e-m/fpu\libgcc.a(_aeabi_uldivmod.o)
                0x080001c8                __aeabi_uldivmod
 .text          0x080001f8      0x2dc c:/program files (x86)/atollic/truestudio for stm32 9.3.0/armtools/bin/../lib/gcc/arm-atollic-eabi/6.3.1/armv7e-m/fpu\libgcc.a(_udivmoddi4.o)
                0x080001f8                __udivmoddi4
 .text          0x080004d4        0x4 c:/program files (x86)/atollic/truestudio for stm32 9.3.0/armtools/bin/../lib/gcc/arm-atollic-eabi/6.3.1/armv7e-m/fpu\libgcc.a(_dvmd_tls.o)
                0x080004d4                __aeabi_idiv0
                0x080004d4                __aeabi_ldiv0
 *(.text*)
 .text.HAL_InitTick
                0x080004d8       0x48 Drivers\STM32F4xx_HAL_Driver\Src\stm32f4xx_hal.o
                0x080004d8                HAL_InitTick
 .text.HAL_Init
                0x08000520       0x34 Drivers\STM32F4xx_HAL_Driver\Src\stm32f4xx_hal.o
                0x08000520                HAL_Init
 .text.HAL_IncTick
                0x08000554       0x64 Drivers\STM32F4xx_HAL_Driver\Src\stm32f4xx_hal.o
                0x08000554                HAL_IncTick
 .text.HAL_GetTick
                0x080005b8        0xc Drivers\STM32F4xx_HAL_Driver\Src\stm32f4xx_hal.o
                0x080005b8                HAL_GetTick
 .text.HAL_Delay
                0x080005c4       0x28 Drivers\STM32F4xx_HAL_Driver\Src\stm32f4xx_hal.o
                0x080005c4                HAL_Delay
 .text.HAL_NVIC_SetPriorityGrouping
                0x080005ec       0x24 Drivers\STM32F4xx_HAL_Driver\Src\stm32f4xx_hal_cortex.o
                0x080005ec                HAL_NVIC_SetPriorityGrouping
 .text.HAL_NVIC_SetPriority
                0x08000610       0x68 Drivers\STM32F4xx_HAL_Driver\Src\stm32f4xx_hal_cortex.o
                0x08000610                HAL_NVIC_SetPriority
 .text.HAL_NVIC_EnableIRQ
                0x08000678       0x1c Drivers\STM32F4xx_HAL_Driver\Src\stm32f4xx_hal_cortex.o
                0x08000678                HAL_NVIC_EnableIRQ
 .text.HAL_SYSTICK_Config
                0x08000694       0x2c Drivers\STM32F4xx_HAL_Driver\Src\stm32f4xx_hal_cortex.o
                0x08000694                HAL_SYSTICK_Config
 .text.HAL_CRC_Init
                0x080006c0       0x24 Drivers\STM32F4xx_HAL_Driver\Src\stm32f4xx_hal_crc.o
                0x080006c0                HAL_CRC_Init
 .text.HAL_CRC_Calculate
                0x080006e4       0x2a Drivers\STM32F4xx_HAL_Driver\Src\stm32f4xx_hal_crc.o
                0x080006e4                HAL_CRC_Calculate
 .text.HAL_DMA_Abort_IT
                0x0800070e       0x24 Drivers\STM32F4xx_HAL_Driver\Src\stm32f4xx_hal_dma.o
                0x0800070e                HAL_DMA_Abort_IT
 *fill*         0x08000732        0x2 
 .text.HAL_GPIO_Init
                0x08000734      0x1c0 Drivers\STM32F4xx_HAL_Driver\Src\stm32f4xx_hal_gpio.o
                0x08000734                HAL_GPIO_Init
 .text.HAL_GPIO_ReadPin
                0x080008f4        0xc Drivers\STM32F4xx_HAL_Driver\Src\stm32f4xx_hal_gpio.o
                0x080008f4                HAL_GPIO_ReadPin
 .text.HAL_GPIO_WritePin
                0x08000900        0xa Drivers\STM32F4xx_HAL_Driver\Src\stm32f4xx_hal_gpio.o
                0x08000900                HAL_GPIO_WritePin
 .text.HAL_GPIO_TogglePin
                0x0800090a        0xe Drivers\STM32F4xx_HAL_Driver\Src\stm32f4xx_hal_gpio.o
                0x0800090a                HAL_GPIO_TogglePin
 .text.I2C_IsAcknowledgeFailed
                0x08000918       0x34 Drivers\STM32F4xx_HAL_Driver\Src\stm32f4xx_hal_i2c.o
 .text.I2C_WaitOnMasterAddressFlagUntilTimeout
                0x0800094c       0x8a Drivers\STM32F4xx_HAL_Driver\Src\stm32f4xx_hal_i2c.o
 .text.I2C_WaitOnBTFFlagUntilTimeout
                0x080009d6       0x4c Drivers\STM32F4xx_HAL_Driver\Src\stm32f4xx_hal_i2c.o
 .text.I2C_WaitOnRXNEFlagUntilTimeout
                0x08000a22       0x5e Drivers\STM32F4xx_HAL_Driver\Src\stm32f4xx_hal_i2c.o
 .text.I2C_WaitOnFlagUntilTimeout
                0x08000a80       0x64 Drivers\STM32F4xx_HAL_Driver\Src\stm32f4xx_hal_i2c.o
 .text.I2C_WaitOnTXEFlagUntilTimeout
                0x08000ae4       0x4c Drivers\STM32F4xx_HAL_Driver\Src\stm32f4xx_hal_i2c.o
 .text.I2C_RequestMemoryWrite
                0x08000b30       0x9c Drivers\STM32F4xx_HAL_Driver\Src\stm32f4xx_hal_i2c.o
 .text.I2C_RequestMemoryRead
                0x08000bcc       0xec Drivers\STM32F4xx_HAL_Driver\Src\stm32f4xx_hal_i2c.o
 .text.HAL_I2C_Init
                0x08000cb8      0x148 Drivers\STM32F4xx_HAL_Driver\Src\stm32f4xx_hal_i2c.o
                0x08000cb8                HAL_I2C_Init
 .text.HAL_I2C_Mem_Write
                0x08000e00      0x120 Drivers\STM32F4xx_HAL_Driver\Src\stm32f4xx_hal_i2c.o
                0x08000e00                HAL_I2C_Mem_Write
 .text.HAL_I2C_Mem_Read
                0x08000f20      0x218 Drivers\STM32F4xx_HAL_Driver\Src\stm32f4xx_hal_i2c.o
                0x08000f20                HAL_I2C_Mem_Read
 .text.HAL_RCC_OscConfig
                0x08001138      0x304 Drivers\STM32F4xx_HAL_Driver\Src\stm32f4xx_hal_rcc.o
                0x08001138                HAL_RCC_OscConfig
 .text.HAL_RCC_GetSysClockFreq
                0x0800143c       0x5c Drivers\STM32F4xx_HAL_Driver\Src\stm32f4xx_hal_rcc.o
                0x0800143c                HAL_RCC_GetSysClockFreq
 .text.HAL_RCC_ClockConfig
                0x08001498      0x134 Drivers\STM32F4xx_HAL_Driver\Src\stm32f4xx_hal_rcc.o
                0x08001498                HAL_RCC_ClockConfig
 .text.HAL_RCC_GetPCLK1Freq
                0x080015cc       0x20 Drivers\STM32F4xx_HAL_Driver\Src\stm32f4xx_hal_rcc.o
                0x080015cc                HAL_RCC_GetPCLK1Freq
 .text.HAL_RCC_GetPCLK2Freq
                0x080015ec       0x20 Drivers\STM32F4xx_HAL_Driver\Src\stm32f4xx_hal_rcc.o
                0x080015ec                HAL_RCC_GetPCLK2Freq
 .text.HAL_RCCEx_PeriphCLKConfig
                0x0800160c      0x130 Drivers\STM32F4xx_HAL_Driver\Src\stm32f4xx_hal_rcc_ex.o
                0x0800160c                HAL_RCCEx_PeriphCLKConfig
 .text.HAL_RTC_WaitForSynchro
                0x0800173c       0x30 Drivers\STM32F4xx_HAL_Driver\Src\stm32f4xx_hal_rtc.o
                0x0800173c                HAL_RTC_WaitForSynchro
 .text.RTC_EnterInitMode
                0x0800176c       0x34 Drivers\STM32F4xx_HAL_Driver\Src\stm32f4xx_hal_rtc.o
                0x0800176c                RTC_EnterInitMode
 .text.HAL_RTC_Init
                0x080017a0       0x9c Drivers\STM32F4xx_HAL_Driver\Src\stm32f4xx_hal_rtc.o
                0x080017a0                HAL_RTC_Init
 .text.RTC_ByteToBcd2
                0x0800183c       0x16 Drivers\STM32F4xx_HAL_Driver\Src\stm32f4xx_hal_rtc.o
                0x0800183c                RTC_ByteToBcd2
 .text.HAL_RTC_SetTime
                0x08001852       0xe0 Drivers\STM32F4xx_HAL_Driver\Src\stm32f4xx_hal_rtc.o
                0x08001852                HAL_RTC_SetTime
 .text.HAL_RTC_SetDate
                0x08001932       0xc0 Drivers\STM32F4xx_HAL_Driver\Src\stm32f4xx_hal_rtc.o
                0x08001932                HAL_RTC_SetDate
 .text.RTC_Bcd2ToByte
                0x080019f2       0x12 Drivers\STM32F4xx_HAL_Driver\Src\stm32f4xx_hal_rtc.o
                0x080019f2                RTC_Bcd2ToByte
 .text.HAL_RTC_GetTime
                0x08001a04       0x50 Drivers\STM32F4xx_HAL_Driver\Src\stm32f4xx_hal_rtc.o
                0x08001a04                HAL_RTC_GetTime
 .text.HAL_RTC_GetDate
                0x08001a54       0x40 Drivers\STM32F4xx_HAL_Driver\Src\stm32f4xx_hal_rtc.o
                0x08001a54                HAL_RTC_GetDate
 .text.HAL_SD_ReadBlocks
                0x08001a94      0x1be Drivers\STM32F4xx_HAL_Driver\Src\stm32f4xx_hal_sd.o
                0x08001a94                HAL_SD_ReadBlocks
 .text.HAL_SD_WriteBlocks
                0x08001c52      0x176 Drivers\STM32F4xx_HAL_Driver\Src\stm32f4xx_hal_sd.o
                0x08001c52                HAL_SD_WriteBlocks
 .text.HAL_SD_GetCardCSD
                0x08001dc8      0x1be Drivers\STM32F4xx_HAL_Driver\Src\stm32f4xx_hal_sd.o
                0x08001dc8                HAL_SD_GetCardCSD
 *fill*         0x08001f86        0x2 
 .text.HAL_SD_InitCard
                0x08001f88      0x1dc Drivers\STM32F4xx_HAL_Driver\Src\stm32f4xx_hal_sd.o
                0x08001f88                HAL_SD_InitCard
 .text.HAL_SD_Init
                0x08002164       0x34 Drivers\STM32F4xx_HAL_Driver\Src\stm32f4xx_hal_sd.o
                0x08002164                HAL_SD_Init
 .text.HAL_SD_GetCardInfo
                0x08002198       0x24 Drivers\STM32F4xx_HAL_Driver\Src\stm32f4xx_hal_sd.o
                0x08002198                HAL_SD_GetCardInfo
 .text.HAL_SD_GetCardState
                0x080021bc       0x28 Drivers\STM32F4xx_HAL_Driver\Src\stm32f4xx_hal_sd.o
                0x080021bc                HAL_SD_GetCardState
 .text.UART_EndRxTransfer
                0x080021e4       0x1a Drivers\STM32F4xx_HAL_Driver\Src\stm32f4xx_hal_uart.o
 *fill*         0x080021fe        0x2 
 .text.UART_SetConfig
                0x08002200      0x234 Drivers\STM32F4xx_HAL_Driver\Src\stm32f4xx_hal_uart.o
 .text.UART_WaitOnFlagUntilTimeout.constprop.3
                0x08002434       0x50 Drivers\STM32F4xx_HAL_Driver\Src\stm32f4xx_hal_uart.o
 .text.HAL_UART_Init
                0x08002484       0x5c Drivers\STM32F4xx_HAL_Driver\Src\stm32f4xx_hal_uart.o
                0x08002484                HAL_UART_Init
 .text.HAL_UART_Transmit
                0x080024e0       0xba Drivers\STM32F4xx_HAL_Driver\Src\stm32f4xx_hal_uart.o
                0x080024e0                HAL_UART_Transmit
 .text.HAL_UART_Receive
                0x0800259a       0xc0 Drivers\STM32F4xx_HAL_Driver\Src\stm32f4xx_hal_uart.o
                0x0800259a                HAL_UART_Receive
 .text.HAL_UART_Receive_IT
                0x0800265a       0x4e Drivers\STM32F4xx_HAL_Driver\Src\stm32f4xx_hal_uart.o
                0x0800265a                HAL_UART_Receive_IT
 .text.HAL_UART_TxCpltCallback
                0x080026a8        0x2 Drivers\STM32F4xx_HAL_Driver\Src\stm32f4xx_hal_uart.o
                0x080026a8                HAL_UART_TxCpltCallback
 .text.HAL_UART_RxCpltCallback
                0x080026aa        0x2 Drivers\STM32F4xx_HAL_Driver\Src\stm32f4xx_hal_uart.o
                0x080026aa                HAL_UART_RxCpltCallback
 .text.UART_Receive_IT
                0x080026ac       0x7c Drivers\STM32F4xx_HAL_Driver\Src\stm32f4xx_hal_uart.o
 .text.HAL_UART_IRQHandler
                0x08002728      0x140 Drivers\STM32F4xx_HAL_Driver\Src\stm32f4xx_hal_uart.o
                0x08002728                HAL_UART_IRQHandler
 .text.UART_DMAAbortOnError
                0x08002868       0x10 Drivers\STM32F4xx_HAL_Driver\Src\stm32f4xx_hal_uart.o
 .text.SDMMC_GetCmdResp2
                0x08002878       0x4c Drivers\STM32F4xx_HAL_Driver\Src\stm32f4xx_ll_sdmmc.o
 .text.SDMMC_GetCmdResp3
                0x080028c4       0x40 Drivers\STM32F4xx_HAL_Driver\Src\stm32f4xx_ll_sdmmc.o
 .text.SDIO_Init
                0x08002904       0x38 Drivers\STM32F4xx_HAL_Driver\Src\stm32f4xx_ll_sdmmc.o
                0x08002904                SDIO_Init
 .text.SDIO_ReadFIFO
                0x0800293c        0x6 Drivers\STM32F4xx_HAL_Driver\Src\stm32f4xx_ll_sdmmc.o
                0x0800293c                SDIO_ReadFIFO
 .text.SDIO_WriteFIFO
                0x08002942        0xa Drivers\STM32F4xx_HAL_Driver\Src\stm32f4xx_ll_sdmmc.o
                0x08002942                SDIO_WriteFIFO
 .text.SDIO_PowerState_ON
                0x0800294c        0x8 Drivers\STM32F4xx_HAL_Driver\Src\stm32f4xx_ll_sdmmc.o
                0x0800294c                SDIO_PowerState_ON
 .text.SDIO_GetPowerState
                0x08002954        0x8 Drivers\STM32F4xx_HAL_Driver\Src\stm32f4xx_ll_sdmmc.o
                0x08002954                SDIO_GetPowerState
 .text.SDIO_SendCommand
                0x0800295c       0x26 Drivers\STM32F4xx_HAL_Driver\Src\stm32f4xx_ll_sdmmc.o
                0x0800295c                SDIO_SendCommand
 .text.SDIO_GetResponse
                0x08002982       0x14 Drivers\STM32F4xx_HAL_Driver\Src\stm32f4xx_ll_sdmmc.o
                0x08002982                SDIO_GetResponse
 *fill*         0x08002996        0x2 
 .text.SDMMC_GetCmdResp1
                0x08002998      0x120 Drivers\STM32F4xx_HAL_Driver\Src\stm32f4xx_ll_sdmmc.o
 .text.SDIO_ConfigData
                0x08002ab8       0x26 Drivers\STM32F4xx_HAL_Driver\Src\stm32f4xx_ll_sdmmc.o
                0x08002ab8                SDIO_ConfigData
 .text.SDMMC_CmdBlockLength
                0x08002ade       0x30 Drivers\STM32F4xx_HAL_Driver\Src\stm32f4xx_ll_sdmmc.o
                0x08002ade                SDMMC_CmdBlockLength
 .text.SDMMC_CmdReadSingleBlock
                0x08002b0e       0x30 Drivers\STM32F4xx_HAL_Driver\Src\stm32f4xx_ll_sdmmc.o
                0x08002b0e                SDMMC_CmdReadSingleBlock
 .text.SDMMC_CmdReadMultiBlock
                0x08002b3e       0x30 Drivers\STM32F4xx_HAL_Driver\Src\stm32f4xx_ll_sdmmc.o
                0x08002b3e                SDMMC_CmdReadMultiBlock
 .text.SDMMC_CmdWriteSingleBlock
                0x08002b6e       0x30 Drivers\STM32F4xx_HAL_Driver\Src\stm32f4xx_ll_sdmmc.o
                0x08002b6e                SDMMC_CmdWriteSingleBlock
 .text.SDMMC_CmdWriteMultiBlock
                0x08002b9e       0x30 Drivers\STM32F4xx_HAL_Driver\Src\stm32f4xx_ll_sdmmc.o
                0x08002b9e                SDMMC_CmdWriteMultiBlock
 *fill*         0x08002bce        0x2 
 .text.SDMMC_CmdStopTransfer
                0x08002bd0       0x34 Drivers\STM32F4xx_HAL_Driver\Src\stm32f4xx_ll_sdmmc.o
                0x08002bd0                SDMMC_CmdStopTransfer
 .text.SDMMC_CmdSelDesel
                0x08002c04       0x30 Drivers\STM32F4xx_HAL_Driver\Src\stm32f4xx_ll_sdmmc.o
                0x08002c04                SDMMC_CmdSelDesel
 .text.SDMMC_CmdGoIdleState
                0x08002c34       0x50 Drivers\STM32F4xx_HAL_Driver\Src\stm32f4xx_ll_sdmmc.o
                0x08002c34                SDMMC_CmdGoIdleState
 .text.SDMMC_CmdOperCond
                0x08002c84       0x70 Drivers\STM32F4xx_HAL_Driver\Src\stm32f4xx_ll_sdmmc.o
                0x08002c84                SDMMC_CmdOperCond
 .text.SDMMC_CmdAppCommand
                0x08002cf4       0x30 Drivers\STM32F4xx_HAL_Driver\Src\stm32f4xx_ll_sdmmc.o
                0x08002cf4                SDMMC_CmdAppCommand
 .text.SDMMC_CmdAppOperCommand
                0x08002d24       0x32 Drivers\STM32F4xx_HAL_Driver\Src\stm32f4xx_ll_sdmmc.o
                0x08002d24                SDMMC_CmdAppOperCommand
 .text.SDMMC_CmdSendCID
                0x08002d56       0x2a Drivers\STM32F4xx_HAL_Driver\Src\stm32f4xx_ll_sdmmc.o
                0x08002d56                SDMMC_CmdSendCID
 .text.SDMMC_CmdSendCSD
                0x08002d80       0x2a Drivers\STM32F4xx_HAL_Driver\Src\stm32f4xx_ll_sdmmc.o
                0x08002d80                SDMMC_CmdSendCSD
 *fill*         0x08002daa        0x2 
 .text.SDMMC_CmdSetRelAdd
                0x08002dac       0xa8 Drivers\STM32F4xx_HAL_Driver\Src\stm32f4xx_ll_sdmmc.o
                0x08002dac                SDMMC_CmdSetRelAdd
 .text.SDMMC_CmdSendStatus
                0x08002e54       0x30 Drivers\STM32F4xx_HAL_Driver\Src\stm32f4xx_ll_sdmmc.o
                0x08002e54                SDMMC_CmdSendStatus
 .text.disk_status
                0x08002e84       0x14 Middlewares\Third_Party\FatFs\src\diskio.o
                0x08002e84                disk_status
 .text.disk_initialize
                0x08002e98       0x20 Middlewares\Third_Party\FatFs\src\diskio.o
                0x08002e98                disk_initialize
 .text.disk_read
                0x08002eb8       0x1c Middlewares\Third_Party\FatFs\src\diskio.o
                0x08002eb8                disk_read
 .text.disk_write
                0x08002ed4       0x1c Middlewares\Third_Party\FatFs\src\diskio.o
                0x08002ed4                disk_write
 .text.disk_ioctl
                0x08002ef0       0x1c Middlewares\Third_Party\FatFs\src\diskio.o
                0x08002ef0                disk_ioctl
 .text.ld_dword
                0x08002f0c       0x10 Middlewares\Third_Party\FatFs\src\ff.o
 .text.st_dword
                0x08002f1c       0x10 Middlewares\Third_Party\FatFs\src\ff.o
 .text.mem_set  0x08002f2c        0xc Middlewares\Third_Party\FatFs\src\ff.o
 .text.chk_lock
                0x08002f38       0x5c Middlewares\Third_Party\FatFs\src\ff.o
 .text.inc_lock
                0x08002f94       0x78 Middlewares\Third_Party\FatFs\src\ff.o
 .text.dec_lock
                0x0800300c       0x30 Middlewares\Third_Party\FatFs\src\ff.o
 .text.clust2sect
                0x0800303c       0x16 Middlewares\Third_Party\FatFs\src\ff.o
 .text.clmt_clust
                0x08003052       0x22 Middlewares\Third_Party\FatFs\src\ff.o
 .text.get_ldnumber
                0x08003074       0x30 Middlewares\Third_Party\FatFs\src\ff.o
 .text.validate
                0x080030a4       0x34 Middlewares\Third_Party\FatFs\src\ff.o
 .text.mem_cpy.part.0
                0x080030d8       0x12 Middlewares\Third_Party\FatFs\src\ff.o
 .text.ld_clust.isra.1
                0x080030ea       0x1c Middlewares\Third_Party\FatFs\src\ff.o
 .text.st_clust.isra.2
                0x08003106       0x18 Middlewares\Third_Party\FatFs\src\ff.o
 .text.sync_window.part.4
                0x0800311e       0x46 Middlewares\Third_Party\FatFs\src\ff.o
 .text.sync_window
                0x08003164        0xc Middlewares\Third_Party\FatFs\src\ff.o
 .text.sync_fs  0x08003170       0x96 Middlewares\Third_Party\FatFs\src\ff.o
 .text.move_window
                0x08003206       0x36 Middlewares\Third_Party\FatFs\src\ff.o
 .text.check_fs
                0x0800323c       0x80 Middlewares\Third_Party\FatFs\src\ff.o
 .text.find_volume
                0x080032bc      0x2bc Middlewares\Third_Party\FatFs\src\ff.o
 .text.put_fat  0x08003578       0xf8 Middlewares\Third_Party\FatFs\src\ff.o
 .text.get_fat.isra.8
                0x08003670       0xb4 Middlewares\Third_Party\FatFs\src\ff.o
 .text.create_chain
                0x08003724       0xb0 Middlewares\Third_Party\FatFs\src\ff.o
 .text.remove_chain
                0x080037d4       0x6c Middlewares\Third_Party\FatFs\src\ff.o
 .text.dir_sdi.constprop.11
                0x08003840       0x66 Middlewares\Third_Party\FatFs\src\ff.o
 .text.dir_next
                0x080038a6       0xf2 Middlewares\Third_Party\FatFs\src\ff.o
 .text.follow_path
                0x08003998      0x188 Middlewares\Third_Party\FatFs\src\ff.o
 .text.dir_read.constprop.9
                0x08003b20       0x54 Middlewares\Third_Party\FatFs\src\ff.o
 .text.dir_register
                0x08003b74       0x62 Middlewares\Third_Party\FatFs\src\ff.o
 *fill*         0x08003bd6        0x2 
 .text.f_mount  0x08003bd8       0x68 Middlewares\Third_Party\FatFs\src\ff.o
                0x08003bd8                f_mount
 .text.f_open   0x08003c40      0x224 Middlewares\Third_Party\FatFs\src\ff.o
                0x08003c40                f_open
 .text.f_read   0x08003e64      0x15a Middlewares\Third_Party\FatFs\src\ff.o
                0x08003e64                f_read
 .text.f_write  0x08003fbe      0x18a Middlewares\Third_Party\FatFs\src\ff.o
                0x08003fbe                f_write
 .text.f_sync   0x08004148       0x90 Middlewares\Third_Party\FatFs\src\ff.o
                0x08004148                f_sync
 .text.f_close  0x080041d8       0x22 Middlewares\Third_Party\FatFs\src\ff.o
                0x080041d8                f_close
 .text.f_lseek  0x080041fa      0x23a Middlewares\Third_Party\FatFs\src\ff.o
                0x080041fa                f_lseek
 .text.f_unlink
                0x08004434       0xa4 Middlewares\Third_Party\FatFs\src\ff.o
                0x08004434                f_unlink
 .text.f_gets   0x080044d8       0x40 Middlewares\Third_Party\FatFs\src\ff.o
                0x080044d8                f_gets
 .text.FATFS_LinkDriverEx
                0x08004518       0x44 Middlewares\Third_Party\FatFs\src\ff_gen_drv.o
                0x08004518                FATFS_LinkDriverEx
 .text.FATFS_LinkDriver
                0x0800455c        0x6 Middlewares\Third_Party\FatFs\src\ff_gen_drv.o
                0x0800455c                FATFS_LinkDriver
 *fill*         0x08004562        0x2 
 .text.enableGNZDAString
                0x08004564       0x60 Src\GPS.o
                0x08004564                enableGNZDAString
 .text.diableAllString
                0x080045c4      0x214 Src\GPS.o
                0x080045c4                diableAllString
 .text.SDcardReadSeek
                0x080047d8       0x48 Src\SDCard.o
                0x080047d8                SDcardReadSeek
 .text.SDcardWriteSeek
                0x08004820       0x44 Src\SDCard.o
                0x08004820                SDcardWriteSeek
 .text.BSP_SD_Init
                0x08004864       0x20 Src\bsp_driver_sd.o
                0x08004864                BSP_SD_Init
 .text.BSP_SD_ReadBlocks
                0x08004884       0x20 Src\bsp_driver_sd.o
                0x08004884                BSP_SD_ReadBlocks
 .text.BSP_SD_WriteBlocks
                0x080048a4       0x20 Src\bsp_driver_sd.o
                0x080048a4                BSP_SD_WriteBlocks
 .text.BSP_SD_GetCardState
                0x080048c4       0x14 Src\bsp_driver_sd.o
                0x080048c4                BSP_SD_GetCardState
 .text.BSP_SD_GetCardInfo
                0x080048d8        0xc Src\bsp_driver_sd.o
                0x080048d8                BSP_SD_GetCardInfo
 .text.EEPROM_WriteByte
                0x080048e4       0x30 Src\eeprom.o
                0x080048e4                EEPROM_WriteByte
 .text.EEPROM_ReadByte
                0x08004914       0x2c Src\eeprom.o
                0x08004914                EEPROM_ReadByte
 .text.EEPROM_WriteArray
                0x08004940       0x2c Src\eeprom.o
                0x08004940                EEPROM_WriteArray
 .text.EEPROM_ReadArray
                0x0800496c       0x2c Src\eeprom.o
                0x0800496c                EEPROM_ReadArray
 .text.MX_FATFS_Init
                0x08004998       0x1c Src\fatfs.o
                0x08004998                MX_FATFS_Init
 .text.get_fattime
                0x080049b4        0x4 Src\fatfs.o
                0x080049b4                get_fattime
 .text.HAL_UART_ErrorCallback
                0x080049b8       0x16 Src\interrupt.o
                0x080049b8                HAL_UART_ErrorCallback
 *fill*         0x080049ce        0x2 
 .text.transferRecValuesToData
                0x080049d0       0x20 Src\laser.o
                0x080049d0                transferRecValuesToData
 .text.clearingRecBuffer
                0x080049f0       0x14 Src\laser.o
                0x080049f0                clearingRecBuffer
 .text.clearingDisp1Buffer
                0x08004a04       0x14 Src\laser.o
                0x08004a04                clearingDisp1Buffer
 .text.clearingFrameBuffer
                0x08004a18       0x14 Src\laser.o
                0x08004a18                clearingFrameBuffer
 .text.function6_A
                0x08004a2c      0x144 Src\laser.o
                0x08004a2c                function6_A
 .text.clearingDataBuffer
                0x08004b70       0x14 Src\laser.o
                0x08004b70                clearingDataBuffer
 .text.SystemClock_Config
                0x08004b84       0xc0 Src\main.o
                0x08004b84                SystemClock_Config
 .text.startup.main
                0x08004c44      0x354 Src\main.o
                0x08004c44                main
 .text.TimingDelay_Decrement
                0x08004f98       0x14 Src\main.o
                0x08004f98                TimingDelay_Decrement
 .text.TimingDelay_Decrement1
                0x08004fac       0x14 Src\main.o
                0x08004fac                TimingDelay_Decrement1
 .text.TimingDelay_Decrement3
                0x08004fc0       0x14 Src\main.o
                0x08004fc0                TimingDelay_Decrement3
 .text.TimingDelay_Decrement4
                0x08004fd4       0x14 Src\main.o
                0x08004fd4                TimingDelay_Decrement4
 .text.TimingDelay_Decrement5
                0x08004fe8       0x14 Src\main.o
                0x08004fe8                TimingDelay_Decrement5
 .text.clearframe
                0x08004ffc       0x14 Src\modem.o
                0x08004ffc                clearframe
 .text.clearReadBytes
                0x08005010       0x18 Src\modem.o
                0x08005010                clearReadBytes
 .text.clearBuffer
                0x08005028       0x14 Src\modem.o
                0x08005028                clearBuffer
 .text.clearDispBuffer
                0x0800503c       0x14 Src\modem.o
                0x0800503c                clearDispBuffer
 .text.clearaRxBuffer
                0x08005050       0x14 Src\modem.o
                0x08005050                clearaRxBuffer
 .text.clearBuffer3
                0x08005064       0x14 Src\modem.o
                0x08005064                clearBuffer3
 .text.clearaRxBuffer3
                0x08005078       0x14 Src\modem.o
                0x08005078                clearaRxBuffer3
 .text.clearBuffer4
                0x0800508c       0x14 Src\modem.o
                0x0800508c                clearBuffer4
 .text.clearaRxBuffer4
                0x080050a0       0x14 Src\modem.o
                0x080050a0                clearaRxBuffer4
 .text.clearPlanDetailsArrayBuffer
                0x080050b4       0x14 Src\modem.o
                0x080050b4                clearPlanDetailsArrayBuffer
 .text.clearPlanTimeBuffer
                0x080050c8       0x14 Src\modem.o
                0x080050c8                clearPlanTimeBuffer
 .text.crcApi   0x080050dc       0x20 Src\modem.o
                0x080050dc                crcApi
 .text.crcApiResponse
                0x080050fc       0x20 Src\modem.o
                0x080050fc                crcApiResponse
 .text.readDateSD
                0x0800511c       0x18 Src\modem.o
                0x0800511c                readDateSD
 .text.readDaySD
                0x08005134       0x18 Src\modem.o
                0x08005134                readDaySD
 .text.readPlanSD
                0x0800514c       0x18 Src\modem.o
                0x0800514c                readPlanSD
 .text.byteToIntegerVal
                0x08005164       0x20 Src\modem.o
                0x08005164                byteToIntegerVal
 .text.intToByte
                0x08005184       0x3c Src\modem.o
                0x08005184                intToByte
 .text.clearStringBuffer
                0x080051c0       0x14 Src\modem.o
                0x080051c0                clearStringBuffer
 .text.countDown
                0x080051d4      0x26c Src\modem.o
                0x080051d4                countDown
 .text.sendMsgToSlave
                0x08005440      0x154 Src\modem.o
                0x08005440                sendMsgToSlave
 .text.analysingResponseOfSlave
                0x08005594      0x190 Src\modem.o
                0x08005594                analysingResponseOfSlave
 .text.slaveResponse
                0x08005724      0x200 Src\modem.o
                0x08005724                slaveResponse
 .text.crcApi4  0x08005924       0x34 Src\modem.o
                0x08005924                crcApi4
 .text.crcApi1  0x08005958       0x34 Src\modem.o
                0x08005958                crcApi1
 .text.crcApi3  0x0800598c       0x30 Src\modem.o
                0x0800598c                crcApi3
 .text.function9
                0x080059bc      0x188 Src\modem.o
                0x080059bc                function9
 .text.function_10
                0x08005b44      0x1d8 Src\modem.o
                0x08005b44                function_10
 .text.RTC_UtcToIstSet
                0x08005d1c       0xec Src\modem.o
                0x08005d1c                RTC_UtcToIstSet
 .text.convertStringToByte
                0x08005e08      0x16c Src\modem.o
                0x08005e08                convertStringToByte
 .text.getDateAndTimeFromGPS
                0x08005f74       0xa4 Src\modem.o
                0x08005f74                getDateAndTimeFromGPS
 .text.function11N
                0x08006018      0x20c Src\modem.o
                0x08006018                function11N
 .text.function12
                0x08006224      0x1c0 Src\modem.o
                0x08006224                function12
 .text.function13
                0x080063e4      0x1fc Src\modem.o
                0x080063e4                function13
 .text.function14
                0x080065e0      0x1bc Src\modem.o
                0x080065e0                function14
 .text.function15
                0x0800679c      0x268 Src\modem.o
                0x0800679c                function15
 .text.function16
                0x08006a04      0x20c Src\modem.o
                0x08006a04                function16
 .text.checkClearenceSide
                0x08006c10       0x60 Src\modem.o
                0x08006c10                checkClearenceSide
 .text.checkClearenceMode
                0x08006c70       0x50 Src\modem.o
                0x08006c70                checkClearenceMode
 .text.checkFieldAction
                0x08006cc0       0x80 Src\modem.o
                0x08006cc0                checkFieldAction
 .text.laser    0x08006d40       0x5c Src\modem.o
                0x08006d40                laser
 .text.extend   0x08006d9c       0x60 Src\modem.o
                0x08006d9c                extend
 .text.checkServerFieldAction
                0x08006dfc      0x2e4 Src\modem.o
                0x08006dfc                checkServerFieldAction
 .text.countNoOfMapDetails
                0x080070e0       0x74 Src\modem.o
                0x080070e0                countNoOfMapDetails
 .text.function17
                0x08007154      0x1e8 Src\modem.o
                0x08007154                function17
 .text.function18
                0x0800733c      0x178 Src\modem.o
                0x0800733c                function18
 .text.currentDayAllPlan
                0x080074b4      0x170 Src\modem.o
                0x080074b4                currentDayAllPlan
 .text.getCurrentPlanTotalNoOfPhases
                0x08007624      0x124 Src\modem.o
                0x08007624                getCurrentPlanTotalNoOfPhases
 .text.getCurrentPlanPhases
                0x08007748      0x108 Src\modem.o
                0x08007748                getCurrentPlanPhases
 .text.DetectChange
                0x08007850       0x4c Src\modem.o
                0x08007850                DetectChange
 .text.sideChange
                0x0800789c       0xb8 Src\modem.o
                0x0800789c                sideChange
 .text.clearPrimaryAndSecByte
                0x08007954       0x38 Src\modem.o
                0x08007954                clearPrimaryAndSecByte
 .text.function8
                0x0800798c      0x234 Src\modem.o
                0x0800798c                function8
 .text.findSide
                0x08007bc0       0xa8 Src\modem.o
                0x08007bc0                findSide
 .text.resetVariables
                0x08007c68       0xa0 Src\modem.o
                0x08007c68                resetVariables
 .text.program3
                0x08007d08      0x1f4 Src\modem.o
                0x08007d08                program3
 .text.espCommunication
                0x08007efc      0x1a0 Src\modem.o
                0x08007efc                espCommunication
 .text.BLECommunication
                0x0800809c      0x1a0 Src\modem.o
                0x0800809c                BLECommunication
 .text.extractSlaveInfo
                0x0800823c       0x2c Src\modem.o
                0x0800823c                extractSlaveInfo
 .text.populatePrimaryHVSecondaryHV
                0x08008268       0x7c Src\modem.o
                0x08008268                populatePrimaryHVSecondaryHV
 .text.phaseInfoData
                0x080082e4      0x214 Src\modem.o
                0x080082e4                phaseInfoData
 .text.signal   0x080084f8       0xe4 Src\modem.o
                0x080084f8                signal
 .text.blinker  0x080085dc      0x154 Src\modem.o
                0x080085dc                blinker
 .text.planDetailSD
                0x08008730      0x124 Src\modem.o
                0x08008730                planDetailSD
 .text.init4    0x08008854      0x318 Src\modem.o
                0x08008854                init4
 .text.clearStringNsign
                0x08008b6c       0x1c Src\msgParse.o
                0x08008b6c                clearStringNsign
 .text.msgParse
                0x08008b88       0xc0 Src\msgParse.o
                0x08008b88                msgParse
 .text.SD_CheckStatus.isra.0
                0x08008c48       0x20 Src\sd_diskio.o
 .text.SD_initialize
                0x08008c68       0x1c Src\sd_diskio.o
                0x08008c68                SD_initialize
 .text.SD_status
                0x08008c84        0x4 Src\sd_diskio.o
                0x08008c84                SD_status
 .text.SD_read  0x08008c88       0x20 Src\sd_diskio.o
                0x08008c88                SD_read
 .text.SD_ioctl
                0x08008ca8       0x50 Src\sd_diskio.o
                0x08008ca8                SD_ioctl
 .text.SD_write
                0x08008cf8       0x20 Src\sd_diskio.o
                0x08008cf8                SD_write
 .text.HAL_MspInit
                0x08008d18       0x40 Src\stm32f4xx_hal_msp.o
                0x08008d18                HAL_MspInit
 .text.HAL_CRC_MspInit
                0x08008d58       0x30 Src\stm32f4xx_hal_msp.o
                0x08008d58                HAL_CRC_MspInit
 .text.HAL_I2C_MspInit
                0x08008d88       0x74 Src\stm32f4xx_hal_msp.o
                0x08008d88                HAL_I2C_MspInit
 .text.HAL_RTC_MspInit
                0x08008dfc       0x18 Src\stm32f4xx_hal_msp.o
                0x08008dfc                HAL_RTC_MspInit
 .text.HAL_SD_MspInit
                0x08008e14       0xc4 Src\stm32f4xx_hal_msp.o
                0x08008e14                HAL_SD_MspInit
 .text.HAL_UART_MspInit
                0x08008ed8      0x1e0 Src\stm32f4xx_hal_msp.o
                0x08008ed8                HAL_UART_MspInit
 .text.NMI_Handler
                0x080090b8        0x2 Src\stm32f4xx_it.o
                0x080090b8                NMI_Handler
 .text.HardFault_Handler
                0x080090ba        0x2 Src\stm32f4xx_it.o
                0x080090ba                HardFault_Handler
 .text.MemManage_Handler
                0x080090bc        0x2 Src\stm32f4xx_it.o
                0x080090bc                MemManage_Handler
 .text.BusFault_Handler
                0x080090be        0x2 Src\stm32f4xx_it.o
                0x080090be                BusFault_Handler
 .text.UsageFault_Handler
                0x080090c0        0x2 Src\stm32f4xx_it.o
                0x080090c0                UsageFault_Handler
 .text.SVC_Handler
                0x080090c2        0x2 Src\stm32f4xx_it.o
                0x080090c2                SVC_Handler
 .text.DebugMon_Handler
                0x080090c4        0x2 Src\stm32f4xx_it.o
                0x080090c4                DebugMon_Handler
 .text.PendSV_Handler
                0x080090c6        0x2 Src\stm32f4xx_it.o
                0x080090c6                PendSV_Handler
 .text.SysTick_Handler
                0x080090c8       0xd8 Src\stm32f4xx_it.o
                0x080090c8                SysTick_Handler
 .text.USART1_IRQHandler
                0x080091a0       0x5c Src\stm32f4xx_it.o
                0x080091a0                USART1_IRQHandler
 .text.USART2_IRQHandler
                0x080091fc       0x5c Src\stm32f4xx_it.o
                0x080091fc                USART2_IRQHandler
 .text.USART3_IRQHandler
                0x08009258       0x5c Src\stm32f4xx_it.o
                0x08009258                USART3_IRQHandler
 .text.USART6_IRQHandler
                0x080092b4       0x5c Src\stm32f4xx_it.o
                0x080092b4                USART6_IRQHandler
 .text.SystemInit
                0x08009310       0x4c Src\system_stm32f4xx.o
                0x08009310                SystemInit
 .text.Reset_Handler
                0x0800935c       0x50 startup\startup_stm32f407xx.o
                0x0800935c                Reset_Handler
 .text.Default_Handler
                0x080093ac        0x2 startup\startup_stm32f407xx.o
                0x080093ac                RTC_Alarm_IRQHandler
                0x080093ac                HASH_RNG_IRQHandler
                0x080093ac                EXTI2_IRQHandler
                0x080093ac                TIM8_CC_IRQHandler
                0x080093ac                TIM1_CC_IRQHandler
                0x080093ac                DMA2_Stream5_IRQHandler
                0x080093ac                DMA1_Stream5_IRQHandler
                0x080093ac                PVD_IRQHandler
                0x080093ac                SDIO_IRQHandler
                0x080093ac                TAMP_STAMP_IRQHandler
                0x080093ac                CAN2_RX1_IRQHandler
                0x080093ac                EXTI3_IRQHandler
                0x080093ac                TIM8_TRG_COM_TIM14_IRQHandler
                0x080093ac                TIM1_UP_TIM10_IRQHandler
                0x080093ac                TIM8_UP_TIM13_IRQHandler
                0x080093ac                I2C3_ER_IRQHandler
                0x080093ac                EXTI0_IRQHandler
                0x080093ac                I2C2_EV_IRQHandler
                0x080093ac                DMA1_Stream2_IRQHandler
                0x080093ac                CAN1_RX0_IRQHandler
                0x080093ac                FPU_IRQHandler
                0x080093ac                OTG_HS_WKUP_IRQHandler
                0x080093ac                CAN2_SCE_IRQHandler
                0x080093ac                DMA2_Stream2_IRQHandler
                0x080093ac                SPI1_IRQHandler
                0x080093ac                TIM6_DAC_IRQHandler
                0x080093ac                TIM1_BRK_TIM9_IRQHandler
                0x080093ac                DCMI_IRQHandler
                0x080093ac                CAN2_RX0_IRQHandler
                0x080093ac                DMA2_Stream3_IRQHandler
                0x080093ac                CAN1_RX1_IRQHandler
                0x080093ac                UART5_IRQHandler
                0x080093ac                DMA2_Stream0_IRQHandler
                0x080093ac                TIM4_IRQHandler
                0x080093ac                I2C1_EV_IRQHandler
                0x080093ac                DMA1_Stream6_IRQHandler
                0x080093ac                DMA1_Stream1_IRQHandler
                0x080093ac                UART4_IRQHandler
                0x080093ac                TIM3_IRQHandler
                0x080093ac                RCC_IRQHandler
                0x080093ac                TIM8_BRK_TIM12_IRQHandler
                0x080093ac                Default_Handler
                0x080093ac                EXTI15_10_IRQHandler
                0x080093ac                ADC_IRQHandler
                0x080093ac                DMA1_Stream7_IRQHandler
                0x080093ac                TIM7_IRQHandler
                0x080093ac                CAN2_TX_IRQHandler
                0x080093ac                TIM5_IRQHandler
                0x080093ac                DMA2_Stream7_IRQHandler
                0x080093ac                I2C3_EV_IRQHandler
                0x080093ac                EXTI9_5_IRQHandler
                0x080093ac                RTC_WKUP_IRQHandler
                0x080093ac                ETH_WKUP_IRQHandler
                0x080093ac                SPI2_IRQHandler
                0x080093ac                OTG_HS_EP1_IN_IRQHandler
                0x080093ac                DMA1_Stream0_IRQHandler
                0x080093ac                CAN1_TX_IRQHandler
                0x080093ac                EXTI4_IRQHandler
                0x080093ac                FSMC_IRQHandler
                0x080093ac                ETH_IRQHandler
                0x080093ac                OTG_HS_EP1_OUT_IRQHandler
                0x080093ac                WWDG_IRQHandler
                0x080093ac                TIM2_IRQHandler
                0x080093ac                OTG_FS_WKUP_IRQHandler
                0x080093ac                TIM1_TRG_COM_TIM11_IRQHandler
                0x080093ac                OTG_HS_IRQHandler
                0x080093ac                EXTI1_IRQHandler
                0x080093ac                I2C2_ER_IRQHandler
                0x080093ac                DMA2_Stream1_IRQHandler
                0x080093ac                CAN1_SCE_IRQHandler
                0x080093ac                FLASH_IRQHandler
                0x080093ac                DMA2_Stream4_IRQHandler
                0x080093ac                OTG_FS_IRQHandler
                0x080093ac                SPI3_IRQHandler
                0x080093ac                DMA1_Stream4_IRQHandler
                0x080093ac                I2C1_ER_IRQHandler
                0x080093ac                DMA2_Stream6_IRQHandler
                0x080093ac                DMA1_Stream3_IRQHandler
 *fill*         0x080093ae        0x2 
 .text.__libc_init_array
                0x080093b0       0x48 c:/program files (x86)/atollic/truestudio for stm32 9.3.0/armtools/bin/../lib/gcc/arm-atollic-eabi/6.3.1/../../../../arm-atollic-eabi/lib/armv7e-m/fpu\libc_nano.a(lib_a-init.o)
                0x080093b0                __libc_init_array
 .text.memset   0x080093f8       0x10 c:/program files (x86)/atollic/truestudio for stm32 9.3.0/armtools/bin/../lib/gcc/arm-atollic-eabi/6.3.1/../../../../arm-atollic-eabi/lib/armv7e-m/fpu\libc_nano.a(lib_a-memset.o)
                0x080093f8                memset
 .text.strncmp  0x08009408       0x24 c:/program files (x86)/atollic/truestudio for stm32 9.3.0/armtools/bin/../lib/gcc/arm-atollic-eabi/6.3.1/../../../../arm-atollic-eabi/lib/armv7e-m/fpu\libc_nano.a(lib_a-strncmp.o)
                0x08009408                strncmp
 *(.glue_7)
 .glue_7        0x0800942c        0x0 linker stubs
 *(.glue_7t)
 .glue_7t       0x0800942c        0x0 linker stubs
 *(.eh_frame)
 .eh_frame      0x0800942c        0x0 c:/program files (x86)/atollic/truestudio for stm32 9.3.0/armtools/bin/../lib/gcc/arm-atollic-eabi/6.3.1/armv7e-m/fpu/crtbegin.o
 *(.init)
 .init          0x0800942c        0x4 c:/program files (x86)/atollic/truestudio for stm32 9.3.0/armtools/bin/../lib/gcc/arm-atollic-eabi/6.3.1/armv7e-m/fpu/crti.o
                0x0800942c                _init
 .init          0x08009430        0x8 c:/program files (x86)/atollic/truestudio for stm32 9.3.0/armtools/bin/../lib/gcc/arm-atollic-eabi/6.3.1/armv7e-m/fpu/crtn.o
 *(.fini)
 .fini          0x08009438        0x4 c:/program files (x86)/atollic/truestudio for stm32 9.3.0/armtools/bin/../lib/gcc/arm-atollic-eabi/6.3.1/armv7e-m/fpu/crti.o
                0x08009438                _fini
 .fini          0x0800943c        0x8 c:/program files (x86)/atollic/truestudio for stm32 9.3.0/armtools/bin/../lib/gcc/arm-atollic-eabi/6.3.1/armv7e-m/fpu/crtn.o
                0x08009444                . = ALIGN (0x4)
                0x08009444                _etext = .

.vfp11_veneer   0x08009444        0x0
 .vfp11_veneer  0x08009444        0x0 linker stubs

.v4_bx          0x08009444        0x0
 .v4_bx         0x08009444        0x0 linker stubs

.iplt           0x08009444        0x0
 .iplt          0x08009444        0x0 c:/program files (x86)/atollic/truestudio for stm32 9.3.0/armtools/bin/../lib/gcc/arm-atollic-eabi/6.3.1/armv7e-m/fpu/crtbegin.o

.rodata         0x08009444      0x134
                0x08009444                . = ALIGN (0x4)
 *(.rodata)
 *(.rodata*)
 .rodata.ExCvt  0x08009444       0x80 Middlewares\Third_Party\FatFs\src\ff.o
 .rodata.follow_path.str1.1
                0x080094c4        0xf Middlewares\Third_Party\FatFs\src\ff.o
 .rodata.function15.str1.1
                0x080094d3        0xc Src\modem.o
 .rodata.function17.str1.1
                0x080094df        0xd Src\modem.o
 .rodata.function18.str1.1
                0x080094ec        0xb Src\modem.o
 .rodata.function1_1.str1.1
                0x080094f7        0x5 Src\modem.o
 .rodata.function_10.str1.1
                0x080094fc        0xa Src\modem.o
 .rodata.getDateAndTimeFromGPS.str1.1
                0x08009506        0x8 Src\modem.o
 .rodata.program3.str1.1
                0x0800950e       0x14 Src\modem.o
 .rodata.readDateSD.str1.1
                0x08009522        0x9 Src\modem.o
 .rodata.readDaySD.str1.1
                0x0800952b        0x8 Src\modem.o
 .rodata.readPhaseSD.str1.1
                0x08009533        0xa Src\modem.o
 .rodata.readPlanSD.str1.1
                0x0800953d        0xa Src\modem.o
 .rodata.slaveResponseLORA.str1.1
                0x08009547        0x2 Src\modem.o
 *fill*         0x08009549        0x3 
 .rodata.SD_Driver
                0x0800954c       0x14 Src\sd_diskio.o
                0x0800954c                SD_Driver
 .rodata.AHBPrescTable
                0x08009560       0x10 Src\system_stm32f4xx.o
                0x08009560                AHBPrescTable
 .rodata.APBPrescTable
                0x08009570        0x8 Src\system_stm32f4xx.o
                0x08009570                APBPrescTable
                0x08009578                . = ALIGN (0x4)

.ARM.extab
 *(.ARM.extab* .gnu.linkonce.armextab.*)

.ARM            0x08009578        0x8
                0x08009578                __exidx_start = .
 *(.ARM.exidx*)
 .ARM.exidx     0x08009578        0x8 c:/program files (x86)/atollic/truestudio for stm32 9.3.0/armtools/bin/../lib/gcc/arm-atollic-eabi/6.3.1/armv7e-m/fpu\libgcc.a(_udivmoddi4.o)
                0x08009580                __exidx_end = .

.rel.dyn        0x08009580        0x0
 .rel.iplt      0x08009580        0x0 c:/program files (x86)/atollic/truestudio for stm32 9.3.0/armtools/bin/../lib/gcc/arm-atollic-eabi/6.3.1/armv7e-m/fpu/crtbegin.o

.preinit_array  0x08009580        0x0
                0x08009580                PROVIDE (__preinit_array_start, .)
 *(.preinit_array*)
                0x08009580                PROVIDE (__preinit_array_end, .)

.init_array     0x08009580        0x4
                0x08009580                PROVIDE (__init_array_start, .)
 *(SORT(.init_array.*))
 *(.init_array*)
 .init_array    0x08009580        0x4 c:/program files (x86)/atollic/truestudio for stm32 9.3.0/armtools/bin/../lib/gcc/arm-atollic-eabi/6.3.1/armv7e-m/fpu/crtbegin.o
                0x08009584                PROVIDE (__init_array_end, .)

.fini_array     0x08009584        0x4
                [!provide]                PROVIDE (__fini_array_start, .)
 *(SORT(.fini_array.*))
 *(.fini_array*)
 .fini_array    0x08009584        0x4 c:/program files (x86)/atollic/truestudio for stm32 9.3.0/armtools/bin/../lib/gcc/arm-atollic-eabi/6.3.1/armv7e-m/fpu/crtbegin.o
                [!provide]                PROVIDE (__fini_array_end, .)
                0x08009588                _sidata = LOADADDR (.data)

.data           0x20000000       0x24 load address 0x08009588
                0x20000000                . = ALIGN (0x4)
                0x20000000                _sdata = .
 *(.data)
 *(.data*)
 .data.uwTickFreq
                0x20000000        0x1 Drivers\STM32F4xx_HAL_Driver\Src\stm32f4xx_hal.o
                0x20000000                uwTickFreq
 *fill*         0x20000001        0x3 
 .data.uwTickPrio
                0x20000004        0x4 Drivers\STM32F4xx_HAL_Driver\Src\stm32f4xx_hal.o
                0x20000004                uwTickPrio
 .data.slaveNo  0x20000008        0x4 Src\main.o
                0x20000008                slaveNo
 .data.fileNo   0x2000000c        0x1 Src\modem.o
                0x2000000c                fileNo
 .data.junctionId
                0x2000000d        0x1 Src\modem.o
                0x2000000d                junctionId
 *fill*         0x2000000e        0x2 
 .data.lSec     0x20000010        0x4 Src\modem.o
                0x20000010                lSec
 .data.lsSec    0x20000014        0x4 Src\modem.o
                0x20000014                lsSec
 .data.padestarianTime
                0x20000018        0x4 Src\modem.o
                0x20000018                padestarianTime
 .data.planA5GT
                0x2000001c        0x1 Src\modem.o
                0x2000001c                planA5GT
 .data.planS5GT
                0x2000001d        0x1 Src\modem.o
                0x2000001d                planS5GT
 .data.Stat     0x2000001e        0x1 Src\sd_diskio.o
 *fill*         0x2000001f        0x1 
 .data.SystemCoreClock
                0x20000020        0x4 Src\system_stm32f4xx.o
                0x20000020                SystemCoreClock
                0x20000024                . = ALIGN (0x4)
                0x20000024                _edata = .
                0x080095ac                _siccmram = LOADADDR (.ccmram)

.igot.plt       0x20000024        0x0 load address 0x080095ac
 .igot.plt      0x20000024        0x0 c:/program files (x86)/atollic/truestudio for stm32 9.3.0/armtools/bin/../lib/gcc/arm-atollic-eabi/6.3.1/armv7e-m/fpu/crtbegin.o

.ccmram         0x10000000        0x0 load address 0x080095ac
                0x10000000                . = ALIGN (0x4)
                0x10000000                _sccmram = .
 *(.ccmram)
 *(.ccmram*)
                0x10000000                . = ALIGN (0x4)
                0x10000000                _eccmram = .
                0x10000000                . = ALIGN (0x4)

.bss            0x20000024     0x5898
                0x20000024                _sbss = .
                0x20000024                __bss_start__ = _sbss
 *(.bss)
 .bss           0x20000024       0x1c c:/program files (x86)/atollic/truestudio for stm32 9.3.0/armtools/bin/../lib/gcc/arm-atollic-eabi/6.3.1/armv7e-m/fpu/crtbegin.o
 *(.bss*)
 .bss.FatFs     0x20000040        0x4 Middlewares\Third_Party\FatFs\src\ff.o
 .bss.Files     0x20000044       0x20 Middlewares\Third_Party\FatFs\src\ff.o
 .bss.Fsid      0x20000064        0x2 Middlewares\Third_Party\FatFs\src\ff.o
 *fill*         0x20000066        0x2 
 .bss.disk      0x20000068        0xc Middlewares\Third_Party\FatFs\src\ff_gen_drv.o
                0x20000068                disk
 .bss.i         0x20000074        0x4 Src\eeprom.o
 .bss.CRCValue  0x20000078        0x4 Src\main.o
                0x20000078                CRCValue
 .bss.communicationStatus
                0x2000007c        0x1 Src\main.o
                0x2000007c                communicationStatus
 *fill*         0x2000007d        0x3 
 .bss.crcbits   0x20000080        0x4 Src\main.o
                0x20000080                crcbits
 .bss.functionRec
                0x20000084        0x4 Src\main.o
                0x20000084                functionRec
 .bss.min       0x20000088        0x4 Src\main.o
                0x20000088                min
 .bss.slave1Rsp
                0x2000008c        0x4 Src\main.o
                0x2000008c                slave1Rsp
 .bss.slave1Transmit
                0x20000090        0x4 Src\main.o
                0x20000090                slave1Transmit
 .bss.slave2Rsp
                0x20000094        0x4 Src\main.o
                0x20000094                slave2Rsp
 .bss.slave2Transmit
                0x20000098        0x4 Src\main.o
                0x20000098                slave2Transmit
 .bss.slave3Rsp
                0x2000009c        0x4 Src\main.o
                0x2000009c                slave3Rsp
 .bss.slave3Transmit
                0x200000a0        0x4 Src\main.o
                0x200000a0                slave3Transmit
 .bss.slave4Rsp
                0x200000a4        0x4 Src\main.o
                0x200000a4                slave4Rsp
 .bss.slave4Transmit
                0x200000a8        0x4 Src\main.o
                0x200000a8                slave4Transmit
 .bss.ChangeByte13.10668
                0x200000ac        0x1 Src\modem.o
 *fill*         0x200000ad        0x3 
 .bss.clearance_Mode_Last
                0x200000b0        0x4 Src\modem.o
                0x200000b0                clearance_Mode_Last
 .bss.clearance_Side
                0x200000b4        0x1 Src\modem.o
                0x200000b4                clearance_Side
 .bss.clearenceMode
                0x200000b5        0x1 Src\modem.o
                0x200000b5                clearenceMode
 .bss.clearenceModeLast
                0x200000b6        0x1 Src\modem.o
                0x200000b6                clearenceModeLast
 .bss.clearenceSide
                0x200000b7        0x1 Src\modem.o
                0x200000b7                clearenceSide
 .bss.counterOfPlan
                0x200000b8        0x4 Src\modem.o
                0x200000b8                counterOfPlan
 .bss.dateID    0x200000bc        0x1 Src\modem.o
                0x200000bc                dateID
 .bss.dateSlotNo
                0x200000bd        0x1 Src\modem.o
                0x200000bd                dateSlotNo
 .bss.dayID     0x200000be        0x1 Src\modem.o
                0x200000be                dayID
 .bss.daySlotNo
                0x200000bf        0x1 Src\modem.o
                0x200000bf                daySlotNo
 .bss.eepromAddress
                0x200000c0        0x4 Src\modem.o
                0x200000c0                eepromAddress
 .bss.extendCnt
                0x200000c4        0x4 Src\modem.o
                0x200000c4                extendCnt
 .bss.extendCnt1
                0x200000c8        0x4 Src\modem.o
                0x200000c8                extendCnt1
 .bss.fieldActionFlag
                0x200000cc        0x4 Src\modem.o
                0x200000cc                fieldActionFlag
 .bss.i.10667   0x200000d0        0x1 Src\modem.o
 *fill*         0x200000d1        0x3 
 .bss.incCnt    0x200000d4        0x4 Src\modem.o
                0x200000d4                incCnt
 .bss.isReprogrammed
                0x200000d8        0x4 Src\modem.o
                0x200000d8                isReprogrammed
 .bss.laserOn   0x200000dc        0x4 Src\modem.o
                0x200000dc                laserOn
 .bss.mapIDForCurrentPhases
                0x200000e0        0x4 Src\modem.o
                0x200000e0                mapIDForCurrentPhases
 .bss.noOfDateSlots
                0x200000e4        0x1 Src\modem.o
                0x200000e4                noOfDateSlots
 .bss.noOfDaySlots
                0x200000e5        0x1 Src\modem.o
                0x200000e5                noOfDaySlots
 .bss.noOfPhase
                0x200000e6        0x1 Src\modem.o
                0x200000e6                noOfPhase
 *fill*         0x200000e7        0x1 
 .bss.noOfPhasesInMapID
                0x200000e8        0x4 Src\modem.o
                0x200000e8                noOfPhasesInMapID
 .bss.noOfPlans
                0x200000ec        0x1 Src\modem.o
                0x200000ec                noOfPlans
 .bss.noOfSides
                0x200000ed        0x1 Src\modem.o
                0x200000ed                noOfSides
 *fill*         0x200000ee        0x2 
 .bss.phaseMapCnt
                0x200000f0        0x4 Src\modem.o
                0x200000f0                phaseMapCnt
 .bss.phaseMapCnt1
                0x200000f4        0x4 Src\modem.o
                0x200000f4                phaseMapCnt1
 .bss.pinExtend_High
                0x200000f8        0x4 Src\modem.o
                0x200000f8                pinExtend_High
 .bss.pinExtend_HighLast
                0x200000fc        0x4 Src\modem.o
                0x200000fc                pinExtend_HighLast
 .bss.pinExtend_On
                0x20000100        0x4 Src\modem.o
                0x20000100                pinExtend_On
 .bss.pin_High  0x20000104        0x4 Src\modem.o
                0x20000104                pin_High
 .bss.pin_HighLast
                0x20000108        0x4 Src\modem.o
                0x20000108                pin_HighLast
 .bss.powerStatus
                0x2000010c        0x1 Src\modem.o
                0x2000010c                powerStatus
 .bss.programVersionNo
                0x2000010d        0x1 Src\modem.o
                0x2000010d                programVersionNo
 .bss.programVersionNoLast
                0x2000010e        0x1 Src\modem.o
                0x2000010e                programVersionNoLast
 .bss.registrationStatus
                0x2000010f        0x1 Src\modem.o
                0x2000010f                registrationStatus
 .bss.returnMode
                0x20000110        0x4 Src\modem.o
                0x20000110                returnMode
 .bss.secLast   0x20000114        0x4 Src\modem.o
                0x20000114                secLast
 .bss.test      0x20000118        0x4 Src\modem.o
                0x20000118                test
 .bss.totalNoOfMap
                0x2000011c        0x4 Src\modem.o
                0x2000011c                totalNoOfMap
 .bss.totalNoOfPhases
                0x20000120        0x1 Src\modem.o
                0x20000120                totalNoOfPhases
 *fill*         0x20000121        0x3 
 .bss.totalNoOfPhasesInMapID
                0x20000124        0x4 Src\modem.o
                0x20000124                totalNoOfPhasesInMapID
 .bss.totalNoOfPlans
                0x20000128        0x1 Src\modem.o
                0x20000128                totalNoOfPlans
 .bss.totalPhase
                0x20000129        0x1 Src\modem.o
                0x20000129                totalPhase
 *fill*         0x2000012a        0x2 
 .bss.total_Phases
                0x2000012c        0x4 Src\modem.o
                0x2000012c                total_Phases
 .bss.msgCntr   0x20000130        0x2 Src\msgParse.o
                0x20000130                msgCntr
 .bss.signCntr  0x20000132        0x2 Src\msgParse.o
                0x20000132                signCntr
 .bss.RxCount1  0x20000134        0x2 Src\stm32f4xx_it.o
                0x20000134                RxCount1
 .bss.RxCount2  0x20000136        0x2 Src\stm32f4xx_it.o
                0x20000136                RxCount2
 .bss.RxCount3  0x20000138        0x2 Src\stm32f4xx_it.o
                0x20000138                RxCount3
 .bss.RxCount4  0x2000013a        0x2 Src\stm32f4xx_it.o
                0x2000013a                RxCount4
 .bss.flag1     0x2000013c        0x4 Src\stm32f4xx_it.o
                0x2000013c                flag1
 .bss.flag2     0x20000140        0x4 Src\stm32f4xx_it.o
                0x20000140                flag2
 .bss.flag3     0x20000144        0x4 Src\stm32f4xx_it.o
                0x20000144                flag3
 .bss.flag4     0x20000148        0x4 Src\stm32f4xx_it.o
                0x20000148                flag4
 *(COMMON)
 COMMON         0x2000014c       0x10 Drivers\STM32F4xx_HAL_Driver\Src\stm32f4xx_hal.o
                0x2000014c                millisec1
                0x20000150                uwTick
                0x20000154                sec1
                0x20000158                millisec
 COMMON         0x2000015c      0x195 Src\GPS.o
                0x2000015c                aRxBuffer6
                0x2000023d                frame1
 *fill*         0x200002f1        0x3 
 COMMON         0x200002f4      0x5c8 Src\SDCard.o
                0x200002f4                readBytes
                0x20000454                FatFs
                0x20000684                rres
                0x20000688                fres
                0x2000068c                fil
 COMMON         0x200008bc        0x1 Src\eeprom.o
                0x200008bc                TmpData
 *fill*         0x200008bd        0x3 
 COMMON         0x200008c0      0x468 Src\fatfs.o
                0x200008c0                retSD
                0x200008c1                SDPath
                0x200008c8                SDFile
                0x20000af8                SDFatFS
 COMMON         0x20000d28       0xdc Src\laser.o
                0x20000d28                hcrc
                0x20000d30                LaserPinState
                0x20000d34                sideNo
                0x20000d38                sideGreen
                0x20000d3c                data
 COMMON         0x20000e04      0x7d1 Src\main.o
                0x20000e04                isGreen
                0x20000e08                TimingDelay3
                0x20000e0c                minCounter
                0x20000e10                huart3
                0x20000e50                hi2c1
                0x20000ea4                sTime
                0x20000eb8                msgTx
                0x20000ebc                msgUnPrcd4
                0x20000ec0                laserPinStatusFlag
                0x20000ec4                TimingDelay
                0x20000ec8                aRxBuffer5
                0x20000fa9                Disp1
                0x20000fd4                msgUnPrcd
                0x20000fd8                crcstring
                0x20000fdc                aRxBuffer3
                0x200010bd                Disp
                0x200010e8                huart1
                0x20001128                planTime
                0x2000115a                sDate
                0x20001160                electricSupplyStatus
                0x20001164                TimingDelay2
                0x20001168                hrtc
                0x20001188                byte
                0x2000118c                dataToRead
                0x20001198                TimingDelay5
                0x2000119c                msgUnPrcd3
                0x200011a0                hsd
                0x20001224                aRxBuffer1
                0x20001308                isGreenLast
                0x2000130c                huart6
                0x2000134c                aRxBuffer
                0x20001430                secondLaserPinStatus
                0x20001434                msgUnPrcd1
                0x20001438                aRxBuffer4
                0x2000151c                stringInt
                0x20001580                TimingDelay4
                0x20001584                huart2
                0x200015c4                msgRec
                0x200015c8                signVal
                0x200015cc                TimingDelay1
                0x200015d0                msgUnPrcd5
                0x200015d4                minLast
 *fill*         0x200015d5        0x3 
 COMMON         0x200015d8     0x3ca7 Src\modem.o
                0x200015d8                side4
                0x200015e7                side
                0x200015e8                sideNo1
                0x200015ec                DateLast
                0x200015ed                planS2GT
                0x200015f0                secondaryVerticalByte
                0x20001608                unitPlaceSegment
                0x20001620                side1PoleType
                0x20001624                data1
                0x20001635                leftGreen
                0x20001636                sideNo3_1
                0x20001637                slaveDetails
                0x20001658                sideNo4
                0x2000165c                signVal1
                0x20001660                Flash_Data
                0x20002614                side3
                0x20002623                GPSDay
                0x20002624                Hours
                0x20002625                planOnHr
                0x20002628                test1
                0x200035c8                junctionName
                0x200035d8                primaryVerticalByte
                0x200035f0                secondaryHorizontalByte
                0x20003608                secondaryByteCommand
                0x2000361c                side5
                0x2000362c                state
                0x20003630                plan_ID
                0x20003631                planID
                0x20003634                changeMode
                0x20003638                GPSMin
                0x2000363c                side2PoleType
                0x20003640                Date
                0x20003641                MaxDayOfMonth
                0x20003644                primaryHorizontalByte
                0x2000365c                seekCntForDayAndDate
                0x20003660                cntVal
                0x20003664                secondaryByte
                0x2000367c                programFromBLE
                0x20003680                sideNo2
                0x20003684                phaseMapArray
                0x200036e8                bytesToWriteInSD
                0x2000371c                primaryByte
                0x20003734                inputPinStatus
                0x20003738                phaseNo
                0x2000373c                noOfPhases_Map
                0x20003740                hundredPlaceSegment
                0x20003758                Data
                0x200037bc                planS1GT
                0x200037c0                tenPlaceSegment
                0x200037d8                phaseList
                0x200039cc                mapID
                0x200039cd                changedSide
                0x200039d0                phase_No
                0x200039d4                side2
                0x200039e4                clearanceMode
                0x200039e8                noOfPlansNew
                0x200039ec                GPSHr
                0x200039ed                GPSYear
                0x200039ee                planOnM
                0x200039f0                side5PoleType
                0x200039f4                planA2GT
                0x200039f8                side3PoleType
                0x200039fc                planS3GT
                0x200039fd                GPSMonth
                0x200039fe                phaseMapIDList
                0x20003ac8                side4PoleType
                0x20003acc                phase_ID
                0x20003acd                planNo
                0x20003ad0                count
                0x20003ad4                Year
                0x20003ad5                sideNo2_1
                0x20003ad6                planA3GT
                0x20003ad7                planOffM
                0x20003ad8                sideNo3
                0x20003adc                checkServerJumpExtend
                0x20003ae0                planA4GT
                0x20003ae1                frame
                0x20003b95                planDetailsArray
                0x20003c2b                planS4GT
                0x20003c2c                planA1GT
                0x20003c30                primaryByteCommand
                0x20003c44                currentPlanPhases
                0x20003d40                AddressOfPhase
                0x20003d44                dateSlot
                0x20003d50                serverMode
                0x20003d54                Month
                0x20003d55                first
                0x20003d66                Map_IDCurrent
                0x20003d98                crcVal
                0x20003d9d                sideNo4_1
                0x20003da0                a
                0x20004d40                phaseData
                0x200051f0                planOffHr
                0x200051f1                Minutes
                0x200051f2                planMode
                0x200051f3                Seconds
                0x200051f4                clearance_Mode
                0x200051f5                side1
                0x20005204                GPSSec
                0x20005205                sideNo1_1
                0x20005206                Color
                0x2000526a                signalData
                0x2000527e                pedestrainByte
 COMMON         0x2000527f      0x154 Src\msgParse.o
                0x2000527f                sign
                0x200052f2                string
 *fill*         0x200053d3        0x1 
 COMMON         0x200053d4      0x4e8 Src\stm32f4xx_it.o
                0x200053d4                RecMsg4
                0x200054ce                RecMsg2
                0x200055c8                RecMsg5
                0x200056c2                RecMsg3
                0x200057bc                RecMsg1
                0x200058b8                pointerOfArray
                0x200058bc                . = ALIGN (0x4)
                0x200058bc                _ebss = .
                0x200058bc                __bss_end__ = _ebss

._user_heap_stack
                0x200058bc      0x600
                0x200058bc                . = ALIGN (0x4)
                0x200058bc                PROVIDE (end, .)
                [!provide]                PROVIDE (_end, .)
                0x20005abc                . = (. + _Min_Heap_Size)
 *fill*         0x200058bc      0x200 
                0x20005ebc                . = (. + _Min_Stack_Size)
 *fill*         0x20005abc      0x400 
                0x20005ebc                . = ALIGN (0x4)

/DISCARD/
 libc.a(*)
 libm.a(*)
 libgcc.a(*)

.ARM.attributes
                0x00000000       0x30
 *(.ARM.attributes)
 .ARM.attributes
                0x00000000       0x22 c:/program files (x86)/atollic/truestudio for stm32 9.3.0/armtools/bin/../lib/gcc/arm-atollic-eabi/6.3.1/armv7e-m/fpu/crti.o
 .ARM.attributes
                0x00000022       0x34 c:/program files (x86)/atollic/truestudio for stm32 9.3.0/armtools/bin/../lib/gcc/arm-atollic-eabi/6.3.1/armv7e-m/fpu/crtbegin.o
 .ARM.attributes
                0x00000056       0x39 Drivers\STM32F4xx_HAL_Driver\Src\stm32f4xx_hal.o
 .ARM.attributes
                0x0000008f       0x39 Drivers\STM32F4xx_HAL_Driver\Src\stm32f4xx_hal_cortex.o
 .ARM.attributes
                0x000000c8       0x39 Drivers\STM32F4xx_HAL_Driver\Src\stm32f4xx_hal_crc.o
 .ARM.attributes
                0x00000101       0x39 Drivers\STM32F4xx_HAL_Driver\Src\stm32f4xx_hal_dma.o
 .ARM.attributes
                0x0000013a       0x39 Drivers\STM32F4xx_HAL_Driver\Src\stm32f4xx_hal_gpio.o
 .ARM.attributes
                0x00000173       0x39 Drivers\STM32F4xx_HAL_Driver\Src\stm32f4xx_hal_i2c.o
 .ARM.attributes
                0x000001ac       0x39 Drivers\STM32F4xx_HAL_Driver\Src\stm32f4xx_hal_rcc.o
 .ARM.attributes
                0x000001e5       0x39 Drivers\STM32F4xx_HAL_Driver\Src\stm32f4xx_hal_rcc_ex.o
 .ARM.attributes
                0x0000021e       0x39 Drivers\STM32F4xx_HAL_Driver\Src\stm32f4xx_hal_rtc.o
 .ARM.attributes
                0x00000257       0x39 Drivers\STM32F4xx_HAL_Driver\Src\stm32f4xx_hal_sd.o
 .ARM.attributes
                0x00000290       0x39 Drivers\STM32F4xx_HAL_Driver\Src\stm32f4xx_hal_uart.o
 .ARM.attributes
                0x000002c9       0x39 Drivers\STM32F4xx_HAL_Driver\Src\stm32f4xx_ll_sdmmc.o
 .ARM.attributes
                0x00000302       0x39 Middlewares\Third_Party\FatFs\src\diskio.o
 .ARM.attributes
                0x0000033b       0x39 Middlewares\Third_Party\FatFs\src\ff.o
 .ARM.attributes
                0x00000374       0x39 Middlewares\Third_Party\FatFs\src\ff_gen_drv.o
 .ARM.attributes
                0x000003ad       0x39 Src\GPS.o
 .ARM.attributes
                0x000003e6       0x39 Src\SDCard.o
 .ARM.attributes
                0x0000041f       0x39 Src\bsp_driver_sd.o
 .ARM.attributes
                0x00000458       0x39 Src\eeprom.o
 .ARM.attributes
                0x00000491       0x39 Src\fatfs.o
 .ARM.attributes
                0x000004ca       0x39 Src\interrupt.o
 .ARM.attributes
                0x00000503       0x39 Src\laser.o
 .ARM.attributes
                0x0000053c       0x39 Src\main.o
 .ARM.attributes
                0x00000575       0x39 Src\modem.o
 .ARM.attributes
                0x000005ae       0x39 Src\msgParse.o
 .ARM.attributes
                0x000005e7       0x39 Src\sd_diskio.o
 .ARM.attributes
                0x00000620       0x39 Src\stm32f4xx_hal_msp.o
 .ARM.attributes
                0x00000659       0x39 Src\stm32f4xx_it.o
 .ARM.attributes
                0x00000692       0x39 Src\system_stm32f4xx.o
 .ARM.attributes
                0x000006cb       0x21 startup\startup_stm32f407xx.o
 .ARM.attributes
                0x000006ec       0x34 c:/program files (x86)/atollic/truestudio for stm32 9.3.0/armtools/bin/../lib/gcc/arm-atollic-eabi/6.3.1/../../../../arm-atollic-eabi/lib/armv7e-m/fpu\libc_nano.a(lib_a-init.o)
 .ARM.attributes
                0x00000720       0x34 c:/program files (x86)/atollic/truestudio for stm32 9.3.0/armtools/bin/../lib/gcc/arm-atollic-eabi/6.3.1/../../../../arm-atollic-eabi/lib/armv7e-m/fpu\libc_nano.a(lib_a-memset.o)
 .ARM.attributes
                0x00000754       0x34 c:/program files (x86)/atollic/truestudio for stm32 9.3.0/armtools/bin/../lib/gcc/arm-atollic-eabi/6.3.1/../../../../arm-atollic-eabi/lib/armv7e-m/fpu\libc_nano.a(lib_a-strncmp.o)
 .ARM.attributes
                0x00000788       0x22 c:/program files (x86)/atollic/truestudio for stm32 9.3.0/armtools/bin/../lib/gcc/arm-atollic-eabi/6.3.1/armv7e-m/fpu\libgcc.a(_aeabi_uldivmod.o)
 .ARM.attributes
                0x000007aa       0x34 c:/program files (x86)/atollic/truestudio for stm32 9.3.0/armtools/bin/../lib/gcc/arm-atollic-eabi/6.3.1/armv7e-m/fpu\libgcc.a(_udivmoddi4.o)
 .ARM.attributes
                0x000007de       0x22 c:/program files (x86)/atollic/truestudio for stm32 9.3.0/armtools/bin/../lib/gcc/arm-atollic-eabi/6.3.1/armv7e-m/fpu\libgcc.a(_dvmd_tls.o)
 .ARM.attributes
                0x00000800       0x22 c:/program files (x86)/atollic/truestudio for stm32 9.3.0/armtools/bin/../lib/gcc/arm-atollic-eabi/6.3.1/armv7e-m/fpu/crtn.o
OUTPUT(Master1.3.elf elf32-littlearm)

.debug_info     0x00000000    0x27a21
 .debug_info    0x00000000      0xa35 Drivers\STM32F4xx_HAL_Driver\Src\stm32f4xx_hal.o
 .debug_info    0x00000a35      0xf39 Drivers\STM32F4xx_HAL_Driver\Src\stm32f4xx_hal_cortex.o
 .debug_info    0x0000196e      0x41e Drivers\STM32F4xx_HAL_Driver\Src\stm32f4xx_hal_crc.o
 .debug_info    0x00001d8c      0xa4c Drivers\STM32F4xx_HAL_Driver\Src\stm32f4xx_hal_dma.o
 .debug_info    0x000027d8      0x775 Drivers\STM32F4xx_HAL_Driver\Src\stm32f4xx_hal_gpio.o
 .debug_info    0x00002f4d     0x334f Drivers\STM32F4xx_HAL_Driver\Src\stm32f4xx_hal_i2c.o
 .debug_info    0x0000629c      0xa57 Drivers\STM32F4xx_HAL_Driver\Src\stm32f4xx_hal_rcc.o
 .debug_info    0x00006cf3      0x663 Drivers\STM32F4xx_HAL_Driver\Src\stm32f4xx_hal_rcc_ex.o
 .debug_info    0x00007356      0xe86 Drivers\STM32F4xx_HAL_Driver\Src\stm32f4xx_hal_rtc.o
 .debug_info    0x000081dc     0x2292 Drivers\STM32F4xx_HAL_Driver\Src\stm32f4xx_hal_sd.o
 .debug_info    0x0000a46e     0x16c9 Drivers\STM32F4xx_HAL_Driver\Src\stm32f4xx_hal_uart.o
 .debug_info    0x0000bb37     0x16d3 Drivers\STM32F4xx_HAL_Driver\Src\stm32f4xx_ll_sdmmc.o
 .debug_info    0x0000d20a      0xcc9 Middlewares\Third_Party\FatFs\src\diskio.o
 .debug_info    0x0000ded3     0x5037 Middlewares\Third_Party\FatFs\src\ff.o
 .debug_info    0x00012f0a      0xcff Middlewares\Third_Party\FatFs\src\ff_gen_drv.o
 .debug_info    0x00013c09     0x1445 Src\GPS.o
 .debug_info    0x0001504e     0x115d Src\SDCard.o
 .debug_info    0x000161ab      0xc41 Src\bsp_driver_sd.o
 .debug_info    0x00016dec     0x1050 Src\eeprom.o
 .debug_info    0x00017e3c      0xd54 Src\fatfs.o
 .debug_info    0x00018b90      0x5eb Src\interrupt.o
 .debug_info    0x0001917b     0x11e3 Src\laser.o
 .debug_info    0x0001a35e     0x2e6c Src\main.o
 .debug_info    0x0001d1ca     0x6e00 Src\modem.o
 .debug_info    0x00023fca      0x21f Src\msgParse.o
 .debug_info    0x000241e9      0xee9 Src\sd_diskio.o
 .debug_info    0x000250d2     0x1a9c Src\stm32f4xx_hal_msp.o
 .debug_info    0x00026b6e      0x909 Src\stm32f4xx_it.o
 .debug_info    0x00027477      0x50a Src\system_stm32f4xx.o
 .debug_info    0x00027981       0xa0 startup\startup_stm32f407xx.o

.debug_abbrev   0x00000000     0x4723
 .debug_abbrev  0x00000000      0x24e Drivers\STM32F4xx_HAL_Driver\Src\stm32f4xx_hal.o
 .debug_abbrev  0x0000024e      0x314 Drivers\STM32F4xx_HAL_Driver\Src\stm32f4xx_hal_cortex.o
 .debug_abbrev  0x00000562      0x1c3 Drivers\STM32F4xx_HAL_Driver\Src\stm32f4xx_hal_crc.o
 .debug_abbrev  0x00000725      0x2e8 Drivers\STM32F4xx_HAL_Driver\Src\stm32f4xx_hal_dma.o
 .debug_abbrev  0x00000a0d      0x1ef Drivers\STM32F4xx_HAL_Driver\Src\stm32f4xx_hal_gpio.o
 .debug_abbrev  0x00000bfc      0x399 Drivers\STM32F4xx_HAL_Driver\Src\stm32f4xx_hal_i2c.o
 .debug_abbrev  0x00000f95      0x2cb Drivers\STM32F4xx_HAL_Driver\Src\stm32f4xx_hal_rcc.o
 .debug_abbrev  0x00001260      0x172 Drivers\STM32F4xx_HAL_Driver\Src\stm32f4xx_hal_rcc_ex.o
 .debug_abbrev  0x000013d2      0x240 Drivers\STM32F4xx_HAL_Driver\Src\stm32f4xx_hal_rtc.o
 .debug_abbrev  0x00001612      0x35a Drivers\STM32F4xx_HAL_Driver\Src\stm32f4xx_hal_sd.o
 .debug_abbrev  0x0000196c      0x2fb Drivers\STM32F4xx_HAL_Driver\Src\stm32f4xx_hal_uart.o
 .debug_abbrev  0x00001c67      0x2ae Drivers\STM32F4xx_HAL_Driver\Src\stm32f4xx_ll_sdmmc.o
 .debug_abbrev  0x00001f15      0x23d Middlewares\Third_Party\FatFs\src\diskio.o
 .debug_abbrev  0x00002152      0x3ed Middlewares\Third_Party\FatFs\src\ff.o
 .debug_abbrev  0x0000253f      0x2a5 Middlewares\Third_Party\FatFs\src\ff_gen_drv.o
 .debug_abbrev  0x000027e4      0x209 Src\GPS.o
 .debug_abbrev  0x000029ed      0x247 Src\SDCard.o
 .debug_abbrev  0x00002c34      0x2c8 Src\bsp_driver_sd.o
 .debug_abbrev  0x00002efc      0x1f9 Src\eeprom.o
 .debug_abbrev  0x000030f5      0x204 Src\fatfs.o
 .debug_abbrev  0x000032f9      0x155 Src\interrupt.o
 .debug_abbrev  0x0000344e      0x279 Src\laser.o
 .debug_abbrev  0x000036c7      0x325 Src\main.o
 .debug_abbrev  0x000039ec      0x40b Src\modem.o
 .debug_abbrev  0x00003df7      0x101 Src\msgParse.o
 .debug_abbrev  0x00003ef8      0x2dd Src\sd_diskio.o
 .debug_abbrev  0x000041d5      0x260 Src\stm32f4xx_hal_msp.o
 .debug_abbrev  0x00004435      0x1ce Src\stm32f4xx_it.o
 .debug_abbrev  0x00004603      0x10e Src\system_stm32f4xx.o
 .debug_abbrev  0x00004711       0x12 startup\startup_stm32f407xx.o

.debug_loc      0x00000000    0x12326
 .debug_loc     0x00000000      0x11b Drivers\STM32F4xx_HAL_Driver\Src\stm32f4xx_hal.o
 .debug_loc     0x0000011b      0x4fb Drivers\STM32F4xx_HAL_Driver\Src\stm32f4xx_hal_cortex.o
 .debug_loc     0x00000616      0x1d5 Drivers\STM32F4xx_HAL_Driver\Src\stm32f4xx_hal_crc.o
 .debug_loc     0x000007eb      0x727 Drivers\STM32F4xx_HAL_Driver\Src\stm32f4xx_hal_dma.o
 .debug_loc     0x00000f12      0x36d Drivers\STM32F4xx_HAL_Driver\Src\stm32f4xx_hal_gpio.o
 .debug_loc     0x0000127f     0x2f30 Drivers\STM32F4xx_HAL_Driver\Src\stm32f4xx_hal_i2c.o
 .debug_loc     0x000041af      0x336 Drivers\STM32F4xx_HAL_Driver\Src\stm32f4xx_hal_rcc.o
 .debug_loc     0x000044e5      0x2cf Drivers\STM32F4xx_HAL_Driver\Src\stm32f4xx_hal_rcc_ex.o
 .debug_loc     0x000047b4      0x821 Drivers\STM32F4xx_HAL_Driver\Src\stm32f4xx_hal_rtc.o
 .debug_loc     0x00004fd5     0x1b7d Drivers\STM32F4xx_HAL_Driver\Src\stm32f4xx_hal_sd.o
 .debug_loc     0x00006b52     0x1335 Drivers\STM32F4xx_HAL_Driver\Src\stm32f4xx_hal_uart.o
 .debug_loc     0x00007e87      0xedf Drivers\STM32F4xx_HAL_Driver\Src\stm32f4xx_ll_sdmmc.o
 .debug_loc     0x00008d66      0x1c6 Middlewares\Third_Party\FatFs\src\diskio.o
 .debug_loc     0x00008f2c     0x516a Middlewares\Third_Party\FatFs\src\ff.o
 .debug_loc     0x0000e096      0x216 Middlewares\Third_Party\FatFs\src\ff_gen_drv.o
 .debug_loc     0x0000e2ac      0x273 Src\SDCard.o
 .debug_loc     0x0000e51f      0x41e Src\bsp_driver_sd.o
 .debug_loc     0x0000e93d      0x12e Src\eeprom.o
 .debug_loc     0x0000ea6b      0x215 Src\laser.o
 .debug_loc     0x0000ec80     0x2f4a Src\modem.o
 .debug_loc     0x00011bca       0xfd Src\msgParse.o
 .debug_loc     0x00011cc7      0x3a5 Src\sd_diskio.o
 .debug_loc     0x0001206c      0x19e Src\stm32f4xx_hal_msp.o
 .debug_loc     0x0001220a      0x11c Src\system_stm32f4xx.o

.debug_aranges  0x00000000     0x1400
 .debug_aranges
                0x00000000       0xe8 Drivers\STM32F4xx_HAL_Driver\Src\stm32f4xx_hal.o
 .debug_aranges
                0x000000e8       0xa8 Drivers\STM32F4xx_HAL_Driver\Src\stm32f4xx_hal_cortex.o
 .debug_aranges
                0x00000190       0x48 Drivers\STM32F4xx_HAL_Driver\Src\stm32f4xx_hal_crc.o
 .debug_aranges
                0x000001d8       0x80 Drivers\STM32F4xx_HAL_Driver\Src\stm32f4xx_hal_dma.o
 .debug_aranges
                0x00000258       0x58 Drivers\STM32F4xx_HAL_Driver\Src\stm32f4xx_hal_gpio.o
 .debug_aranges
                0x000002b0      0x1b0 Drivers\STM32F4xx_HAL_Driver\Src\stm32f4xx_hal_i2c.o
 .debug_aranges
                0x00000460       0x88 Drivers\STM32F4xx_HAL_Driver\Src\stm32f4xx_hal_rcc.o
 .debug_aranges
                0x000004e8       0x48 Drivers\STM32F4xx_HAL_Driver\Src\stm32f4xx_hal_rcc_ex.o
 .debug_aranges
                0x00000530       0xa8 Drivers\STM32F4xx_HAL_Driver\Src\stm32f4xx_hal_rtc.o
 .debug_aranges
                0x000005d8       0xf8 Drivers\STM32F4xx_HAL_Driver\Src\stm32f4xx_hal_sd.o
 .debug_aranges
                0x000006d0      0x170 Drivers\STM32F4xx_HAL_Driver\Src\stm32f4xx_hal_uart.o
 .debug_aranges
                0x00000840      0x150 Drivers\STM32F4xx_HAL_Driver\Src\stm32f4xx_ll_sdmmc.o
 .debug_aranges
                0x00000990       0x48 Middlewares\Third_Party\FatFs\src\diskio.o
 .debug_aranges
                0x000009d8      0x1b8 Middlewares\Third_Party\FatFs\src\ff.o
 .debug_aranges
                0x00000b90       0x40 Middlewares\Third_Party\FatFs\src\ff_gen_drv.o
 .debug_aranges
                0x00000bd0       0x30 Src\GPS.o
 .debug_aranges
                0x00000c00       0x48 Src\SDCard.o
 .debug_aranges
                0x00000c48       0xa8 Src\bsp_driver_sd.o
 .debug_aranges
                0x00000cf0       0x38 Src\eeprom.o
 .debug_aranges
                0x00000d28       0x28 Src\fatfs.o
 .debug_aranges
                0x00000d50       0x20 Src\interrupt.o
 .debug_aranges
                0x00000d70       0xa8 Src\laser.o
 .debug_aranges
                0x00000e18       0x60 Src\main.o
 .debug_aranges
                0x00000e78      0x3f0 Src\modem.o
 .debug_aranges
                0x00001268       0x28 Src\msgParse.o
 .debug_aranges
                0x00001290       0x48 Src\sd_diskio.o
 .debug_aranges
                0x000012d8       0x70 Src\stm32f4xx_hal_msp.o
 .debug_aranges
                0x00001348       0x68 Src\stm32f4xx_it.o
 .debug_aranges
                0x000013b0       0x28 Src\system_stm32f4xx.o
 .debug_aranges
                0x000013d8       0x28 startup\startup_stm32f407xx.o

.debug_ranges   0x00000000     0x21d0
 .debug_ranges  0x00000000       0xd8 Drivers\STM32F4xx_HAL_Driver\Src\stm32f4xx_hal.o
 .debug_ranges  0x000000d8      0x128 Drivers\STM32F4xx_HAL_Driver\Src\stm32f4xx_hal_cortex.o
 .debug_ranges  0x00000200       0x38 Drivers\STM32F4xx_HAL_Driver\Src\stm32f4xx_hal_crc.o
 .debug_ranges  0x00000238       0xc8 Drivers\STM32F4xx_HAL_Driver\Src\stm32f4xx_hal_dma.o
 .debug_ranges  0x00000300       0x68 Drivers\STM32F4xx_HAL_Driver\Src\stm32f4xx_hal_gpio.o
 .debug_ranges  0x00000368      0x3d0 Drivers\STM32F4xx_HAL_Driver\Src\stm32f4xx_hal_i2c.o
 .debug_ranges  0x00000738       0xb0 Drivers\STM32F4xx_HAL_Driver\Src\stm32f4xx_hal_rcc.o
 .debug_ranges  0x000007e8       0x50 Drivers\STM32F4xx_HAL_Driver\Src\stm32f4xx_hal_rcc_ex.o
 .debug_ranges  0x00000838       0x98 Drivers\STM32F4xx_HAL_Driver\Src\stm32f4xx_hal_rtc.o
 .debug_ranges  0x000008d0      0x1f8 Drivers\STM32F4xx_HAL_Driver\Src\stm32f4xx_hal_sd.o
 .debug_ranges  0x00000ac8      0x178 Drivers\STM32F4xx_HAL_Driver\Src\stm32f4xx_hal_uart.o
 .debug_ranges  0x00000c40      0x1b8 Drivers\STM32F4xx_HAL_Driver\Src\stm32f4xx_ll_sdmmc.o
 .debug_ranges  0x00000df8       0x38 Middlewares\Third_Party\FatFs\src\diskio.o
 .debug_ranges  0x00000e30      0x430 Middlewares\Third_Party\FatFs\src\ff.o
 .debug_ranges  0x00001260       0x30 Middlewares\Third_Party\FatFs\src\ff_gen_drv.o
 .debug_ranges  0x00001290       0x20 Src\GPS.o
 .debug_ranges  0x000012b0       0x38 Src\SDCard.o
 .debug_ranges  0x000012e8       0x98 Src\bsp_driver_sd.o
 .debug_ranges  0x00001380       0x28 Src\eeprom.o
 .debug_ranges  0x000013a8       0x18 Src\fatfs.o
 .debug_ranges  0x000013c0       0x10 Src\interrupt.o
 .debug_ranges  0x000013d0       0xe0 Src\laser.o
 .debug_ranges  0x000014b0       0xa8 Src\main.o
 .debug_ranges  0x00001558      0xa58 Src\modem.o
 .debug_ranges  0x00001fb0       0x18 Src\msgParse.o
 .debug_ranges  0x00001fc8       0x50 Src\sd_diskio.o
 .debug_ranges  0x00002018      0x128 Src\stm32f4xx_hal_msp.o
 .debug_ranges  0x00002140       0x58 Src\stm32f4xx_it.o
 .debug_ranges  0x00002198       0x18 Src\system_stm32f4xx.o
 .debug_ranges  0x000021b0       0x20 startup\startup_stm32f407xx.o

.debug_line     0x00000000     0xca3b
 .debug_line    0x00000000      0x42e Drivers\STM32F4xx_HAL_Driver\Src\stm32f4xx_hal.o
 .debug_line    0x0000042e      0x456 Drivers\STM32F4xx_HAL_Driver\Src\stm32f4xx_hal_cortex.o
 .debug_line    0x00000884      0x2b3 Drivers\STM32F4xx_HAL_Driver\Src\stm32f4xx_hal_crc.o
 .debug_line    0x00000b37      0x56f Drivers\STM32F4xx_HAL_Driver\Src\stm32f4xx_hal_dma.o
 .debug_line    0x000010a6      0x3e4 Drivers\STM32F4xx_HAL_Driver\Src\stm32f4xx_hal_gpio.o
 .debug_line    0x0000148a     0x1bf1 Drivers\STM32F4xx_HAL_Driver\Src\stm32f4xx_hal_i2c.o
 .debug_line    0x0000307b      0x4f4 Drivers\STM32F4xx_HAL_Driver\Src\stm32f4xx_hal_rcc.o
 .debug_line    0x0000356f      0x396 Drivers\STM32F4xx_HAL_Driver\Src\stm32f4xx_hal_rcc_ex.o
 .debug_line    0x00003905      0x60e Drivers\STM32F4xx_HAL_Driver\Src\stm32f4xx_hal_rtc.o
 .debug_line    0x00003f13      0xa05 Drivers\STM32F4xx_HAL_Driver\Src\stm32f4xx_hal_sd.o
 .debug_line    0x00004918      0xb76 Drivers\STM32F4xx_HAL_Driver\Src\stm32f4xx_hal_uart.o
 .debug_line    0x0000548e      0x6fa Drivers\STM32F4xx_HAL_Driver\Src\stm32f4xx_ll_sdmmc.o
 .debug_line    0x00005b88      0x336 Middlewares\Third_Party\FatFs\src\diskio.o
 .debug_line    0x00005ebe     0x12d5 Middlewares\Third_Party\FatFs\src\ff.o
 .debug_line    0x00007193      0x33d Middlewares\Third_Party\FatFs\src\ff_gen_drv.o
 .debug_line    0x000074d0      0x482 Src\GPS.o
 .debug_line    0x00007952      0x382 Src\SDCard.o
 .debug_line    0x00007cd4      0x35d Src\bsp_driver_sd.o
 .debug_line    0x00008031      0x2e1 Src\eeprom.o
 .debug_line    0x00008312      0x314 Src\fatfs.o
 .debug_line    0x00008626      0x20e Src\interrupt.o
 .debug_line    0x00008834      0x5fe Src\laser.o
 .debug_line    0x00008e32      0x5ee Src\main.o
 .debug_line    0x00009420     0x2698 Src\modem.o
 .debug_line    0x0000bab8      0x1d8 Src\msgParse.o
 .debug_line    0x0000bc90      0x3cf Src\sd_diskio.o
 .debug_line    0x0000c05f      0x45b Src\stm32f4xx_hal_msp.o
 .debug_line    0x0000c4ba      0x324 Src\stm32f4xx_it.o
 .debug_line    0x0000c7de      0x1de Src\system_stm32f4xx.o
 .debug_line    0x0000c9bc       0x7f startup\startup_stm32f407xx.o

.debug_str      0x00000000     0x6795
 .debug_str     0x00000000      0xb82 Drivers\STM32F4xx_HAL_Driver\Src\stm32f4xx_hal.o
                                0xbf5 (size before relaxing)
 .debug_str     0x00000b82      0x4a8 Drivers\STM32F4xx_HAL_Driver\Src\stm32f4xx_hal_cortex.o
                                0xca8 (size before relaxing)
 .debug_str     0x0000102a      0x19d Drivers\STM32F4xx_HAL_Driver\Src\stm32f4xx_hal_crc.o
                                0x431 (size before relaxing)
 .debug_str     0x000011c7      0x4f4 Drivers\STM32F4xx_HAL_Driver\Src\stm32f4xx_hal_dma.o
                                0x7f4 (size before relaxing)
 .debug_str     0x000016bb      0x1c1 Drivers\STM32F4xx_HAL_Driver\Src\stm32f4xx_hal_gpio.o
                                0x56e (size before relaxing)
 .debug_str     0x0000187c      0xaee Drivers\STM32F4xx_HAL_Driver\Src\stm32f4xx_hal_i2c.o
                               0x107b (size before relaxing)
 .debug_str     0x0000236a      0x2c9 Drivers\STM32F4xx_HAL_Driver\Src\stm32f4xx_hal_rcc.o
                                0x741 (size before relaxing)
 .debug_str     0x00002633      0x179 Drivers\STM32F4xx_HAL_Driver\Src\stm32f4xx_hal_rcc_ex.o
                                0x53a (size before relaxing)
 .debug_str     0x000027ac      0x48f Drivers\STM32F4xx_HAL_Driver\Src\stm32f4xx_hal_rtc.o
                                0x7c3 (size before relaxing)
 .debug_str     0x00002c3b      0xc28 Drivers\STM32F4xx_HAL_Driver\Src\stm32f4xx_hal_sd.o
                               0x11f6 (size before relaxing)
 .debug_str     0x00003863      0x695 Drivers\STM32F4xx_HAL_Driver\Src\stm32f4xx_hal_uart.o
                                0xc96 (size before relaxing)
 .debug_str     0x00003ef8      0x1fc Drivers\STM32F4xx_HAL_Driver\Src\stm32f4xx_ll_sdmmc.o
                                0x855 (size before relaxing)
 .debug_str     0x000040f4      0x4d7 Middlewares\Third_Party\FatFs\src\diskio.o
                                0x770 (size before relaxing)
 .debug_str     0x000045cb      0x5bd Middlewares\Third_Party\FatFs\src\ff.o
                                0xcf8 (size before relaxing)
 .debug_str     0x00004b88       0xa2 Middlewares\Third_Party\FatFs\src\ff_gen_drv.o