Archive member included to satisfy reference by file (symbol)

c:/program files (x86)/atollic/truestudio for stm32 9.3.0/armtools/bin/../lib/gcc/arm-atollic-eabi/6.3.1/../../../../arm-atollic-eabi/lib/armv7e-m/fpu\libc_nano.a(lib_a-errno.o)
                              Src\syscalls.o (__errno)
c:/program files (x86)/atollic/truestudio for stm32 9.3.0/armtools/bin/../lib/gcc/arm-atollic-eabi/6.3.1/../../../../arm-atollic-eabi/lib/armv7e-m/fpu\libc_nano.a(lib_a-impure.o)
                              c:/program files (x86)/atollic/truestudio for stm32 9.3.0/armtools/bin/../lib/gcc/arm-atollic-eabi/6.3.1/../../../../arm-atollic-eabi/lib/armv7e-m/fpu\libc_nano.a(lib_a-errno.o) (_impure_ptr)
c:/program files (x86)/atollic/truestudio for stm32 9.3.0/armtools/bin/../lib/gcc/arm-atollic-eabi/6.3.1/../../../../arm-atollic-eabi/lib/armv7e-m/fpu\libc_nano.a(lib_a-init.o)
                              startup\startup_stm32f407xx.o (__libc_init_array)
c:/program files (x86)/atollic/truestudio for stm32 9.3.0/armtools/bin/../lib/gcc/arm-atollic-eabi/6.3.1/../../../../arm-atollic-eabi/lib/armv7e-m/fpu\libc_nano.a(lib_a-memset.o)
                              Src\main.o (memset)
c:/program files (x86)/atollic/truestudio for stm32 9.3.0/armtools/bin/../lib/gcc/arm-atollic-eabi/6.3.1/../../../../arm-atollic-eabi/lib/armv7e-m/fpu\libc_nano.a(lib_a-strncmp.o)
                              Src\modem.o (strncmp)
c:/program files (x86)/atollic/truestudio for stm32 9.3.0/armtools/bin/../lib/gcc/arm-atollic-eabi/6.3.1/armv7e-m/fpu\libgcc.a(_aeabi_uldivmod.o)
                              Drivers\STM32F4xx_HAL_Driver\Src\stm32f4xx_hal_rcc.o (__aeabi_uldivmod)
c:/program files (x86)/atollic/truestudio for stm32 9.3.0/armtools/bin/../lib/gcc/arm-atollic-eabi/6.3.1/armv7e-m/fpu\libgcc.a(_udivmoddi4.o)
                              c:/program files (x86)/atollic/truestudio for stm32 9.3.0/armtools/bin/../lib/gcc/arm-atollic-eabi/6.3.1/armv7e-m/fpu\libgcc.a(_aeabi_uldivmod.o) (__udivmoddi4)
c:/program files (x86)/atollic/truestudio for stm32 9.3.0/armtools/bin/../lib/gcc/arm-atollic-eabi/6.3.1/armv7e-m/fpu\libgcc.a(_dvmd_tls.o)
                              c:/program files (x86)/atollic/truestudio for stm32 9.3.0/armtools/bin/../lib/gcc/arm-atollic-eabi/6.3.1/armv7e-m/fpu\libgcc.a(_aeabi_uldivmod.o) (__aeabi_ldiv0)

Allocating common symbols
Common symbol       size              file

sign                0x73              Src\msgParse.o
aRxBuffer6          0xe1              Src\GPS.o
retSD               0x1               Src\fatfs.o
side4               0xf               Src\modem.o
isGreen             0x4               Src\main.o
side                0x1               Src\modem.o
sideNo1             0x4               Src\modem.o
readBytes           0x15e             Src\SDCard.o
DateLast            0x1               Src\modem.o
planS2GT            0x1               Src\modem.o
secondaryVerticalByte
                    0x18              Src\modem.o
unitPlaceSegment    0x18              Src\modem.o
side1PoleType       0x4               Src\modem.o
TempFlashWord       0x4               Src\flash.o
data1               0x11              Src\modem.o
leftGreen           0x1               Src\modem.o
sideNo3_1           0x1               Src\modem.o
slaveDetails        0x1e              Src\modem.o
TimingDelay3        0x4               Src\main.o
minCounter          0x4               Src\main.o
huart3              0x40              Src\main.o
RecMsg4             0xfa              Src\stm32f4xx_it.o
sideNo4             0x4               Src\modem.o
TempFlashWordArray  0x14              Src\flash.o
millisec1           0x4               Drivers\STM32F4xx_HAL_Driver\Src\stm32f4xx_hal.o
FatFs               0x230             Src\SDCard.o
signVal1            0x4               Src\modem.o
Flash_Data          0xfb4             Src\modem.o
hi2c1               0x54              Src\main.o
sTime               0x14              Src\main.o
hcrc                0x8               Src\laser.o
side3               0xf               Src\modem.o
GPSDay              0x1               Src\modem.o
Hours               0x1               Src\modem.o
LaserPinState       0x4               Src\laser.o
string              0xe1              Src\msgParse.o
uwTick              0x4               Drivers\STM32F4xx_HAL_Driver\Src\stm32f4xx_hal.o
planOnHr            0x1               Src\modem.o
test1               0xfa0             Src\modem.o
junctionName        0xf               Src\modem.o
pFlash              0x20              Drivers\STM32F4xx_HAL_Driver\Src\stm32f4xx_hal_flash.o
msgTx               0x4               Src\main.o
primaryVerticalByte
                    0x18              Src\modem.o
msgUnPrcd4          0x4               Src\main.o
secondaryHorizontalByte
                    0x18              Src\modem.o
secondaryByteCommand
                    0x14              Src\modem.o
sec1                0x4               Drivers\STM32F4xx_HAL_Driver\Src\stm32f4xx_hal.o
[...]
Memory Configuration

Name             Origin             Length             Attributes
RAM              0x20000000         0x00020000         xrw
CCMRAM           0x10000000         0x00010000         rw
FLASH            0x08000000         0x00100000         xr
*default*        0x00000000         0xffffffff

Linker script and memory map

LOAD c:/program files (x86)/atollic/truestudio for stm32 9.3.0/armtools/bin/../lib/gcc/arm-atollic-eabi/6.3.1/armv7e-m/fpu/crti.o
LOAD c:/program files (x86)/atollic/truestudio for stm32 9.3.0/armtools/bin/../lib/gcc/arm-atollic-eabi/6.3.1/armv7e-m/fpu/crtbegin.o
LOAD Drivers\STM32F4xx_HAL_Driver\Src\stm32f4xx_hal.o
LOAD Drivers\STM32F4xx_HAL_Driver\Src\stm32f4xx_hal_cortex.o
LOAD Drivers\STM32F4xx_HAL_Driver\Src\stm32f4xx_hal_crc.o
LOAD Drivers\STM32F4xx_HAL_Driver\Src\stm32f4xx_hal_dma.o
LOAD Drivers\STM32F4xx_HAL_Driver\Src\stm32f4xx_hal_dma_ex.o
LOAD Drivers\STM32F4xx_HAL_Driver\Src\stm32f4xx_hal_exti.o
LOAD Drivers\STM32F4xx_HAL_Driver\Src\stm32f4xx_hal_flash.o
LOAD Drivers\STM32F4xx_HAL_Driver\Src\stm32f4xx_hal_flash_ex.o
LOAD Drivers\STM32F4xx_HAL_Driver\Src\stm32f4xx_hal_flash_ramfunc.o
LOAD Drivers\STM32F4xx_HAL_Driver\Src\stm32f4xx_hal_gpio.o
LOAD Drivers\STM32F4xx_HAL_Driver\Src\stm32f4xx_hal_i2c.o
LOAD Drivers\STM32F4xx_HAL_Driver\Src\stm32f4xx_hal_i2c_ex.o
LOAD Drivers\STM32F4xx_HAL_Driver\Src\stm32f4xx_hal_pwr.o
LOAD Drivers\STM32F4xx_HAL_Driver\Src\stm32f4xx_hal_pwr_ex.o
LOAD Drivers\STM32F4xx_HAL_Driver\Src\stm32f4xx_hal_rcc.o
LOAD Drivers\STM32F4xx_HAL_Driver\Src\stm32f4xx_hal_rcc_ex.o
LOAD Drivers\STM32F4xx_HAL_Driver\Src\stm32f4xx_hal_rtc.o
LOAD Drivers\STM32F4xx_HAL_Driver\Src\stm32f4xx_hal_rtc_ex.o
LOAD Drivers\STM32F4xx_HAL_Driver\Src\stm32f4xx_hal_sd.o
LOAD Drivers\STM32F4xx_HAL_Driver\Src\stm32f4xx_hal_tim.o
LOAD Drivers\STM32F4xx_HAL_Driver\Src\stm32f4xx_hal_tim_ex.o
LOAD Drivers\STM32F4xx_HAL_Driver\Src\stm32f4xx_hal_uart.o
LOAD Drivers\STM32F4xx_HAL_Driver\Src\stm32f4xx_ll_sdmmc.o
LOAD Middlewares\Third_Party\FatFs\src\diskio.o
LOAD Middlewares\Third_Party\FatFs\src\ff.o
LOAD Middlewares\Third_Party\FatFs\src\ff_gen_drv.o
LOAD Middlewares\Third_Party\FatFs\src\option\syscall.o
LOAD Src\GPS.o
LOAD Src\I2c.o
LOAD Src\Modem_SDCard.o
LOAD Src\SDCard.o
LOAD Src\bsp_driver_sd.o
LOAD Src\eeprom.o
LOAD Src\fatfs.o
LOAD Src\flash.o
LOAD Src\interrupt.o
LOAD Src\laser.o
LOAD Src\main.o
LOAD Src\modem.o
LOAD Src\msgParse.o
LOAD Src\sd_diskio.o
LOAD Src\stm32f4xx_hal_msp.o
LOAD Src\stm32f4xx_it.o
LOAD Src\syscalls.o
LOAD Src\system_stm32f4xx.o
LOAD startup\startup_stm32f407xx.o
                0x00000080                malloc_getpagesize_P = 0x80
START GROUP
LOAD c:/program files (x86)/atollic/truestudio for stm32 9.3.0/armtools/bin/../lib/gcc/arm-atollic-eabi/6.3.1/../../../../arm-atollic-eabi/lib/armv7e-m/fpu\libc_nano.a
LOAD c:/program files (x86)/atollic/truestudio for stm32 9.3.0/armtools/bin/../lib/gcc/arm-atollic-eabi/6.3.1/../../../../arm-atollic-eabi/lib/armv7e-m/fpu\libm.a
END GROUP
START GROUP
LOAD c:/program files (x86)/atollic/truestudio for stm32 9.3.0/armtools/bin/../lib/gcc/arm-atollic-eabi/6.3.1/armv7e-m/fpu\libgcc.a
LOAD c:/program files (x86)/atollic/truestudio for stm32 9.3.0/armtools/bin/../lib/gcc/arm-atollic-eabi/6.3.1/../../../../arm-atollic-eabi/lib/armv7e-m/fpu\libc_nano.a
END GROUP
START GROUP
LOAD c:/program files (x86)/atollic/truestudio for stm32 9.3.0/armtools/bin/../lib/gcc/arm-atollic-eabi/6.3.1/armv7e-m/fpu\libgcc.a
LOAD c:/program files (x86)/atollic/truestudio for stm32 9.3.0/armtools/bin/../lib/gcc/arm-atollic-eabi/6.3.1/../../../../arm-atollic-eabi/lib/armv7e-m/fpu\libc_nano.a
LOAD c:/program files (x86)/atollic/truestudio for stm32 9.3.0/armtools/bin/../lib/gcc/arm-atollic-eabi/6.3.1/../../../../arm-atollic-eabi/lib/armv7e-m/fpu\libnosys.a
END GROUP
START GROUP
LOAD c:/program files (x86)/atollic/truestudio for stm32 9.3.0/armtools/bin/../lib/gcc/arm-atollic-eabi/6.3.1/armv7e-m/fpu\libgcc.a
LOAD c:/program files (x86)/atollic/truestudio for stm32 9.3.0/armtools/bin/../lib/gcc/arm-atollic-eabi/6.3.1/../../../../arm-atollic-eabi/lib/armv7e-m/fpu\libc_nano.a
LOAD c:/program files (x86)/atollic/truestudio for stm32 9.3.0/armtools/bin/../lib/gcc/arm-atollic-eabi/6.3.1/../../../../arm-atollic-eabi/lib/armv7e-m/fpu\libnosys.a
END GROUP
LOAD c:/program files (x86)/atollic/truestudio for stm32 9.3.0/armtools/bin/../lib/gcc/arm-atollic-eabi/6.3.1/armv7e-m/fpu/crtend.o
LOAD c:/program files (x86)/atollic/truestudio for stm32 9.3.0/armtools/bin/../lib/gcc/arm-atollic-eabi/6.3.1/armv7e-m/fpu/crtn.o
                0x20020000                _estack = 0x20020000
                0x00000200                _Min_Heap_Size = 0x200
                0x00000400                _Min_Stack_Size = 0x400

.isr_vector     0x08000000      0x188
                0x08000000                . = ALIGN (0x4)
 *(.isr_vector)
 .isr_vector    0x08000000      0x188 startup\startup_stm32f407xx.o
                0x08000000                g_pfnVectors
                0x08000188                . = ALIGN (0x4)

.text           0x08000188     0x9618
                0x08000188                . = ALIGN (0x4)
 *(.text)
 .text          0x08000188       0x40 c:/program files (x86)/atollic/truestudio for stm32 9.3.0/armtools/bin/../lib/gcc/arm-atollic-eabi/6.3.1/armv7e-m/fpu/crtbegin.o
 .text          0x080001c8       0x30 c:/program files (x86)/atollic/truestudio for stm32 9.3.0/armtools/bin/../lib/gcc/arm-atollic-eabi/6.3.1/armv7e-m/fpu\libgcc.a(_aeabi_uldivmod.o)
                0x080001c8                __aeabi_uldivmod
 .text          0x080001f8      0x2dc c:/program files (x86)/atollic/truestudio for stm32 9.3.0/armtools/bin/../lib/gcc/arm-atollic-eabi/6.3.1/armv7e-m/fpu\libgcc.a(_udivmoddi4.o)
                0x080001f8                __udivmoddi4
 .text          0x080004d4        0x4 c:/program files (x86)/atollic/truestudio for stm32 9.3.0/armtools/bin/../lib/gcc/arm-atollic-eabi/6.3.1/armv7e-m/fpu\libgcc.a(_dvmd_tls.o)
                0x080004d4                __aeabi_idiv0
                0x080004d4                __aeabi_ldiv0
 *(.text*)
 .text.HAL_InitTick
                0x080004d8       0x48 Drivers\STM32F4xx_HAL_Driver\Src\stm32f4xx_hal.o
                0x080004d8                HAL_InitTick
 .text.HAL_Init
                0x08000520       0x34 Drivers\STM32F4xx_HAL_Driver\Src\stm32f4xx_hal.o
                0x08000520                HAL_Init
 .text.HAL_IncTick
                0x08000554       0x64 Drivers\STM32F4xx_HAL_Driver\Src\stm32f4xx_hal.o
                0x08000554                HAL_IncTick
 .text.HAL_GetTick
                0x080005b8        0xc Drivers\STM32F4xx_HAL_Driver\Src\stm32f4xx_hal.o
                0x080005b8                HAL_GetTick
 .text.HAL_Delay
                0x080005c4       0x28 Drivers\STM32F4xx_HAL_Driver\Src\stm32f4xx_hal.o
                0x080005c4                HAL_Delay
 .text.HAL_NVIC_SetPriorityGrouping
                0x080005ec       0x24 Drivers\STM32F4xx_HAL_Driver\Src\stm32f4xx_hal_cortex.o
                0x080005ec                HAL_NVIC_SetPriorityGrouping
 .text.HAL_NVIC_SetPriority
                0x08000610       0x68 Drivers\STM32F4xx_HAL_Driver\Src\stm32f4xx_hal_cortex.o
                0x08000610                HAL_NVIC_SetPriority
 .text.HAL_NVIC_EnableIRQ
                0x08000678       0x1c Drivers\STM32F4xx_HAL_Driver\Src\stm32f4xx_hal_cortex.o
                0x08000678                HAL_NVIC_EnableIRQ
 .text.HAL_SYSTICK_Config
                0x08000694       0x2c Drivers\STM32F4xx_HAL_Driver\Src\stm32f4xx_hal_cortex.o
                0x08000694                HAL_SYSTICK_Config
 .text.HAL_CRC_Init
                0x080006c0       0x24 Drivers\STM32F4xx_HAL_Driver\Src\stm32f4xx_hal_crc.o
                0x080006c0                HAL_CRC_Init
 .text.HAL_CRC_Calculate
                0x080006e4       0x2a Drivers\STM32F4xx_HAL_Driver\Src\stm32f4xx_hal_crc.o
                0x080006e4                HAL_CRC_Calculate
 .text.HAL_DMA_Abort_IT
                0x0800070e       0x24 Drivers\STM32F4xx_HAL_Driver\Src\stm32f4xx_hal_dma.o
                0x0800070e                HAL_DMA_Abort_IT
 *fill*         0x08000732        0x2 
 .text.FLASH_Program_DoubleWord
                0x08000734       0x28 Drivers\STM32F4xx_HAL_Driver\Src\stm32f4xx_hal_flash.o
 .text.FLASH_Program_Word
                0x0800075c       0x24 Drivers\STM32F4xx_HAL_Driver\Src\stm32f4xx_hal_flash.o
 .text.FLASH_Program_HalfWord
                0x08000780       0x24 Drivers\STM32F4xx_HAL_Driver\Src\stm32f4xx_hal_flash.o
 .text.FLASH_SetErrorCode
                0x080007a4       0x74 Drivers\STM32F4xx_HAL_Driver\Src\stm32f4xx_hal_flash.o
 .text.HAL_FLASH_Unlock
                0x08000818       0x24 Drivers\STM32F4xx_HAL_Driver\Src\stm32f4xx_hal_flash.o
                0x08000818                HAL_FLASH_Unlock
 .text.HAL_FLASH_Lock
                0x0800083c       0x14 Drivers\STM32F4xx_HAL_Driver\Src\stm32f4xx_hal_flash.o
                0x0800083c                HAL_FLASH_Lock
 .text.FLASH_WaitForLastOperation
                0x08000850       0x54 Drivers\STM32F4xx_HAL_Driver\Src\stm32f4xx_hal_flash.o
                0x08000850                FLASH_WaitForLastOperation
 .text.HAL_FLASH_Program
                0x080008a4       0x90 Drivers\STM32F4xx_HAL_Driver\Src\stm32f4xx_hal_flash.o
                0x080008a4                HAL_FLASH_Program
 .text.FLASH_Erase_Sector
                0x08000934       0x4c Drivers\STM32F4xx_HAL_Driver\Src\stm32f4xx_hal_flash_ex.o
                0x08000934                FLASH_Erase_Sector
 .text.HAL_GPIO_Init
                0x08000980      0x1c0 Drivers\STM32F4xx_HAL_Driver\Src\stm32f4xx_hal_gpio.o
                0x08000980                HAL_GPIO_Init
 .text.HAL_GPIO_ReadPin
                0x08000b40        0xc Drivers\STM32F4xx_HAL_Driver\Src\stm32f4xx_hal_gpio.o
                0x08000b40                HAL_GPIO_ReadPin
 .text.HAL_GPIO_WritePin
                0x08000b4c        0xa Drivers\STM32F4xx_HAL_Driver\Src\stm32f4xx_hal_gpio.o
                0x08000b4c                HAL_GPIO_WritePin
 .text.HAL_GPIO_TogglePin
                0x08000b56        0xe Drivers\STM32F4xx_HAL_Driver\Src\stm32f4xx_hal_gpio.o
                0x08000b56                HAL_GPIO_TogglePin
 .text.I2C_IsAcknowledgeFailed
                0x08000b64       0x34 Drivers\STM32F4xx_HAL_Driver\Src\stm32f4xx_hal_i2c.o
 .text.I2C_WaitOnMasterAddressFlagUntilTimeout
                0x08000b98       0x8a Drivers\STM32F4xx_HAL_Driver\Src\stm32f4xx_hal_i2c.o
 .text.I2C_WaitOnBTFFlagUntilTimeout
                0x08000c22       0x4c Drivers\STM32F4xx_HAL_Driver\Src\stm32f4xx_hal_i2c.o
 .text.I2C_WaitOnRXNEFlagUntilTimeout
                0x08000c6e       0x5e Drivers\STM32F4xx_HAL_Driver\Src\stm32f4xx_hal_i2c.o
 .text.I2C_WaitOnFlagUntilTimeout
                0x08000ccc       0x64 Drivers\STM32F4xx_HAL_Driver\Src\stm32f4xx_hal_i2c.o
 .text.I2C_WaitOnTXEFlagUntilTimeout
                0x08000d30       0x4c Drivers\STM32F4xx_HAL_Driver\Src\stm32f4xx_hal_i2c.o
 .text.I2C_RequestMemoryWrite
                0x08000d7c       0x9c Drivers\STM32F4xx_HAL_Driver\Src\stm32f4xx_hal_i2c.o
 .text.I2C_RequestMemoryRead
                0x08000e18       0xec Drivers\STM32F4xx_HAL_Driver\Src\stm32f4xx_hal_i2c.o
 .text.HAL_I2C_Init
                0x08000f04      0x148 Drivers\STM32F4xx_HAL_Driver\Src\stm32f4xx_hal_i2c.o
                0x08000f04                HAL_I2C_Init
 .text.HAL_I2C_Mem_Write
                0x0800104c      0x120 Drivers\STM32F4xx_HAL_Driver\Src\stm32f4xx_hal_i2c.o
                0x0800104c                HAL_I2C_Mem_Write
 .text.HAL_I2C_Mem_Read
                0x0800116c      0x218 Drivers\STM32F4xx_HAL_Driver\Src\stm32f4xx_hal_i2c.o
                0x0800116c                HAL_I2C_Mem_Read
 .text.HAL_RCC_OscConfig
                0x08001384      0x304 Drivers\STM32F4xx_HAL_Driver\Src\stm32f4xx_hal_rcc.o
                0x08001384                HAL_RCC_OscConfig
 .text.HAL_RCC_GetSysClockFreq
                0x08001688       0x5c Drivers\STM32F4xx_HAL_Driver\Src\stm32f4xx_hal_rcc.o
                0x08001688                HAL_RCC_GetSysClockFreq
 .text.HAL_RCC_ClockConfig
                0x080016e4      0x134 Drivers\STM32F4xx_HAL_Driver\Src\stm32f4xx_hal_rcc.o
                0x080016e4                HAL_RCC_ClockConfig
 .text.HAL_RCC_GetPCLK1Freq
                0x08001818       0x20 Drivers\STM32F4xx_HAL_Driver\Src\stm32f4xx_hal_rcc.o
                0x08001818                HAL_RCC_GetPCLK1Freq
 .text.HAL_RCC_GetPCLK2Freq
                0x08001838       0x20 Drivers\STM32F4xx_HAL_Driver\Src\stm32f4xx_hal_rcc.o
                0x08001838                HAL_RCC_GetPCLK2Freq
 .text.HAL_RCCEx_PeriphCLKConfig
                0x08001858      0x130 Drivers\STM32F4xx_HAL_Driver\Src\stm32f4xx_hal_rcc_ex.o
                0x08001858                HAL_RCCEx_PeriphCLKConfig
 .text.HAL_RTC_WaitForSynchro
                0x08001988       0x30 Drivers\STM32F4xx_HAL_Driver\Src\stm32f4xx_hal_rtc.o
                0x08001988                HAL_RTC_WaitForSynchro
 .text.RTC_EnterInitMode
                0x080019b8       0x34 Drivers\STM32F4xx_HAL_Driver\Src\stm32f4xx_hal_rtc.o
                0x080019b8                RTC_EnterInitMode
 .text.HAL_RTC_Init
                0x080019ec       0x9c Drivers\STM32F4xx_HAL_Driver\Src\stm32f4xx_hal_rtc.o
                0x080019ec                HAL_RTC_Init
 .text.RTC_ByteToBcd2
                0x08001a88       0x16 Drivers\STM32F4xx_HAL_Driver\Src\stm32f4xx_hal_rtc.o
                0x08001a88                RTC_ByteToBcd2
 .text.HAL_RTC_SetTime
                0x08001a9e       0xe0 Drivers\STM32F4xx_HAL_Driver\Src\stm32f4xx_hal_rtc.o
                0x08001a9e                HAL_RTC_SetTime
 .text.HAL_RTC_SetDate
                0x08001b7e       0xc0 Drivers\STM32F4xx_HAL_Driver\Src\stm32f4xx_hal_rtc.o
                0x08001b7e                HAL_RTC_SetDate
 .text.RTC_Bcd2ToByte
                0x08001c3e       0x12 Drivers\STM32F4xx_HAL_Driver\Src\stm32f4xx_hal_rtc.o
                0x08001c3e                RTC_Bcd2ToByte
 .text.HAL_RTC_GetTime
                0x08001c50       0x50 Drivers\STM32F4xx_HAL_Driver\Src\stm32f4xx_hal_rtc.o
                0x08001c50                HAL_RTC_GetTime
 .text.HAL_RTC_GetDate
                0x08001ca0       0x40 Drivers\STM32F4xx_HAL_Driver\Src\stm32f4xx_hal_rtc.o
                0x08001ca0                HAL_RTC_GetDate
 .text.HAL_SD_ReadBlocks
                0x08001ce0      0x1be Drivers\STM32F4xx_HAL_Driver\Src\stm32f4xx_hal_sd.o
                0x08001ce0                HAL_SD_ReadBlocks
 .text.HAL_SD_WriteBlocks
                0x08001e9e      0x176 Drivers\STM32F4xx_HAL_Driver\Src\stm32f4xx_hal_sd.o
                0x08001e9e                HAL_SD_WriteBlocks
 .text.HAL_SD_GetCardCSD
                0x08002014      0x1be Drivers\STM32F4xx_HAL_Driver\Src\stm32f4xx_hal_sd.o
                0x08002014                HAL_SD_GetCardCSD
 *fill*         0x080021d2        0x2 
 .text.HAL_SD_InitCard
                0x080021d4      0x1dc Drivers\STM32F4xx_HAL_Driver\Src\stm32f4xx_hal_sd.o
                0x080021d4                HAL_SD_InitCard
 .text.HAL_SD_Init
                0x080023b0       0x34 Drivers\STM32F4xx_HAL_Driver\Src\stm32f4xx_hal_sd.o
                0x080023b0                HAL_SD_Init
 .text.HAL_SD_GetCardInfo
                0x080023e4       0x24 Drivers\STM32F4xx_HAL_Driver\Src\stm32f4xx_hal_sd.o
                0x080023e4                HAL_SD_GetCardInfo
 .text.HAL_SD_GetCardState
                0x08002408       0x28 Drivers\STM32F4xx_HAL_Driver\Src\stm32f4xx_hal_sd.o
                0x08002408                HAL_SD_GetCardState
 .text.UART_EndRxTransfer
                0x08002430       0x1a Drivers\STM32F4xx_HAL_Driver\Src\stm32f4xx_hal_uart.o
 *fill*         0x0800244a        0x2 
 .text.UART_SetConfig
                0x0800244c      0x234 Drivers\STM32F4xx_HAL_Driver\Src\stm32f4xx_hal_uart.o
 .text.UART_WaitOnFlagUntilTimeout.constprop.3
                0x08002680       0x50 Drivers\STM32F4xx_HAL_Driver\Src\stm32f4xx_hal_uart.o
 .text.HAL_UART_Init
                0x080026d0       0x5c Drivers\STM32F4xx_HAL_Driver\Src\stm32f4xx_hal_uart.o
                0x080026d0                HAL_UART_Init
 .text.HAL_UART_Transmit
                0x0800272c       0xba Drivers\STM32F4xx_HAL_Driver\Src\stm32f4xx_hal_uart.o
                0x0800272c                HAL_UART_Transmit
 .text.HAL_UART_Receive
                0x080027e6       0xc0 Drivers\STM32F4xx_HAL_Driver\Src\stm32f4xx_hal_uart.o
                0x080027e6                HAL_UART_Receive
 .text.HAL_UART_Receive_IT
                0x080028a6       0x4e Drivers\STM32F4xx_HAL_Driver\Src\stm32f4xx_hal_uart.o
                0x080028a6                HAL_UART_Receive_IT
 .text.HAL_UART_TxCpltCallback
                0x080028f4        0x2 Drivers\STM32F4xx_HAL_Driver\Src\stm32f4xx_hal_uart.o
                0x080028f4                HAL_UART_TxCpltCallback
 .text.HAL_UART_RxCpltCallback
                0x080028f6        0x2 Drivers\STM32F4xx_HAL_Driver\Src\stm32f4xx_hal_uart.o
                0x080028f6                HAL_UART_RxCpltCallback
 .text.UART_Receive_IT
                0x080028f8       0x7c Drivers\STM32F4xx_HAL_Driver\Src\stm32f4xx_hal_uart.o
 .text.HAL_UART_IRQHandler
                0x08002974      0x140 Drivers\STM32F4xx_HAL_Driver\Src\stm32f4xx_hal_uart.o
                0x08002974                HAL_UART_IRQHandler
 .text.UART_DMAAbortOnError
                0x08002ab4       0x10 Drivers\STM32F4xx_HAL_Driver\Src\stm32f4xx_hal_uart.o
 .text.SDMMC_GetCmdResp2
                0x08002ac4       0x4c Drivers\STM32F4xx_HAL_Driver\Src\stm32f4xx_ll_sdmmc.o
 .text.SDMMC_GetCmdResp3
                0x08002b10       0x40 Drivers\STM32F4xx_HAL_Driver\Src\stm32f4xx_ll_sdmmc.o
 .text.SDIO_Init
                0x08002b50       0x38 Drivers\STM32F4xx_HAL_Driver\Src\stm32f4xx_ll_sdmmc.o
                0x08002b50                SDIO_Init
 .text.SDIO_ReadFIFO
                0x08002b88        0x6 Drivers\STM32F4xx_HAL_Driver\Src\stm32f4xx_ll_sdmmc.o
                0x08002b88                SDIO_ReadFIFO
 .text.SDIO_WriteFIFO
                0x08002b8e        0xa Drivers\STM32F4xx_HAL_Driver\Src\stm32f4xx_ll_sdmmc.o
                0x08002b8e                SDIO_WriteFIFO
 .text.SDIO_PowerState_ON
                0x08002b98        0x8 Drivers\STM32F4xx_HAL_Driver\Src\stm32f4xx_ll_sdmmc.o
                0x08002b98                SDIO_PowerState_ON
 .text.SDIO_GetPowerState
                0x08002ba0        0x8 Drivers\STM32F4xx_HAL_Driver\Src\stm32f4xx_ll_sdmmc.o
                0x08002ba0                SDIO_GetPowerState
 .text.SDIO_SendCommand
                0x08002ba8       0x26 Drivers\STM32F4xx_HAL_Driver\Src\stm32f4xx_ll_sdmmc.o
                0x08002ba8                SDIO_SendCommand
 .text.SDIO_GetResponse
                0x08002bce       0x14 Drivers\STM32F4xx_HAL_Driver\Src\stm32f4xx_ll_sdmmc.o
                0x08002bce                SDIO_GetResponse
 *fill*         0x08002be2        0x2 
 .text.SDMMC_GetCmdResp1
                0x08002be4      0x120 Drivers\STM32F4xx_HAL_Driver\Src\stm32f4xx_ll_sdmmc.o
 .text.SDIO_ConfigData
                0x08002d04       0x26 Drivers\STM32F4xx_HAL_Driver\Src\stm32f4xx_ll_sdmmc.o
                0x08002d04                SDIO_ConfigData
 .text.SDMMC_CmdBlockLength
                0x08002d2a       0x30 Drivers\STM32F4xx_HAL_Driver\Src\stm32f4xx_ll_sdmmc.o
                0x08002d2a                SDMMC_CmdBlockLength
 .text.SDMMC_CmdReadSingleBlock
                0x08002d5a       0x30 Drivers\STM32F4xx_HAL_Driver\Src\stm32f4xx_ll_sdmmc.o
                0x08002d5a                SDMMC_CmdReadSingleBlock
 .text.SDMMC_CmdReadMultiBlock
                0x08002d8a       0x30 Drivers\STM32F4xx_HAL_Driver\Src\stm32f4xx_ll_sdmmc.o
                0x08002d8a                SDMMC_CmdReadMultiBlock
 .text.SDMMC_CmdWriteSingleBlock
                0x08002dba       0x30 Drivers\STM32F4xx_HAL_Driver\Src\stm32f4xx_ll_sdmmc.o
                0x08002dba                SDMMC_CmdWriteSingleBlock
 .text.SDMMC_CmdWriteMultiBlock
                0x08002dea       0x30 Drivers\STM32F4xx_HAL_Driver\Src\stm32f4xx_ll_sdmmc.o
                0x08002dea                SDMMC_CmdWriteMultiBlock
 *fill*         0x08002e1a        0x2 
 .text.SDMMC_CmdStopTransfer
                0x08002e1c       0x34 Drivers\STM32F4xx_HAL_Driver\Src\stm32f4xx_ll_sdmmc.o
                0x08002e1c                SDMMC_CmdStopTransfer
 .text.SDMMC_CmdSelDesel
                0x08002e50       0x30 Drivers\STM32F4xx_HAL_Driver\Src\stm32f4xx_ll_sdmmc.o
                0x08002e50                SDMMC_CmdSelDesel
 .text.SDMMC_CmdGoIdleState
                0x08002e80       0x50 Drivers\STM32F4xx_HAL_Driver\Src\stm32f4xx_ll_sdmmc.o
                0x08002e80                SDMMC_CmdGoIdleState
 .text.SDMMC_CmdOperCond
                0x08002ed0       0x70 Drivers\STM32F4xx_HAL_Driver\Src\stm32f4xx_ll_sdmmc.o
                0x08002ed0                SDMMC_CmdOperCond
 .text.SDMMC_CmdAppCommand
                0x08002f40       0x30 Drivers\STM32F4xx_HAL_Driver\Src\stm32f4xx_ll_sdmmc.o
                0x08002f40                SDMMC_CmdAppCommand
 .text.SDMMC_CmdAppOperCommand
                0x08002f70       0x32 Drivers\STM32F4xx_HAL_Driver\Src\stm32f4xx_ll_sdmmc.o
                0x08002f70                SDMMC_CmdAppOperCommand
 .text.SDMMC_CmdSendCID
                0x08002fa2       0x2a Drivers\STM32F4xx_HAL_Driver\Src\stm32f4xx_ll_sdmmc.o
                0x08002fa2                SDMMC_CmdSendCID
 .text.SDMMC_CmdSendCSD
                0x08002fcc       0x2a Drivers\STM32F4xx_HAL_Driver\Src\stm32f4xx_ll_sdmmc.o
                0x08002fcc                SDMMC_CmdSendCSD
 *fill*         0x08002ff6        0x2 
 .text.SDMMC_CmdSetRelAdd
                0x08002ff8       0xa8 Drivers\STM32F4xx_HAL_Driver\Src\stm32f4xx_ll_sdmmc.o
                0x08002ff8                SDMMC_CmdSetRelAdd
 .text.SDMMC_CmdSendStatus
                0x080030a0       0x30 Drivers\STM32F4xx_HAL_Driver\Src\stm32f4xx_ll_sdmmc.o
                0x080030a0                SDMMC_CmdSendStatus
 .text.disk_status
                0x080030d0       0x14 Middlewares\Third_Party\FatFs\src\diskio.o
                0x080030d0                disk_status
 .text.disk_initialize
                0x080030e4       0x20 Middlewares\Third_Party\FatFs\src\diskio.o
                0x080030e4                disk_initialize
 .text.disk_read
                0x08003104       0x1c Middlewares\Third_Party\FatFs\src\diskio.o
                0x08003104                disk_read
 .text.disk_write
                0x08003120       0x1c Middlewares\Third_Party\FatFs\src\diskio.o
                0x08003120                disk_write
 .text.disk_ioctl
                0x0800313c       0x1c Middlewares\Third_Party\FatFs\src\diskio.o
                0x0800313c                disk_ioctl
 .text.ld_dword
                0x08003158       0x10 Middlewares\Third_Party\FatFs\src\ff.o
 .text.st_dword
                0x08003168       0x10 Middlewares\Third_Party\FatFs\src\ff.o
 .text.mem_set  0x08003178        0xc Middlewares\Third_Party\FatFs\src\ff.o
 .text.chk_lock
                0x08003184       0x5c Middlewares\Third_Party\FatFs\src\ff.o
 .text.inc_lock
                0x080031e0       0x78 Middlewares\Third_Party\FatFs\src\ff.o
 .text.dec_lock
                0x08003258       0x30 Middlewares\Third_Party\FatFs\src\ff.o
 .text.clust2sect
                0x08003288       0x16 Middlewares\Third_Party\FatFs\src\ff.o
 .text.clmt_clust
                0x0800329e       0x22 Middlewares\Third_Party\FatFs\src\ff.o
 .text.get_ldnumber
                0x080032c0       0x30 Middlewares\Third_Party\FatFs\src\ff.o
 .text.validate
                0x080032f0       0x34 Middlewares\Third_Party\FatFs\src\ff.o
 .text.mem_cpy.part.0
                0x08003324       0x12 Middlewares\Third_Party\FatFs\src\ff.o
 .text.ld_clust.isra.1
                0x08003336       0x1c Middlewares\Third_Party\FatFs\src\ff.o
 .text.st_clust.isra.2
                0x08003352       0x18 Middlewares\Third_Party\FatFs\src\ff.o
 .text.sync_window.part.4
                0x0800336a       0x46 Middlewares\Third_Party\FatFs\src\ff.o
 .text.sync_window
                0x080033b0        0xc Middlewares\Third_Party\FatFs\src\ff.o
 .text.sync_fs  0x080033bc       0x96 Middlewares\Third_Party\FatFs\src\ff.o
 .text.move_window
                0x08003452       0x36 Middlewares\Third_Party\FatFs\src\ff.o
 .text.check_fs
                0x08003488       0x80 Middlewares\Third_Party\FatFs\src\ff.o
 .text.find_volume
                0x08003508      0x2bc Middlewares\Third_Party\FatFs\src\ff.o
 .text.put_fat  0x080037c4       0xf8 Middlewares\Third_Party\FatFs\src\ff.o
 .text.get_fat.isra.8
                0x080038bc       0xb4 Middlewares\Third_Party\FatFs\src\ff.o
 .text.create_chain
                0x08003970       0xb0 Middlewares\Third_Party\FatFs\src\ff.o
 .text.remove_chain
                0x08003a20       0x6c Middlewares\Third_Party\FatFs\src\ff.o
 .text.dir_sdi.constprop.11
                0x08003a8c       0x66 Middlewares\Third_Party\FatFs\src\ff.o
 .text.dir_next
                0x08003af2       0xf2 Middlewares\Third_Party\FatFs\src\ff.o
 .text.follow_path
                0x08003be4      0x188 Middlewares\Third_Party\FatFs\src\ff.o
 .text.dir_read.constprop.9
                0x08003d6c       0x54 Middlewares\Third_Party\FatFs\src\ff.o
 .text.dir_register
                0x08003dc0       0x62 Middlewares\Third_Party\FatFs\src\ff.o
 *fill*         0x08003e22        0x2 
 .text.f_mount  0x08003e24       0x68 Middlewares\Third_Party\FatFs\src\ff.o
                0x08003e24                f_mount
 .text.f_open   0x08003e8c      0x224 Middlewares\Third_Party\FatFs\src\ff.o
                0x08003e8c                f_open
 .text.f_read   0x080040b0      0x15a Middlewares\Third_Party\FatFs\src\ff.o
                0x080040b0                f_read
 .text.f_write  0x0800420a      0x18a Middlewares\Third_Party\FatFs\src\ff.o
                0x0800420a                f_write
 .text.f_sync   0x08004394       0x90 Middlewares\Third_Party\FatFs\src\ff.o
                0x08004394                f_sync
 .text.f_close  0x08004424       0x22 Middlewares\Third_Party\FatFs\src\ff.o
                0x08004424                f_close
 .text.f_lseek  0x08004446      0x23a Middlewares\Third_Party\FatFs\src\ff.o
                0x08004446                f_lseek
 .text.f_unlink
                0x08004680       0xa4 Middlewares\Third_Party\FatFs\src\ff.o
                0x08004680                f_unlink
 .text.f_gets   0x08004724       0x40 Middlewares\Third_Party\FatFs\src\ff.o
                0x08004724                f_gets
 .text.FATFS_LinkDriverEx
                0x08004764       0x44 Middlewares\Third_Party\FatFs\src\ff_gen_drv.o
                0x08004764                FATFS_LinkDriverEx
 .text.FATFS_LinkDriver
                0x080047a8        0x6 Middlewares\Third_Party\FatFs\src\ff_gen_drv.o
                0x080047a8                FATFS_LinkDriver
 *fill*         0x080047ae        0x2 
 .text.enableGNZDAString
                0x080047b0       0x60 Src\GPS.o
                0x080047b0                enableGNZDAString
 .text.diableAllString
                0x08004810      0x214 Src\GPS.o
                0x08004810                diableAllString
 .text.SDcardReadSeek
                0x08004a24       0x48 Src\SDCard.o
                0x08004a24                SDcardReadSeek
 .text.SDcardWriteSeek
                0x08004a6c       0x44 Src\SDCard.o
                0x08004a6c                SDcardWriteSeek
 .text.BSP_SD_Init
                0x08004ab0       0x20 Src\bsp_driver_sd.o
                0x08004ab0                BSP_SD_Init
 .text.BSP_SD_ReadBlocks
                0x08004ad0       0x20 Src\bsp_driver_sd.o
                0x08004ad0                BSP_SD_ReadBlocks
 .text.BSP_SD_WriteBlocks
                0x08004af0       0x20 Src\bsp_driver_sd.o
                0x08004af0                BSP_SD_WriteBlocks
 .text.BSP_SD_GetCardState
                0x08004b10       0x14 Src\bsp_driver_sd.o
                0x08004b10                BSP_SD_GetCardState
 .text.BSP_SD_GetCardInfo
                0x08004b24        0xc Src\bsp_driver_sd.o
                0x08004b24                BSP_SD_GetCardInfo
 .text.EEPROM_WriteByte
                0x08004b30       0x30 Src\eeprom.o
                0x08004b30                EEPROM_WriteByte
 .text.EEPROM_ReadByte
                0x08004b60       0x2c Src\eeprom.o
                0x08004b60                EEPROM_ReadByte
 .text.EEPROM_WriteArray
                0x08004b8c       0x2c Src\eeprom.o
                0x08004b8c                EEPROM_WriteArray
 .text.EEPROM_ReadArray
                0x08004bb8       0x2c Src\eeprom.o
                0x08004bb8                EEPROM_ReadArray
 .text.MX_FATFS_Init
                0x08004be4       0x1c Src\fatfs.o
                0x08004be4                MX_FATFS_Init
 .text.get_fattime
                0x08004c00        0x4 Src\fatfs.o
                0x08004c00                get_fattime
 .text.Flash_ReadByte
                0x08004c04       0x14 Src\flash.o
                0x08004c04                Flash_ReadByte
 .text.Flash_Write
                0x08004c18       0x40 Src\flash.o
                0x08004c18                Flash_Write
 .text.flash_Erase
                0x08004c58       0x24 Src\flash.o
                0x08004c58                flash_Erase
 .text.HAL_UART_ErrorCallback
                0x08004c7c       0x16 Src\interrupt.o
                0x08004c7c                HAL_UART_ErrorCallback
 *fill*         0x08004c92        0x2 
 .text.transferRecValuesToData
                0x08004c94       0x20 Src\laser.o
                0x08004c94                transferRecValuesToData
 .text.clearingRecBuffer
                0x08004cb4       0x14 Src\laser.o
                0x08004cb4                clearingRecBuffer
 .text.clearingDisp1Buffer
                0x08004cc8       0x14 Src\laser.o
                0x08004cc8                clearingDisp1Buffer
 .text.clearingFrameBuffer
                0x08004cdc       0x14 Src\laser.o
                0x08004cdc                clearingFrameBuffer
 .text.function6_A
                0x08004cf0      0x144 Src\laser.o
                0x08004cf0                function6_A
 .text.clearingDataBuffer
                0x08004e34       0x14 Src\laser.o
                0x08004e34                clearingDataBuffer
 .text.SystemClock_Config
                0x08004e48       0xc0 Src\main.o
                0x08004e48                SystemClock_Config
 .text.startup.main
                0x08004f08      0x354 Src\main.o
                0x08004f08                main
 .text.TimingDelay_Decrement
                0x0800525c       0x14 Src\main.o
                0x0800525c                TimingDelay_Decrement
 .text.TimingDelay_Decrement1
                0x08005270       0x14 Src\main.o
                0x08005270                TimingDelay_Decrement1
 .text.TimingDelay_Decrement3
                0x08005284       0x14 Src\main.o
                0x08005284                TimingDelay_Decrement3
 .text.TimingDelay_Decrement4
                0x08005298       0x14 Src\main.o
                0x08005298                TimingDelay_Decrement4
 .text.TimingDelay_Decrement5
                0x080052ac       0x14 Src\main.o
                0x080052ac                TimingDelay_Decrement5
 .text.clearframe
                0x080052c0       0x14 Src\modem.o
                0x080052c0                clearframe
 .text.clearReadBytes
                0x080052d4       0x18 Src\modem.o
                0x080052d4                clearReadBytes
 .text.clearBuffer
                0x080052ec       0x14 Src\modem.o
                0x080052ec                clearBuffer
 .text.clearDispBuffer
                0x08005300       0x14 Src\modem.o
                0x08005300                clearDispBuffer
 .text.clearaRxBuffer
                0x08005314       0x14 Src\modem.o
                0x08005314                clearaRxBuffer
 .text.clearBuffer3
                0x08005328       0x14 Src\modem.o
                0x08005328                clearBuffer3
 .text.clearaRxBuffer3
                0x0800533c       0x14 Src\modem.o
                0x0800533c                clearaRxBuffer3
 .text.clearBuffer4
                0x08005350       0x14 Src\modem.o
                0x08005350                clearBuffer4
 .text.clearaRxBuffer4
                0x08005364       0x14 Src\modem.o
                0x08005364                clearaRxBuffer4
 .text.clearPlanDetailsArrayBuffer
                0x08005378       0x14 Src\modem.o
                0x08005378                clearPlanDetailsArrayBuffer
 .text.clearPlanTimeBuffer
                0x0800538c       0x14 Src\modem.o
                0x0800538c                clearPlanTimeBuffer
 .text.crcApi   0x080053a0       0x20 Src\modem.o
                0x080053a0                crcApi
 .text.crcApiResponse
                0x080053c0       0x20 Src\modem.o
                0x080053c0                crcApiResponse
 .text.readDateSD
                0x080053e0       0x18 Src\modem.o
                0x080053e0                readDateSD
 .text.readDaySD
                0x080053f8       0x18 Src\modem.o
                0x080053f8                readDaySD
 .text.readPlanSD
                0x08005410       0x18 Src\modem.o
                0x08005410                readPlanSD
 .text.byteToIntegerVal
                0x08005428       0x20 Src\modem.o
                0x08005428                byteToIntegerVal
 .text.intToByte
                0x08005448       0x3c Src\modem.o
                0x08005448                intToByte
 .text.clearStringBuffer
                0x08005484       0x14 Src\modem.o
                0x08005484                clearStringBuffer
 .text.countDown
                0x08005498      0x2b4 Src\modem.o
                0x08005498                countDown
 .text.sendMsgToSlave
                0x0800574c      0x154 Src\modem.o
                0x0800574c                sendMsgToSlave
 .text.analysingResponseOfSlave
                0x080058a0      0x190 Src\modem.o
                0x080058a0                analysingResponseOfSlave
 .text.slaveResponse
                0x08005a30      0x200 Src\modem.o
                0x08005a30                slaveResponse
 .text.crcApi4  0x08005c30       0x34 Src\modem.o
                0x08005c30                crcApi4
 .text.crcApi1  0x08005c64       0x34 Src\modem.o
                0x08005c64                crcApi1
 .text.crcApi3  0x08005c98       0x30 Src\modem.o
                0x08005c98                crcApi3
 .text.function9
                0x08005cc8      0x188 Src\modem.o
                0x08005cc8                function9
 .text.function_10
                0x08005e50      0x1f0 Src\modem.o
                0x08005e50                function_10
 .text.RTC_UtcToIstSet
                0x08006040       0xec Src\modem.o
                0x08006040                RTC_UtcToIstSet
 .text.convertStringToByte
                0x0800612c      0x16c Src\modem.o
                0x0800612c                convertStringToByte
 .text.getDateAndTimeFromGPS
                0x08006298       0xa4 Src\modem.o
                0x08006298                getDateAndTimeFromGPS
 .text.function11N
                0x0800633c      0x210 Src\modem.o
                0x0800633c                function11N
 .text.function12
                0x0800654c      0x1c0 Src\modem.o
                0x0800654c                function12
 .text.function13
                0x0800670c      0x1fc Src\modem.o
                0x0800670c                function13
 .text.function14
                0x08006908      0x1bc Src\modem.o
                0x08006908                function14
 .text.function15
                0x08006ac4      0x268 Src\modem.o
                0x08006ac4                function15
 .text.function16
                0x08006d2c      0x20c Src\modem.o
                0x08006d2c                function16
 .text.checkClearenceSide
                0x08006f38       0x60 Src\modem.o
                0x08006f38                checkClearenceSide
 .text.checkClearenceMode
                0x08006f98       0x50 Src\modem.o
                0x08006f98                checkClearenceMode
 .text.checkFieldAction
                0x08006fe8       0x80 Src\modem.o
                0x08006fe8                checkFieldAction
 .text.laser    0x08007068       0x5c Src\modem.o
                0x08007068                laser
 .text.extend   0x080070c4       0x60 Src\modem.o
                0x080070c4                extend
 .text.checkServerFieldAction
                0x08007124      0x2e4 Src\modem.o
                0x08007124                checkServerFieldAction
 .text.countNoOfMapDetails
                0x08007408       0x74 Src\modem.o
                0x08007408                countNoOfMapDetails
 .text.function17
                0x0800747c      0x1e8 Src\modem.o
                0x0800747c                function17
 .text.function18
                0x08007664      0x180 Src\modem.o
                0x08007664                function18
 .text.currentDayAllPlan
                0x080077e4      0x174 Src\modem.o
                0x080077e4                currentDayAllPlan
 .text.getCurrentPlanTotalNoOfPhases
                0x08007958      0x138 Src\modem.o
                0x08007958                getCurrentPlanTotalNoOfPhases
 .text.getCurrentPlanPhases
                0x08007a90      0x108 Src\modem.o
                0x08007a90                getCurrentPlanPhases
 .text.DetectChange
                0x08007b98       0x4c Src\modem.o
                0x08007b98                DetectChange
 .text.sideChange
                0x08007be4       0xb8 Src\modem.o
                0x08007be4                sideChange
 .text.clearPrimaryAndSecByte
                0x08007c9c       0x38 Src\modem.o
                0x08007c9c                clearPrimaryAndSecByte
 .text.function8
                0x08007cd4      0x234 Src\modem.o
                0x08007cd4                function8
 .text.findSide
                0x08007f08       0xa8 Src\modem.o
                0x08007f08                findSide
 .text.resetVariables
                0x08007fb0       0xa8 Src\modem.o
                0x08007fb0                resetVariables
 .text.program3
                0x08008058      0x1f8 Src\modem.o
                0x08008058                program3
 .text.espCommunication
                0x08008250      0x1a0 Src\modem.o
                0x08008250                espCommunication
 .text.BLECommunication
                0x080083f0      0x1a0 Src\modem.o
                0x080083f0                BLECommunication
 .text.extractSlaveInfo
                0x08008590       0x2c Src\modem.o
                0x08008590                extractSlaveInfo
 .text.populatePrimaryHVSecondaryHV
                0x080085bc       0x7c Src\modem.o
                0x080085bc                populatePrimaryHVSecondaryHV
 .text.phaseInfoData
                0x08008638      0x214 Src\modem.o
                0x08008638                phaseInfoData
 .text.signal   0x0800884c       0xe4 Src\modem.o
                0x0800884c                signal
 .text.blinker  0x08008930      0x144 Src\modem.o
                0x08008930                blinker
 .text.planDetailSD
                0x08008a74      0x124 Src\modem.o
                0x08008a74                planDetailSD
 .text.init4    0x08008b98      0x330 Src\modem.o
                0x08008b98                init4
 .text.clearStringNsign
                0x08008ec8       0x1c Src\msgParse.o
                0x08008ec8                clearStringNsign
 .text.msgParse
                0x08008ee4       0xc0 Src\msgParse.o
                0x08008ee4                msgParse
 .text.SD_CheckStatus.isra.0
                0x08008fa4       0x20 Src\sd_diskio.o
 .text.SD_initialize
                0x08008fc4       0x1c Src\sd_diskio.o
                0x08008fc4                SD_initialize
 .text.SD_status
                0x08008fe0        0x4 Src\sd_diskio.o
                0x08008fe0                SD_status
 .text.SD_read  0x08008fe4       0x20 Src\sd_diskio.o
                0x08008fe4                SD_read
 .text.SD_ioctl
                0x08009004       0x50 Src\sd_diskio.o
                0x08009004                SD_ioctl
 .text.SD_write
                0x08009054       0x20 Src\sd_diskio.o
                0x08009054                SD_write
 .text.HAL_MspInit
                0x08009074       0x40 Src\stm32f4xx_hal_msp.o
                0x08009074                HAL_MspInit
 .text.HAL_CRC_MspInit
                0x080090b4       0x30 Src\stm32f4xx_hal_msp.o
                0x080090b4                HAL_CRC_MspInit
 .text.HAL_I2C_MspInit
                0x080090e4       0x74 Src\stm32f4xx_hal_msp.o
                0x080090e4                HAL_I2C_MspInit
 .text.HAL_RTC_MspInit
                0x08009158       0x18 Src\stm32f4xx_hal_msp.o
                0x08009158                HAL_RTC_MspInit
 .text.HAL_SD_MspInit
                0x08009170       0xc4 Src\stm32f4xx_hal_msp.o
                0x08009170                HAL_SD_MspInit
 .text.HAL_UART_MspInit
                0x08009234      0x1e0 Src\stm32f4xx_hal_msp.o
                0x08009234                HAL_UART_MspInit
 .text.NMI_Handler
                0x08009414        0x2 Src\stm32f4xx_it.o
                0x08009414                NMI_Handler
 .text.HardFault_Handler
                0x08009416        0x2 Src\stm32f4xx_it.o
                0x08009416                HardFault_Handler
 .text.MemManage_Handler
                0x08009418        0x2 Src\stm32f4xx_it.o
                0x08009418                MemManage_Handler
 .text.BusFault_Handler
                0x0800941a        0x2 Src\stm32f4xx_it.o
                0x0800941a                BusFault_Handler
 .text.UsageFault_Handler
                0x0800941c        0x2 Src\stm32f4xx_it.o
                0x0800941c                UsageFault_Handler
 .text.SVC_Handler
                0x0800941e        0x2 Src\stm32f4xx_it.o
                0x0800941e                SVC_Handler
 .text.DebugMon_Handler
                0x08009420        0x2 Src\stm32f4xx_it.o
                0x08009420                DebugMon_Handler
 .text.PendSV_Handler
                0x08009422        0x2 Src\stm32f4xx_it.o
                0x08009422                PendSV_Handler
 .text.SysTick_Handler
                0x08009424       0xd8 Src\stm32f4xx_it.o
                0x08009424                SysTick_Handler
 .text.USART1_IRQHandler
                0x080094fc       0x5c Src\stm32f4xx_it.o
                0x080094fc                USART1_IRQHandler
 .text.USART2_IRQHandler
                0x08009558       0x5c Src\stm32f4xx_it.o
                0x08009558                USART2_IRQHandler
 .text.USART3_IRQHandler
                0x080095b4       0x5c Src\stm32f4xx_it.o
                0x080095b4                USART3_IRQHandler
 .text.USART6_IRQHandler
                0x08009610       0x5c Src\stm32f4xx_it.o
                0x08009610                USART6_IRQHandler
 .text.SystemInit
                0x0800966c       0x4c Src\system_stm32f4xx.o
                0x0800966c                SystemInit
 .text.Reset_Handler
                0x080096b8       0x50 startup\startup_stm32f407xx.o
                0x080096b8                Reset_Handler
 .text.Default_Handler
                0x08009708        0x2 startup\startup_stm32f407xx.o
                0x08009708                RTC_Alarm_IRQHandler
                0x08009708                HASH_RNG_IRQHandler
                0x08009708                EXTI2_IRQHandler
                0x08009708                TIM8_CC_IRQHandler
                0x08009708                TIM1_CC_IRQHandler
                0x08009708                DMA2_Stream5_IRQHandler
                0x08009708                DMA1_Stream5_IRQHandler
                0x08009708                PVD_IRQHandler
                0x08009708                SDIO_IRQHandler
                0x08009708                TAMP_STAMP_IRQHandler
                0x08009708                CAN2_RX1_IRQHandler
                0x08009708                EXTI3_IRQHandler
                0x08009708                TIM8_TRG_COM_TIM14_IRQHandler
                0x08009708                TIM1_UP_TIM10_IRQHandler
                0x08009708                TIM8_UP_TIM13_IRQHandler
                0x08009708                I2C3_ER_IRQHandler
                0x08009708                EXTI0_IRQHandler
                0x08009708                I2C2_EV_IRQHandler
                0x08009708                DMA1_Stream2_IRQHandler
                0x08009708                CAN1_RX0_IRQHandler
                0x08009708                FPU_IRQHandler
                0x08009708                OTG_HS_WKUP_IRQHandler
                0x08009708                CAN2_SCE_IRQHandler
                0x08009708                DMA2_Stream2_IRQHandler
                0x08009708                SPI1_IRQHandler
                0x08009708                TIM6_DAC_IRQHandler
                0x08009708                TIM1_BRK_TIM9_IRQHandler
                0x08009708                DCMI_IRQHandler
                0x08009708                CAN2_RX0_IRQHandler
                0x08009708                DMA2_Stream3_IRQHandler
                0x08009708                CAN1_RX1_IRQHandler
                0x08009708                UART5_IRQHandler
                0x08009708                DMA2_Stream0_IRQHandler
                0x08009708                TIM4_IRQHandler
                0x08009708                I2C1_EV_IRQHandler
                0x08009708                DMA1_Stream6_IRQHandler
                0x08009708                DMA1_Stream1_IRQHandler
                0x08009708                UART4_IRQHandler
                0x08009708                TIM3_IRQHandler
                0x08009708                RCC_IRQHandler
                0x08009708                TIM8_BRK_TIM12_IRQHandler
                0x08009708                Default_Handler
                0x08009708                EXTI15_10_IRQHandler
                0x08009708                ADC_IRQHandler
                0x08009708                DMA1_Stream7_IRQHandler
                0x08009708                TIM7_IRQHandler
                0x08009708                CAN2_TX_IRQHandler
                0x08009708                TIM5_IRQHandler
                0x08009708                DMA2_Stream7_IRQHandler
                0x08009708                I2C3_EV_IRQHandler
                0x08009708                EXTI9_5_IRQHandler
                0x08009708                RTC_WKUP_IRQHandler
                0x08009708                ETH_WKUP_IRQHandler
                0x08009708                SPI2_IRQHandler
                0x08009708                OTG_HS_EP1_IN_IRQHandler
                0x08009708                DMA1_Stream0_IRQHandler
                0x08009708                CAN1_TX_IRQHandler
                0x08009708                EXTI4_IRQHandler
                0x08009708                FSMC_IRQHandler
                0x08009708                ETH_IRQHandler
                0x08009708                OTG_HS_EP1_OUT_IRQHandler
                0x08009708                WWDG_IRQHandler
                0x08009708                TIM2_IRQHandler
                0x08009708                OTG_FS_WKUP_IRQHandler
                0x08009708                TIM1_TRG_COM_TIM11_IRQHandler
                0x08009708                OTG_HS_IRQHandler
                0x08009708                EXTI1_IRQHandler
                0x08009708                I2C2_ER_IRQHandler
                0x08009708                DMA2_Stream1_IRQHandler
                0x08009708                CAN1_SCE_IRQHandler
                0x08009708                FLASH_IRQHandler
                0x08009708                DMA2_Stream4_IRQHandler
                0x08009708                OTG_FS_IRQHandler
                0x08009708                SPI3_IRQHandler
                0x08009708                DMA1_Stream4_IRQHandler
                0x08009708                I2C1_ER_IRQHandler
                0x08009708                DMA2_Stream6_IRQHandler
                0x08009708                DMA1_Stream3_IRQHandler
 *fill*         0x0800970a        0x2 
 .text.__libc_init_array
                0x0800970c       0x48 c:/program files (x86)/atollic/truestudio for stm32 9.3.0/armtools/bin/../lib/gcc/arm-atollic-eabi/6.3.1/../../../../arm-atollic-eabi/lib/armv7e-m/fpu\libc_nano.a(lib_a-init.o)
                0x0800970c                __libc_init_array
 .text.memset   0x08009754       0x10 c:/program files (x86)/atollic/truestudio for stm32 9.3.0/armtools/bin/../lib/gcc/arm-atollic-eabi/6.3.1/../../../../arm-atollic-eabi/lib/armv7e-m/fpu\libc_nano.a(lib_a-memset.o)
                0x08009754                memset
 .text.strncmp  0x08009764       0x24 c:/program files (x86)/atollic/truestudio for stm32 9.3.0/armtools/bin/../lib/gcc/arm-atollic-eabi/6.3.1/../../../../arm-atollic-eabi/lib/armv7e-m/fpu\libc_nano.a(lib_a-strncmp.o)
                0x08009764                strncmp
 *(.glue_7)
 .glue_7        0x08009788        0x0 linker stubs
 *(.glue_7t)
 .glue_7t       0x08009788        0x0 linker stubs
 *(.eh_frame)
 .eh_frame      0x08009788        0x0 c:/program files (x86)/atollic/truestudio for stm32 9.3.0/armtools/bin/../lib/gcc/arm-atollic-eabi/6.3.1/armv7e-m/fpu/crtbegin.o
 *(.init)
 .init          0x08009788        0x4 c:/program files (x86)/atollic/truestudio for stm32 9.3.0/armtools/bin/../lib/gcc/arm-atollic-eabi/6.3.1/armv7e-m/fpu/crti.o
                0x08009788                _init
 .init          0x0800978c        0x8 c:/program files (x86)/atollic/truestudio for stm32 9.3.0/armtools/bin/../lib/gcc/arm-atollic-eabi/6.3.1/armv7e-m/fpu/crtn.o
 *(.fini)
 .fini          0x08009794        0x4 c:/program files (x86)/atollic/truestudio for stm32 9.3.0/armtools/bin/../lib/gcc/arm-atollic-eabi/6.3.1/armv7e-m/fpu/crti.o
                0x08009794                _fini
 .fini          0x08009798        0x8 c:/program files (x86)/atollic/truestudio for stm32 9.3.0/armtools/bin/../lib/gcc/arm-atollic-eabi/6.3.1/armv7e-m/fpu/crtn.o
                0x080097a0                . = ALIGN (0x4)
                0x080097a0                _etext = .

.vfp11_veneer   0x080097a0        0x0
 .vfp11_veneer  0x080097a0        0x0 linker stubs

.v4_bx          0x080097a0        0x0
 .v4_bx         0x080097a0        0x0 linker stubs

.iplt           0x080097a0        0x0
 .iplt          0x080097a0        0x0 c:/program files (x86)/atollic/truestudio for stm32 9.3.0/armtools/bin/../lib/gcc/arm-atollic-eabi/6.3.1/armv7e-m/fpu/crtbegin.o

.rodata         0x080097a0      0x134
                0x080097a0                . = ALIGN (0x4)
 *(.rodata)
 *(.rodata*)
 .rodata.ExCvt  0x080097a0       0x80 Middlewares\Third_Party\FatFs\src\ff.o
 .rodata.follow_path.str1.1
                0x08009820        0xf Middlewares\Third_Party\FatFs\src\ff.o
 .rodata.function15.str1.1
                0x0800982f        0xc Src\modem.o
 .rodata.function17.str1.1
                0x0800983b        0xd Src\modem.o
 .rodata.function18.str1.1
                0x08009848        0xb Src\modem.o
 .rodata.function1_1.str1.1
                0x08009853        0x5 Src\modem.o
 .rodata.function_10.str1.1
                0x08009858        0xa Src\modem.o
 .rodata.getDateAndTimeFromGPS.str1.1
                0x08009862        0x8 Src\modem.o
 .rodata.program3.str1.1
                0x0800986a       0x14 Src\modem.o
 .rodata.readDateSD.str1.1
                0x0800987e        0x9 Src\modem.o
 .rodata.readDaySD.str1.1
                0x08009887        0x8 Src\modem.o
 .rodata.readPhaseSD.str1.1
                0x0800988f        0xa Src\modem.o
 .rodata.readPlanSD.str1.1
                0x08009899        0xa Src\modem.o
 .rodata.slaveResponseLORA.str1.1
                0x080098a3        0x2 Src\modem.o
 *fill*         0x080098a5        0x3 
 .rodata.SD_Driver
                0x080098a8       0x14 Src\sd_diskio.o
                0x080098a8                SD_Driver
 .rodata.AHBPrescTable
                0x080098bc       0x10 Src\system_stm32f4xx.o
                0x080098bc                AHBPrescTable
 .rodata.APBPrescTable
                0x080098cc        0x8 Src\system_stm32f4xx.o
                0x080098cc                APBPrescTable
                0x080098d4                . = ALIGN (0x4)

.ARM.extab
 *(.ARM.extab* .gnu.linkonce.armextab.*)

.ARM            0x080098d4        0x8
                0x080098d4                __exidx_start = .
 *(.ARM.exidx*)
 .ARM.exidx     0x080098d4        0x8 c:/program files (x86)/atollic/truestudio for stm32 9.3.0/armtools/bin/../lib/gcc/arm-atollic-eabi/6.3.1/armv7e-m/fpu\libgcc.a(_udivmoddi4.o)
                0x080098dc                __exidx_end = .

.rel.dyn        0x080098dc        0x0
 .rel.iplt      0x080098dc        0x0 c:/program files (x86)/atollic/truestudio for stm32 9.3.0/armtools/bin/../lib/gcc/arm-atollic-eabi/6.3.1/armv7e-m/fpu/crtbegin.o

.preinit_array  0x080098dc        0x0
                0x080098dc                PROVIDE (__preinit_array_start, .)
 *(.preinit_array*)
                0x080098dc                PROVIDE (__preinit_array_end, .)

.init_array     0x080098dc        0x4
                0x080098dc                PROVIDE (__init_array_start, .)
 *(SORT(.init_array.*))
 *(.init_array*)
 .init_array    0x080098dc        0x4 c:/program files (x86)/atollic/truestudio for stm32 9.3.0/armtools/bin/../lib/gcc/arm-atollic-eabi/6.3.1/armv7e-m/fpu/crtbegin.o
                0x080098e0                PROVIDE (__init_array_end, .)

.fini_array     0x080098e0        0x4
                [!provide]                PROVIDE (__fini_array_start, .)
 *(SORT(.fini_array.*))
 *(.fini_array*)
 .fini_array    0x080098e0        0x4 c:/program files (x86)/atollic/truestudio for stm32 9.3.0/armtools/bin/../lib/gcc/arm-atollic-eabi/6.3.1/armv7e-m/fpu/crtbegin.o
                [!provide]                PROVIDE (__fini_array_end, .)
                0x080098e4                _sidata = LOADADDR (.data)

.data           0x20000000       0x24 load address 0x080098e4
                0x20000000                . = ALIGN (0x4)
                0x20000000                _sdata = .
 *(.data)
 *(.data*)
 .data.uwTickFreq
                0x20000000        0x1 Drivers\STM32F4xx_HAL_Driver\Src\stm32f4xx_hal.o
                0x20000000                uwTickFreq
 *fill*         0x20000001        0x3 
 .data.uwTickPrio
                0x20000004        0x4 Drivers\STM32F4xx_HAL_Driver\Src\stm32f4xx_hal.o
                0x20000004                uwTickPrio
 .data.slaveNo  0x20000008        0x4 Src\main.o
                0x20000008                slaveNo
 .data.fileNo   0x2000000c        0x1 Src\modem.o
                0x2000000c                fileNo
 .data.junctionId
                0x2000000d        0x1 Src\modem.o
                0x2000000d                junctionId
 *fill*         0x2000000e        0x2 
 .data.lSec     0x20000010        0x4 Src\modem.o
                0x20000010                lSec
 .data.lsSec    0x20000014        0x4 Src\modem.o
                0x20000014                lsSec
 .data.padestarianTime
                0x20000018        0x4 Src\modem.o
                0x20000018                padestarianTime
 .data.planA5GT
                0x2000001c        0x1 Src\modem.o
                0x2000001c                planA5GT
 .data.planS5GT
                0x2000001d        0x1 Src\modem.o
                0x2000001d                planS5GT
 .data.Stat     0x2000001e        0x1 Src\sd_diskio.o
 *fill*         0x2000001f        0x1 
 .data.SystemCoreClock
                0x20000020        0x4 Src\system_stm32f4xx.o
                0x20000020                SystemCoreClock
                0x20000024                . = ALIGN (0x4)
                0x20000024                _edata = .
                0x08009908                _siccmram = LOADADDR (.ccmram)

.igot.plt       0x20000024        0x0 load address 0x08009908
 .igot.plt      0x20000024        0x0 c:/program files (x86)/atollic/truestudio for stm32 9.3.0/armtools/bin/../lib/gcc/arm-atollic-eabi/6.3.1/armv7e-m/fpu/crtbegin.o

.ccmram         0x10000000        0x0 load address 0x08009908
                0x10000000                . = ALIGN (0x4)
                0x10000000                _sccmram = .
 *(.ccmram)
 *(.ccmram*)
                0x10000000                . = ALIGN (0x4)
                0x10000000                _eccmram = .
                0x10000000                . = ALIGN (0x4)

.bss            0x20000024     0x58b8
                0x20000024                _sbss = .
                0x20000024                __bss_start__ = _sbss
 *(.bss)
 .bss           0x20000024       0x1c c:/program files (x86)/atollic/truestudio for stm32 9.3.0/armtools/bin/../lib/gcc/arm-atollic-eabi/6.3.1/armv7e-m/fpu/crtbegin.o
 *(.bss*)
 .bss.FatFs     0x20000040        0x4 Middlewares\Third_Party\FatFs\src\ff.o
 .bss.Files     0x20000044       0x20 Middlewares\Third_Party\FatFs\src\ff.o
 .bss.Fsid      0x20000064        0x2 Middlewares\Third_Party\FatFs\src\ff.o
 *fill*         0x20000066        0x2 
 .bss.disk      0x20000068        0xc Middlewares\Third_Party\FatFs\src\ff_gen_drv.o
                0x20000068                disk
 .bss.i         0x20000074        0x4 Src\eeprom.o
 .bss.CRCValue  0x20000078        0x4 Src\main.o
                0x20000078                CRCValue
 .bss.communicationStatus
                0x2000007c        0x1 Src\main.o
                0x2000007c                communicationStatus
 *fill*         0x2000007d        0x3 
 .bss.crcbits   0x20000080        0x4 Src\main.o
                0x20000080                crcbits
 .bss.functionRec
                0x20000084        0x4 Src\main.o
                0x20000084                functionRec
 .bss.min       0x20000088        0x4 Src\main.o
                0x20000088                min
 .bss.slave1Rsp
                0x2000008c        0x4 Src\main.o
                0x2000008c                slave1Rsp
 .bss.slave1Transmit
                0x20000090        0x4 Src\main.o
                0x20000090                slave1Transmit
 .bss.slave2Rsp
                0x20000094        0x4 Src\main.o
                0x20000094                slave2Rsp
 .bss.slave2Transmit
                0x20000098        0x4 Src\main.o
                0x20000098                slave2Transmit
 .bss.slave3Rsp
                0x2000009c        0x4 Src\main.o
                0x2000009c                slave3Rsp
 .bss.slave3Transmit
                0x200000a0        0x4 Src\main.o
                0x200000a0                slave3Transmit
 .bss.slave4Rsp
                0x200000a4        0x4 Src\main.o
                0x200000a4                slave4Rsp
 .bss.slave4Transmit
                0x200000a8        0x4 Src\main.o
                0x200000a8                slave4Transmit
 .bss.ChangeByte13.10671
                0x200000ac        0x1 Src\modem.o
 *fill*         0x200000ad        0x3 
 .bss.clearance_Mode_Last
                0x200000b0        0x4 Src\modem.o
                0x200000b0                clearance_Mode_Last
 .bss.clearance_Side
                0x200000b4        0x1 Src\modem.o
                0x200000b4                clearance_Side
 .bss.clearenceMode
                0x200000b5        0x1 Src\modem.o
                0x200000b5                clearenceMode
 .bss.clearenceModeLast
                0x200000b6        0x1 Src\modem.o
                0x200000b6                clearenceModeLast
 .bss.clearenceSide
                0x200000b7        0x1 Src\modem.o
                0x200000b7                clearenceSide
 .bss.counterOfPlan
                0x200000b8        0x4 Src\modem.o
                0x200000b8                counterOfPlan
 .bss.dateID    0x200000bc        0x1 Src\modem.o
                0x200000bc                dateID
 .bss.dateSlotNo
                0x200000bd        0x1 Src\modem.o
                0x200000bd                dateSlotNo
 .bss.dayID     0x200000be        0x1 Src\modem.o
                0x200000be                dayID
 .bss.daySlotNo
                0x200000bf        0x1 Src\modem.o
                0x200000bf                daySlotNo
 .bss.eepromAddress
                0x200000c0        0x4 Src\modem.o
                0x200000c0                eepromAddress
 .bss.extendCnt
                0x200000c4        0x4 Src\modem.o
                0x200000c4                extendCnt
 .bss.extendCnt1
                0x200000c8        0x4 Src\modem.o
                0x200000c8                extendCnt1
 .bss.fieldActionFlag
                0x200000cc        0x4 Src\modem.o
                0x200000cc                fieldActionFlag
 .bss.i.10670   0x200000d0        0x1 Src\modem.o
 *fill*         0x200000d1        0x3 
 .bss.incCnt    0x200000d4        0x4 Src\modem.o
                0x200000d4                incCnt
 .bss.isReprogrammed
                0x200000d8        0x4 Src\modem.o
                0x200000d8                isReprogrammed
 .bss.laserOn   0x200000dc        0x4 Src\modem.o
                0x200000dc                laserOn
 .bss.mapIDForCurrentPhases
                0x200000e0        0x4 Src\modem.o
                0x200000e0                mapIDForCurrentPhases
 .bss.noOfDateSlots
                0x200000e4        0x1 Src\modem.o
                0x200000e4                noOfDateSlots
 .bss.noOfDaySlots
                0x200000e5        0x1 Src\modem.o
                0x200000e5                noOfDaySlots
 .bss.noOfPhase
                0x200000e6        0x1 Src\modem.o
                0x200000e6                noOfPhase
 *fill*         0x200000e7        0x1 
 .bss.noOfPhasesInMapID
                0x200000e8        0x4 Src\modem.o
                0x200000e8                noOfPhasesInMapID
 .bss.noOfPlans
                0x200000ec        0x1 Src\modem.o
                0x200000ec                noOfPlans
 .bss.noOfSides
                0x200000ed        0x1 Src\modem.o
                0x200000ed                noOfSides
 *fill*         0x200000ee        0x2 
 .bss.phaseMapCnt
                0x200000f0        0x4 Src\modem.o
                0x200000f0                phaseMapCnt
 .bss.phaseMapCnt1
                0x200000f4        0x4 Src\modem.o
                0x200000f4                phaseMapCnt1
 .bss.pinExtend_High
                0x200000f8        0x4 Src\modem.o
                0x200000f8                pinExtend_High
 .bss.pinExtend_HighLast
                0x200000fc        0x4 Src\modem.o
                0x200000fc                pinExtend_HighLast
 .bss.pinExtend_On
                0x20000100        0x4 Src\modem.o
                0x20000100                pinExtend_On
 .bss.pin_High  0x20000104        0x4 Src\modem.o
                0x20000104                pin_High
 .bss.pin_HighLast
                0x20000108        0x4 Src\modem.o
                0x20000108                pin_HighLast
 .bss.powerStatus
                0x2000010c        0x1 Src\modem.o
                0x2000010c                powerStatus
 .bss.programVersionNo
                0x2000010d        0x1 Src\modem.o
                0x2000010d                programVersionNo
 .bss.programVersionNoLast
                0x2000010e        0x1 Src\modem.o
                0x2000010e                programVersionNoLast
 .bss.registrationStatus
                0x2000010f        0x1 Src\modem.o
                0x2000010f                registrationStatus
 .bss.returnMode
                0x20000110        0x4 Src\modem.o
                0x20000110                returnMode
 .bss.secLast   0x20000114        0x4 Src\modem.o
                0x20000114                secLast
 .bss.test      0x20000118        0x4 Src\modem.o
                0x20000118                test
 .bss.totalNoOfMap
                0x2000011c        0x4 Src\modem.o
                0x2000011c                totalNoOfMap
 .bss.totalNoOfPhases
                0x20000120        0x1 Src\modem.o
                0x20000120                totalNoOfPhases
 *fill*         0x20000121        0x3 
 .bss.totalNoOfPhasesInMapID
                0x20000124        0x4 Src\modem.o
                0x20000124                totalNoOfPhasesInMapID
 .bss.totalNoOfPlans
                0x20000128        0x1 Src\modem.o
                0x20000128                totalNoOfPlans
 .bss.totalPhase
                0x20000129        0x1 Src\modem.o
                0x20000129                totalPhase
 *fill*         0x2000012a        0x2 
 .bss.total_Phases
                0x2000012c        0x4 Src\modem.o
                0x2000012c                total_Phases
 .bss.msgCntr   0x20000130        0x2 Src\msgParse.o
                0x20000130                msgCntr
 .bss.signCntr  0x20000132        0x2 Src\msgParse.o
                0x20000132                signCntr
 .bss.RxCount1  0x20000134        0x2 Src\stm32f4xx_it.o
                0x20000134                RxCount1
 .bss.RxCount2  0x20000136        0x2 Src\stm32f4xx_it.o
                0x20000136                RxCount2
 .bss.RxCount3  0x20000138        0x2 Src\stm32f4xx_it.o
                0x20000138                RxCount3
 .bss.RxCount4  0x2000013a        0x2 Src\stm32f4xx_it.o
                0x2000013a                RxCount4
 .bss.flag1     0x2000013c        0x4 Src\stm32f4xx_it.o
                0x2000013c                flag1
 .bss.flag2     0x20000140        0x4 Src\stm32f4xx_it.o
                0x20000140                flag2
 .bss.flag3     0x20000144        0x4 Src\stm32f4xx_it.o
                0x20000144                flag3
 .bss.flag4     0x20000148        0x4 Src\stm32f4xx_it.o
                0x20000148                flag4
 *(COMMON)
 COMMON         0x2000014c       0x10 Drivers\STM32F4xx_HAL_Driver\Src\stm32f4xx_hal.o
                0x2000014c                millisec1
                0x20000150                uwTick
                0x20000154                sec1
                0x20000158                millisec
 COMMON         0x2000015c       0x20 Drivers\STM32F4xx_HAL_Driver\Src\stm32f4xx_hal_flash.o
                0x2000015c                pFlash
 COMMON         0x2000017c      0x195 Src\GPS.o
                0x2000017c                aRxBuffer6
                0x2000025d                frame1
 *fill*         0x20000311        0x3 
 COMMON         0x20000314      0x5c8 Src\SDCard.o
                0x20000314                readBytes
                0x20000474                FatFs
                0x200006a4                rres
                0x200006a8                fres
                0x200006ac                fil
 COMMON         0x200008dc        0x1 Src\eeprom.o
                0x200008dc                TmpData
 *fill*         0x200008dd        0x3 
 COMMON         0x200008e0      0x468 Src\fatfs.o
                0x200008e0                retSD
                0x200008e1                SDPath
                0x200008e8                SDFile
                0x20000b18                SDFatFS
 COMMON         0x20000d48       0xdc Src\laser.o
                0x20000d48                hcrc
                0x20000d50                LaserPinState
                0x20000d54                sideNo
                0x20000d58                sideGreen
                0x20000d5c                data
 COMMON         0x20000e24      0x7d1 Src\main.o
                0x20000e24                isGreen
                0x20000e28                TimingDelay3
                0x20000e2c                minCounter
                0x20000e30                huart3
                0x20000e70                hi2c1
                0x20000ec4                sTime
                0x20000ed8                msgTx
                0x20000edc                msgUnPrcd4
                0x20000ee0                laserPinStatusFlag
                0x20000ee4                TimingDelay
                0x20000ee8                aRxBuffer5
                0x20000fc9                Disp1
                0x20000ff4                msgUnPrcd
                0x20000ff8                crcstring
                0x20000ffc                aRxBuffer3
                0x200010dd                Disp
                0x20001108                huart1
                0x20001148                planTime
                0x2000117a                sDate
                0x20001180                electricSupplyStatus
                0x20001184                TimingDelay2
                0x20001188                hrtc
                0x200011a8                byte
                0x200011ac                dataToRead
                0x200011b8                TimingDelay5
                0x200011bc                msgUnPrcd3
                0x200011c0                hsd
                0x20001244                aRxBuffer1
                0x20001328                isGreenLast
                0x2000132c                huart6
                0x2000136c                aRxBuffer
                0x20001450                secondLaserPinStatus
                0x20001454                msgUnPrcd1
                0x20001458                aRxBuffer4
                0x2000153c                stringInt
                0x200015a0                TimingDelay4
                0x200015a4                huart2
                0x200015e4                msgRec
                0x200015e8                signVal
                0x200015ec                TimingDelay1
                0x200015f0                msgUnPrcd5
                0x200015f4                minLast
 *fill*         0x200015f5        0x3 
 COMMON         0x200015f8     0x3ca7 Src\modem.o
                0x200015f8                side4
                0x20001607                side
                0x20001608                sideNo1
                0x2000160c                DateLast
                0x2000160d                planS2GT
                0x20001610                secondaryVerticalByte
                0x20001628                unitPlaceSegment
                0x20001640                side1PoleType
                0x20001644                data1
                0x20001655                leftGreen
                0x20001656                sideNo3_1
                0x20001657                slaveDetails
                0x20001678                sideNo4
                0x2000167c                signVal1
                0x20001680                Flash_Data
                0x20002634                side3
                0x20002643                GPSDay
                0x20002644                Hours
                0x20002645                planOnHr
                0x20002648                test1
                0x200035e8                junctionName
                0x200035f8                primaryVerticalByte
                0x20003610                secondaryHorizontalByte
                0x20003628                secondaryByteCommand
                0x2000363c                side5
                0x2000364c                state
                0x20003650                plan_ID
                0x20003651                planID
                0x20003654                changeMode
                0x20003658                GPSMin
                0x2000365c                side2PoleType
                0x20003660                Date
                0x20003661                MaxDayOfMonth
                0x20003664                primaryHorizontalByte
                0x2000367c                seekCntForDayAndDate
                0x20003680                cntVal
                0x20003684                secondaryByte
                0x2000369c                programFromBLE
                0x200036a0                sideNo2
                0x200036a4                phaseMapArray
                0x20003708                bytesToWriteInSD
                0x2000373c                primaryByte
                0x20003754                inputPinStatus
                0x20003758                phaseNo
                0x2000375c                noOfPhases_Map
                0x20003760                hundredPlaceSegment
                0x20003778                Data
                0x200037dc                planS1GT
                0x200037e0                tenPlaceSegment
                0x200037f8                phaseList
                0x200039ec                mapID
                0x200039ed                changedSide
                0x200039f0                phase_No
                0x200039f4                side2
                0x20003a04                clearanceMode
                0x20003a08                noOfPlansNew
                0x20003a0c                GPSHr
                0x20003a0d                GPSYear
                0x20003a0e                planOnM
                0x20003a10                side5PoleType
                0x20003a14                planA2GT
                0x20003a18                side3PoleType
                0x20003a1c                planS3GT
                0x20003a1d                GPSMonth
                0x20003a1e                phaseMapIDList
                0x20003ae8                side4PoleType
                0x20003aec                phase_ID
                0x20003aed                planNo
                0x20003af0                count
                0x20003af4                Year
                0x20003af5                sideNo2_1
                0x20003af6                planA3GT
                0x20003af7                planOffM
                0x20003af8                sideNo3
                0x20003afc                checkServerJumpExtend
                0x20003b00                planA4GT
                0x20003b01                frame
                0x20003bb5                planDetailsArray
                0x20003c4b                planS4GT
                0x20003c4c                planA1GT
                0x20003c50                primaryByteCommand
                0x20003c64                currentPlanPhases
                0x20003d60                AddressOfPhase
                0x20003d64                dateSlot
                0x20003d70                serverMode
                0x20003d74                Month
                0x20003d75                first
                0x20003d86                Map_IDCurrent
                0x20003db8                crcVal
                0x20003dbd                sideNo4_1
                0x20003dc0                a
                0x20004d60                phaseData
                0x20005210                planOffHr
                0x20005211                Minutes
                0x20005212                planMode
                0x20005213                Seconds
                0x20005214                clearance_Mode
                0x20005215                side1
                0x20005224                GPSSec
                0x20005225                sideNo1_1
                0x20005226                Color
                0x2000528a                signalData
                0x2000529e                pedestrainByte
 COMMON         0x2000529f      0x154 Src\msgParse.o
                0x2000529f                sign
                0x20005312                string
 *fill*         0x200053f3        0x1 
 COMMON         0x200053f4      0x4e8 Src\stm32f4xx_it.o
                0x200053f4                RecMsg4
                0x200054ee                RecMsg2
                0x200055e8                RecMsg5
                0x200056e2                RecMsg3
                0x200057dc                RecMsg1
                0x200058d8                pointerOfArray
                0x200058dc                . = ALIGN (0x4)
                0x200058dc                _ebss = .
                0x200058dc                __bss_end__ = _ebss

._user_heap_stack
                0x200058dc      0x600
                0x200058dc                . = ALIGN (0x4)
                0x200058dc                PROVIDE (end, .)
                [!provide]                PROVIDE (_end, .)
                0x20005adc                . = (. + _Min_Heap_Size)
 *fill*         0x200058dc      0x200 
                0x20005edc                . = (. + _Min_Stack_Size)
 *fill*         0x20005adc      0x400 
                0x20005edc                . = ALIGN (0x4)

/DISCARD/
 libc.a(*)
 libm.a(*)
 libgcc.a(*)

.ARM.attributes
                0x00000000       0x30
 *(.ARM.attributes)
 .ARM.attributes
                0x00000000       0x22 c:/program files (x86)/atollic/truestudio for stm32 9.3.0/armtools/bin/../lib/gcc/arm-atollic-eabi/6.3.1/armv7e-m/fpu/crti.o
 .ARM.attributes
                0x00000022       0x34 c:/program files (x86)/atollic/truestudio for stm32 9.3.0/armtools/bin/../lib/gcc/arm-atollic-eabi/6.3.1/armv7e-m/fpu/crtbegin.o
 .ARM.attributes
                0x00000056       0x39 Drivers\STM32F4xx_HAL_Driver\Src\stm32f4xx_hal.o
 .ARM.attributes
                0x0000008f       0x39 Drivers\STM32F4xx_HAL_Driver\Src\stm32f4xx_hal_cortex.o
 .ARM.attributes
                0x000000c8       0x39 Drivers\STM32F4xx_HAL_Driver\Src\stm32f4xx_hal_crc.o
 .ARM.attributes
                0x00000101       0x39 Drivers\STM32F4xx_HAL_Driver\Src\stm32f4xx_hal_dma.o
 .ARM.attributes
                0x0000013a       0x39 Drivers\STM32F4xx_HAL_Driver\Src\stm32f4xx_hal_flash.o
 .ARM.attributes
                0x00000173       0x39 Drivers\STM32F4xx_HAL_Driver\Src\stm32f4xx_hal_flash_ex.o
 .ARM.attributes
                0x000001ac       0x39 Drivers\STM32F4xx_HAL_Driver\Src\stm32f4xx_hal_gpio.o
 .ARM.attributes
                0x000001e5       0x39 Drivers\STM32F4xx_HAL_Driver\Src\stm32f4xx_hal_i2c.o
 .ARM.attributes
                0x0000021e       0x39 Drivers\STM32F4xx_HAL_Driver\Src\stm32f4xx_hal_rcc.o
 .ARM.attributes
                0x00000257       0x39 Drivers\STM32F4xx_HAL_Driver\Src\stm32f4xx_hal_rcc_ex.o
 .ARM.attributes
                0x00000290       0x39 Drivers\STM32F4xx_HAL_Driver\Src\stm32f4xx_hal_rtc.o
 .ARM.attributes
                0x000002c9       0x39 Drivers\STM32F4xx_HAL_Driver\Src\stm32f4xx_hal_sd.o
 .ARM.attributes
                0x00000302       0x39 Drivers\STM32F4xx_HAL_Driver\Src\stm32f4xx_hal_uart.o
 .ARM.attributes
                0x0000033b       0x39 Drivers\STM32F4xx_HAL_Driver\Src\stm32f4xx_ll_sdmmc.o
 .ARM.attributes
                0x00000374       0x39 Middlewares\Third_Party\FatFs\src\diskio.o
 .ARM.attributes
                0x000003ad       0x39 Middlewares\Third_Party\FatFs\src\ff.o
 .ARM.attributes
                0x000003e6       0x39 Middlewares\Third_Party\FatFs\src\ff_gen_drv.o
 .ARM.attributes
                0x0000041f       0x39 Src\GPS.o
 .ARM.attributes
                0x00000458       0x39 Src\SDCard.o
 .ARM.attributes
                0x00000491       0x39 Src\bsp_driver_sd.o
 .ARM.attributes
                0x000004ca       0x39 Src\eeprom.o
 .ARM.attributes
                0x00000503       0x39 Src\fatfs.o
 .ARM.attributes
                0x0000053c       0x39 Src\flash.o
 .ARM.attributes
                0x00000575       0x39 Src\interrupt.o
 .ARM.attributes
                0x000005ae       0x39 Src\laser.o
 .ARM.attributes
                0x000005e7       0x39 Src\main.o
 .ARM.attributes
                0x00000620       0x39 Src\modem.o
 .ARM.attributes
                0x00000659       0x39 Src\msgParse.o
 .ARM.attributes
                0x00000692       0x39 Src\sd_diskio.o
 .ARM.attributes
                0x000006cb       0x39 Src\stm32f4xx_hal_msp.o
 .ARM.attributes
                0x00000704       0x39 Src\stm32f4xx_it.o
 .ARM.attributes
                0x0000073d       0x39 Src\system_stm32f4xx.o
 .ARM.attributes
                0x00000776       0x21 startup\startup_stm32f407xx.o
 .ARM.attributes
                0x00000797       0x34 c:/program files (x86)/atollic/truestudio for stm32 9.3.0/armtools/bin/../lib/gcc/arm-atollic-eabi/6.3.1/../../../../arm-atollic-eabi/lib/armv7e-m/fpu\libc_nano.a(lib_a-init.o)
 .ARM.attributes
                0x000007cb       0x34 c:/program files (x86)/atollic/truestudio for stm32 9.3.0/armtools/bin/../lib/gcc/arm-atollic-eabi/6.3.1/../../../../arm-atollic-eabi/lib/armv7e-m/fpu\libc_nano.a(lib_a-memset.o)
 .ARM.attributes
                0x000007ff       0x34 c:/program files (x86)/atollic/truestudio for stm32 9.3.0/armtools/bin/../lib/gcc/arm-atollic-eabi/6.3.1/../../../../arm-atollic-eabi/lib/armv7e-m/fpu\libc_nano.a(lib_a-strncmp.o)
 .ARM.attributes
                0x00000833       0x22 c:/program files (x86)/atollic/truestudio for stm32 9.3.0/armtools/bin/../lib/gcc/arm-atollic-eabi/6.3.1/armv7e-m/fpu\libgcc.a(_aeabi_uldivmod.o)
 .ARM.attributes
                0x00000855       0x34 c:/program files (x86)/atollic/truestudio for stm32 9.3.0/armtools/bin/../lib/gcc/arm-atollic-eabi/6.3.1/armv7e-m/fpu\libgcc.a(_udivmoddi4.o)
 .ARM.attributes
                0x00000889       0x22 c:/program files (x86)/atollic/truestudio for stm32 9.3.0/armtools/bin/../lib/gcc/arm-atollic-eabi/6.3.1/armv7e-m/fpu\libgcc.a(_dvmd_tls.o)
 .ARM.attributes
                0x000008ab       0x22 c:/program files (x86)/atollic/truestudio for stm32 9.3.0/armtools/bin/../lib/gcc/arm-atollic-eabi/6.3.1/armv7e-m/fpu/crtn.o
OUTPUT(Master1.3.elf elf32-littlearm)

.debug_info     0x00000000    0x2a18c
 .debug_info    0x00000000      0xa35 Drivers\STM32F4xx_HAL_Driver\Src\stm32f4xx_hal.o
 .debug_info    0x00000a35      0xf39 Drivers\STM32F4xx_HAL_Driver\Src\stm32f4xx_hal_cortex.o
 .debug_info    0x0000196e      0x41e Drivers\STM32F4xx_HAL_Driver\Src\stm32f4xx_hal_crc.o
 .debug_info    0x00001d8c      0xa4c Drivers\STM32F4xx_HAL_Driver\Src\stm32f4xx_hal_dma.o
 .debug_info    0x000027d8      0x749 Drivers\STM32F4xx_HAL_Driver\Src\stm32f4xx_hal_flash.o
 .debug_info    0x00002f21      0x88f Drivers\STM32F4xx_HAL_Driver\Src\stm32f4xx_hal_flash_ex.o
 .debug_info    0x000037b0      0x775 Drivers\STM32F4xx_HAL_Driver\Src\stm32f4xx_hal_gpio.o
 .debug_info    0x00003f25     0x334f Drivers\STM32F4xx_HAL_Driver\Src\stm32f4xx_hal_i2c.o
 .debug_info    0x00007274      0xa57 Drivers\STM32F4xx_HAL_Driver\Src\stm32f4xx_hal_rcc.o
 .debug_info    0x00007ccb      0x663 Drivers\STM32F4xx_HAL_Driver\Src\stm32f4xx_hal_rcc_ex.o
 .debug_info    0x0000832e      0xe86 Drivers\STM32F4xx_HAL_Driver\Src\stm32f4xx_hal_rtc.o
 .debug_info    0x000091b4     0x2292 Drivers\STM32F4xx_HAL_Driver\Src\stm32f4xx_hal_sd.o
 .debug_info    0x0000b446     0x16c9 Drivers\STM32F4xx_HAL_Driver\Src\stm32f4xx_hal_uart.o
 .debug_info    0x0000cb0f     0x16d3 Drivers\STM32F4xx_HAL_Driver\Src\stm32f4xx_ll_sdmmc.o
 .debug_info    0x0000e1e2      0xcc9 Middlewares\Third_Party\FatFs\src\diskio.o
 .debug_info    0x0000eeab     0x5037 Middlewares\Third_Party\FatFs\src\ff.o
 .debug_info    0x00013ee2      0xcff Middlewares\Third_Party\FatFs\src\ff_gen_drv.o
 .debug_info    0x00014be1     0x1445 Src\GPS.o
 .debug_info    0x00016026     0x115d Src\SDCard.o
 .debug_info    0x00017183      0xc41 Src\bsp_driver_sd.o
 .debug_info    0x00017dc4     0x1050 Src\eeprom.o
 .debug_info    0x00018e14      0xd54 Src\fatfs.o
 .debug_info    0x00019b68     0x16bb Src\flash.o
 .debug_info    0x0001b223      0x5eb Src\interrupt.o
 .debug_info    0x0001b80e     0x11e3 Src\laser.o
 .debug_info    0x0001c9f1     0x2e7d Src\main.o
 .debug_info    0x0001f86e     0x6ec7 Src\modem.o
 .debug_info    0x00026735      0x21f Src\msgParse.o
 .debug_info    0x00026954      0xee9 Src\sd_diskio.o
 .debug_info    0x0002783d     0x1a9c Src\stm32f4xx_hal_msp.o
 .debug_info    0x000292d9      0x909 Src\stm32f4xx_it.o
 .debug_info    0x00029be2      0x50a Src\system_stm32f4xx.o
 .debug_info    0x0002a0ec       0xa0 startup\startup_stm32f407xx.o

.debug_abbrev   0x00000000     0x4f61
 .debug_abbrev  0x00000000      0x24e Drivers\STM32F4xx_HAL_Driver\Src\stm32f4xx_hal.o
 .debug_abbrev  0x0000024e      0x314 Drivers\STM32F4xx_HAL_Driver\Src\stm32f4xx_hal_cortex.o
 .debug_abbrev  0x00000562      0x1c3 Drivers\STM32F4xx_HAL_Driver\Src\stm32f4xx_hal_crc.o
 .debug_abbrev  0x00000725      0x2e8 Drivers\STM32F4xx_HAL_Driver\Src\stm32f4xx_hal_dma.o
 .debug_abbrev  0x00000a0d      0x2d2 Drivers\STM32F4xx_HAL_Driver\Src\stm32f4xx_hal_flash.o
 .debug_abbrev  0x00000cdf      0x2ce Drivers\STM32F4xx_HAL_Driver\Src\stm32f4xx_hal_flash_ex.o
 .debug_abbrev  0x00000fad      0x1ef Drivers\STM32F4xx_HAL_Driver\Src\stm32f4xx_hal_gpio.o
 .debug_abbrev  0x0000119c      0x399 Drivers\STM32F4xx_HAL_Driver\Src\stm32f4xx_hal_i2c.o
 .debug_abbrev  0x00001535      0x2cb Drivers\STM32F4xx_HAL_Driver\Src\stm32f4xx_hal_rcc.o
 .debug_abbrev  0x00001800      0x172 Drivers\STM32F4xx_HAL_Driver\Src\stm32f4xx_hal_rcc_ex.o
 .debug_abbrev  0x00001972      0x240 Drivers\STM32F4xx_HAL_Driver\Src\stm32f4xx_hal_rtc.o
 .debug_abbrev  0x00001bb2      0x35a Drivers\STM32F4xx_HAL_Driver\Src\stm32f4xx_hal_sd.o
 .debug_abbrev  0x00001f0c      0x2fb Drivers\STM32F4xx_HAL_Driver\Src\stm32f4xx_hal_uart.o
 .debug_abbrev  0x00002207      0x2ae Drivers\STM32F4xx_HAL_Driver\Src\stm32f4xx_ll_sdmmc.o
 .debug_abbrev  0x000024b5      0x23d Middlewares\Third_Party\FatFs\src\diskio.o
 .debug_abbrev  0x000026f2      0x3ed Middlewares\Third_Party\FatFs\src\ff.o
 .debug_abbrev  0x00002adf      0x2a5 Middlewares\Third_Party\FatFs\src\ff_gen_drv.o
 .debug_abbrev  0x00002d84      0x209 Src\GPS.o
 .debug_abbrev  0x00002f8d      0x247 Src\SDCard.o
 .debug_abbrev  0x000031d4      0x2c8 Src\bsp_driver_sd.o
 .debug_abbrev  0x0000349c      0x1f9 Src\eeprom.o
 .debug_abbrev  0x00003695      0x204 Src\fatfs.o
 .debug_abbrev  0x00003899      0x29e Src\flash.o
 .debug_abbrev  0x00003b37      0x155 Src\interrupt.o
 .debug_abbrev  0x00003c8c      0x279 Src\laser.o
 .debug_abbrev  0x00003f05      0x325 Src\main.o
 .debug_abbrev  0x0000422a      0x40b Src\modem.o
 .debug_abbrev  0x00004635      0x101 Src\msgParse.o
 .debug_abbrev  0x00004736      0x2dd Src\sd_diskio.o
 .debug_abbrev  0x00004a13      0x260 Src\stm32f4xx_hal_msp.o
 .debug_abbrev  0x00004c73      0x1ce Src\stm32f4xx_it.o
 .debug_abbrev  0x00004e41      0x10e Src\system_stm32f4xx.o
 .debug_abbrev  0x00004f4f       0x12 startup\startup_stm32f407xx.o

.debug_loc      0x00000000    0x12b8f
 .debug_loc     0x00000000      0x11b Drivers\STM32F4xx_HAL_Driver\Src\stm32f4xx_hal.o
 .debug_loc     0x0000011b      0x4fb Drivers\STM32F4xx_HAL_Driver\Src\stm32f4xx_hal_cortex.o
 .debug_loc     0x00000616      0x1d5 Drivers\STM32F4xx_HAL_Driver\Src\stm32f4xx_hal_crc.o
 .debug_loc     0x000007eb      0x727 Drivers\STM32F4xx_HAL_Driver\Src\stm32f4xx_hal_dma.o
 .debug_loc     0x00000f12      0x2d9 Drivers\STM32F4xx_HAL_Driver\Src\stm32f4xx_hal_flash.o
 .debug_loc     0x000011eb      0x3e5 Drivers\STM32F4xx_HAL_Driver\Src\stm32f4xx_hal_flash_ex.o
 .debug_loc     0x000015d0      0x36d Drivers\STM32F4xx_HAL_Driver\Src\stm32f4xx_hal_gpio.o
 .debug_loc     0x0000193d     0x2f30 Drivers\STM32F4xx_HAL_Driver\Src\stm32f4xx_hal_i2c.o
 .debug_loc     0x0000486d      0x336 Drivers\STM32F4xx_HAL_Driver\Src\stm32f4xx_hal_rcc.o
 .debug_loc     0x00004ba3      0x2cf Drivers\STM32F4xx_HAL_Driver\Src\stm32f4xx_hal_rcc_ex.o
 .debug_loc     0x00004e72      0x821 Drivers\STM32F4xx_HAL_Driver\Src\stm32f4xx_hal_rtc.o
 .debug_loc     0x00005693     0x1b7d Drivers\STM32F4xx_HAL_Driver\Src\stm32f4xx_hal_sd.o
 .debug_loc     0x00007210     0x1335 Drivers\STM32F4xx_HAL_Driver\Src\stm32f4xx_hal_uart.o
 .debug_loc     0x00008545      0xedf Drivers\STM32F4xx_HAL_Driver\Src\stm32f4xx_ll_sdmmc.o
 .debug_loc     0x00009424      0x1c6 Middlewares\Third_Party\FatFs\src\diskio.o
 .debug_loc     0x000095ea     0x516a Middlewares\Third_Party\FatFs\src\ff.o
 .debug_loc     0x0000e754      0x216 Middlewares\Third_Party\FatFs\src\ff_gen_drv.o
 .debug_loc     0x0000e96a      0x273 Src\SDCard.o
 .debug_loc     0x0000ebdd      0x41e Src\bsp_driver_sd.o
 .debug_loc     0x0000effb      0x12e Src\eeprom.o
 .debug_loc     0x0000f129      0x162 Src\flash.o
 .debug_loc     0x0000f28b      0x215 Src\laser.o
 .debug_loc     0x0000f4a0     0x2f93 Src\modem.o
 .debug_loc     0x00012433       0xfd Src\msgParse.o
 .debug_loc     0x00012530      0x3a5 Src\sd_diskio.o
 .debug_loc     0x000128d5      0x19e Src\stm32f4xx_hal_msp.o
 .debug_loc     0x00012a73      0x11c Src\system_stm32f4xx.o

.debug_aranges  0x00000000     0x1528
 .debug_aranges
                0x00000000       0xe8 Drivers\STM32F4xx_HAL_Driver\Src\stm32f4xx_hal.o
 .debug_aranges
                0x000000e8       0xa8 Drivers\STM32F4xx_HAL_Driver\Src\stm32f4xx_hal_cortex.o
 .debug_aranges
                0x00000190       0x48 Drivers\STM32F4xx_HAL_Driver\Src\stm32f4xx_hal_crc.o
 .debug_aranges
                0x000001d8       0x80 Drivers\STM32F4xx_HAL_Driver\Src\stm32f4xx_hal_dma.o
 .debug_aranges
                0x00000258       0x90 Drivers\STM32F4xx_HAL_Driver\Src\stm32f4xx_hal_flash.o
 .debug_aranges
                0x000002e8       0x50 Drivers\STM32F4xx_HAL_Driver\Src\stm32f4xx_hal_flash_ex.o
 .debug_aranges
                0x00000338       0x58 Drivers\STM32F4xx_HAL_Driver\Src\stm32f4xx_hal_gpio.o
 .debug_aranges
                0x00000390      0x1b0 Drivers\STM32F4xx_HAL_Driver\Src\stm32f4xx_hal_i2c.o
 .debug_aranges
                0x00000540       0x88 Drivers\STM32F4xx_HAL_Driver\Src\stm32f4xx_hal_rcc.o
 .debug_aranges
                0x000005c8       0x48 Drivers\STM32F4xx_HAL_Driver\Src\stm32f4xx_hal_rcc_ex.o
 .debug_aranges
                0x00000610       0xa8 Drivers\STM32F4xx_HAL_Driver\Src\stm32f4xx_hal_rtc.o
 .debug_aranges
                0x000006b8       0xf8 Drivers\STM32F4xx_HAL_Driver\Src\stm32f4xx_hal_sd.o
 .debug_aranges
                0x000007b0      0x170 Drivers\STM32F4xx_HAL_Driver\Src\stm32f4xx_hal_uart.o
 .debug_aranges
                0x00000920      0x150 Drivers\STM32F4xx_HAL_Driver\Src\stm32f4xx_ll_sdmmc.o
 .debug_aranges
                0x00000a70       0x48 Middlewares\Third_Party\FatFs\src\diskio.o
 .debug_aranges
                0x00000ab8      0x1b8 Middlewares\Third_Party\FatFs\src\ff.o
 .debug_aranges
                0x00000c70       0x40 Middlewares\Third_Party\FatFs\src\ff_gen_drv.o
 .debug_aranges
                0x00000cb0       0x30 Src\GPS.o
 .debug_aranges
                0x00000ce0       0x48 Src\SDCard.o
 .debug_aranges
                0x00000d28       0xa8 Src\bsp_driver_sd.o
 .debug_aranges
                0x00000dd0       0x38 Src\eeprom.o
 .debug_aranges
                0x00000e08       0x28 Src\fatfs.o
 .debug_aranges
                0x00000e30       0x48 Src\flash.o
 .debug_aranges
                0x00000e78       0x20 Src\interrupt.o
 .debug_aranges
                0x00000e98       0xa8 Src\laser.o
 .debug_aranges
                0x00000f40       0x60 Src\main.o
 .debug_aranges
                0x00000fa0      0x3f0 Src\modem.o
 .debug_aranges
                0x00001390       0x28 Src\msgParse.o
 .debug_aranges
                0x000013b8       0x48 Src\sd_diskio.o
 .debug_aranges
                0x00001400       0x70 Src\stm32f4xx_hal_msp.o
 .debug_aranges
                0x00001470       0x68 Src\stm32f4xx_it.o
 .debug_aranges
                0x000014d8       0x28 Src\system_stm32f4xx.o
 .debug_aranges
                0x00001500       0x28 startup\startup_stm32f407xx.o

.debug_ranges   0x00000000     0x23b8
 .debug_ranges  0x00000000       0xd8 Drivers\STM32F4xx_HAL_Driver\Src\stm32f4xx_hal.o
 .debug_ranges  0x000000d8      0x128 Drivers\STM32F4xx_HAL_Driver\Src\stm32f4xx_hal_cortex.o
 .debug_ranges  0x00000200       0x38 Drivers\STM32F4xx_HAL_Driver\Src\stm32f4xx_hal_crc.o
 .debug_ranges  0x00000238       0xc8 Drivers\STM32F4xx_HAL_Driver\Src\stm32f4xx_hal_dma.o
 .debug_ranges  0x00000300       0xb0 Drivers\STM32F4xx_HAL_Driver\Src\stm32f4xx_hal_flash.o
 .debug_ranges  0x000003b0       0xd8 Drivers\STM32F4xx_HAL_Driver\Src\stm32f4xx_hal_flash_ex.o
 .debug_ranges  0x00000488       0x68 Drivers\STM32F4xx_HAL_Driver\Src\stm32f4xx_hal_gpio.o
 .debug_ranges  0x000004f0      0x3d0 Drivers\STM32F4xx_HAL_Driver\Src\stm32f4xx_hal_i2c.o
 .debug_ranges  0x000008c0       0xb0 Drivers\STM32F4xx_HAL_Driver\Src\stm32f4xx_hal_rcc.o
 .debug_ranges  0x00000970       0x50 Drivers\STM32F4xx_HAL_Driver\Src\stm32f4xx_hal_rcc_ex.o
 .debug_ranges  0x000009c0       0x98 Drivers\STM32F4xx_HAL_Driver\Src\stm32f4xx_hal_rtc.o
 .debug_ranges  0x00000a58      0x1f8 Drivers\STM32F4xx_HAL_Driver\Src\stm32f4xx_hal_sd.o
 .debug_ranges  0x00000c50      0x178 Drivers\STM32F4xx_HAL_Driver\Src\stm32f4xx_hal_uart.o
 .debug_ranges  0x00000dc8      0x1b8 Drivers\STM32F4xx_HAL_Driver\Src\stm32f4xx_ll_sdmmc.o
 .debug_ranges  0x00000f80       0x38 Middlewares\Third_Party\FatFs\src\diskio.o
 .debug_ranges  0x00000fb8      0x430 Middlewares\Third_Party\FatFs\src\ff.o
 .debug_ranges  0x000013e8       0x30 Middlewares\Third_Party\FatFs\src\ff_gen_drv.o
 .debug_ranges  0x00001418       0x20 Src\GPS.o
 .debug_ranges  0x00001438       0x38 Src\SDCard.o
 .debug_ranges  0x00001470       0x98 Src\bsp_driver_sd.o
 .debug_ranges  0x00001508       0x28 Src\eeprom.o
 .debug_ranges  0x00001530       0x18 Src\fatfs.o
 .debug_ranges  0x00001548       0x68 Src\flash.o
 .debug_ranges  0x000015b0       0x10 Src\interrupt.o
 .debug_ranges  0x000015c0       0xe0 Src\laser.o
 .debug_ranges  0x000016a0       0xa8 Src\main.o
 .debug_ranges  0x00001748      0xa50 Src\modem.o
 .debug_ranges  0x00002198       0x18 Src\msgParse.o
 .debug_ranges  0x000021b0       0x50 Src\sd_diskio.o
 .debug_ranges  0x00002200      0x128 Src\stm32f4xx_hal_msp.o
 .debug_ranges  0x00002328       0x58 Src\stm32f4xx_it.o
 .debug_ranges  0x00002380       0x18 Src\system_stm32f4xx.o
 .debug_ranges  0x00002398       0x20 startup\startup_stm32f407xx.o

.debug_line     0x00000000     0xd647
 .debug_line    0x00000000      0x42e Drivers\STM32F4xx_HAL_Driver\Src\stm32f4xx_hal.o
 .debug_line    0x0000042e      0x456 Drivers\STM32F4xx_HAL_Driver\Src\stm32f4xx_hal_cortex.o
 .debug_line    0x00000884      0x2b3 Drivers\STM32F4xx_HAL_Driver\Src\stm32f4xx_hal_crc.o
 .debug_line    0x00000b37      0x56f Drivers\STM32F4xx_HAL_Driver\Src\stm32f4xx_hal_dma.o
 .debug_line    0x000010a6      0x449 Drivers\STM32F4xx_HAL_Driver\Src\stm32f4xx_hal_flash.o
 .debug_line    0x000014ef      0x3ff Drivers\STM32F4xx_HAL_Driver\Src\stm32f4xx_hal_flash_ex.o
 .debug_line    0x000018ee      0x3e4 Drivers\STM32F4xx_HAL_Driver\Src\stm32f4xx_hal_gpio.o
 .debug_line    0x00001cd2     0x1bf1 Drivers\STM32F4xx_HAL_Driver\Src\stm32f4xx_hal_i2c.o
 .debug_line    0x000038c3      0x4f4 Drivers\STM32F4xx_HAL_Driver\Src\stm32f4xx_hal_rcc.o
 .debug_line    0x00003db7      0x396 Drivers\STM32F4xx_HAL_Driver\Src\stm32f4xx_hal_rcc_ex.o