stm32f4xx_hal.c:225:13:HAL_MspInit	0	static
stm32f4xx_hal.c:236:13:HAL_MspDeInit	0	static
stm32f4xx_hal.c:196:19:HAL_DeInit	8	static
stm32f4xx_hal.c:259:26:HAL_InitTick	16	static
stm32f4xx_hal.c:163:19:HAL_Init	8	static
stm32f4xx_hal.c:318:13:HAL_IncTick	0	static
stm32f4xx_hal.c:346:17:HAL_GetTick	0	static
stm32f4xx_hal.c:355:10:HAL_GetTickPrio	0	static
stm32f4xx_hal.c:364:19:HAL_SetTickFreq	8	static
stm32f4xx_hal.c:384:21:HAL_GetTickFreq	0	static
stm32f4xx_hal.c:400:13:HAL_Delay	16	static
stm32f4xx_hal.c:426:13:HAL_SuspendTick	0	static
stm32f4xx_hal.c:442:13:HAL_ResumeTick	0	static
stm32f4xx_hal.c:452:10:HAL_GetHalVersion	0	static
stm32f4xx_hal.c:461:10:HAL_GetREVID	0	static
stm32f4xx_hal.c:470:10:HAL_GetDEVID	0	static
stm32f4xx_hal.c:479:6:HAL_DBGMCU_EnableDBGSleepMode	0	static
stm32f4xx_hal.c:488:6:HAL_DBGMCU_DisableDBGSleepMode	0	static
stm32f4xx_hal.c:497:6:HAL_DBGMCU_EnableDBGStopMode	0	static
stm32f4xx_hal.c:506:6:HAL_DBGMCU_DisableDBGStopMode	0	static
stm32f4xx_hal.c:515:6:HAL_DBGMCU_EnableDBGStandbyMode	0	static
stm32f4xx_hal.c:524:6:HAL_DBGMCU_DisableDBGStandbyMode	0	static
stm32f4xx_hal.c:535:6:HAL_EnableCompensationCell	0	static
stm32f4xx_hal.c:546:6:HAL_DisableCompensationCell	0	static
stm32f4xx_hal.c:555:10:HAL_GetUIDw0	0	static
stm32f4xx_hal.c:564:10:HAL_GetUIDw1	0	static
stm32f4xx_hal.c:573:10:HAL_GetUIDw2	0	static
