laser.c:482:6:transferRecValues	8	static
laser.c:502:6:transferRecValuesToDataRecMsg2	8	static
laser.c:532:6:transferRecValuesToData	8	static
laser.c:563:6:transferRec1ValuesToData	8	static
laser.c:595:6:functionTransmitToSlave	24	static
laser.c:1022:6:transferingRecMsg2ToaRxBuffer	0	static
laser.c:1033:6:clearingRecBuffer	0	static
laser.c:1043:6:clearingDispBuffer	0	static
laser.c:1054:6:clearingDisp1Buffer	0	static
laser.c:1065:6:transferToaRxBuffer	0	static
laser.c:1079:6:clearingFrameBuffer	0	static
laser.c:167:6:function11	16	static
laser.c:327:6:function6	24	static
laser.c:84:6:laserM	16	static
laser.c:659:7:function6_A	24	static
laser.c:853:7:function10	24	static
laser.c:1090:6:clearingDataBuffer	0	static
laser.c:1103:6:slaveSelection	8	static
