modem.c:395:6:clearframe	0	static
modem.c:403:6:clearReadBytes	0	static
modem.c:410:6:clearBuffer	0	static
modem.c:418:6:clearDispBuffer	0	static
modem.c:429:6:clearFlashDataBuffer	0	static
modem.c:437:6:clearaRxBuffer	0	static
modem.c:445:6:clearBuffer1	0	static
modem.c:453:6:clearaRxBuffer1	0	static
modem.c:460:6:clearBuffer3	0	static
modem.c:468:6:clearaRxBuffer3	0	static
modem.c:476:6:clearBuffer4	0	static
modem.c:484:6:clearaRxBuffer4	0	static
modem.c:492:6:clearBuffer5	0	static
modem.c:500:6:clearaRxBuffer5	0	static
modem.c:510:6:clearPlanDetailsArrayBuffer	0	static
modem.c:520:6:clearPlanTimeBuffer	0	static
modem.c:531:6:transmit	8	static
modem.c:682:5:crcApi	8	static
modem.c:554:6:function7_1	8	static
modem.c:582:6:function7_2	24	static
modem.c:624:6:function3_1	8	static
modem.c:653:6:function3_2	8	static
modem.c:696:5:crcApiResponse	8	static
modem.c:710:6:transferDataValues	12	static
modem.c:740:6:function6_2	8	static
modem.c:782:6:function6_1	8	static
modem.c:824:6:sendToUsart1	0	static
modem.c:836:6:outputPin	8	static
modem.c:946:6:inputPin	8	static
modem.c:1425:5:function1_1	16	static
modem.c:1724:6:readMem	8	static
modem.c:1747:6:readMemSD	8	static
modem.c:1755:6:readDateSD	8	static
modem.c:1764:6:readDaySD	8	static
modem.c:1772:6:readPlanSD	8	static
modem.c:1782:6:readPhaseSD	8	static
modem.c:1790:6:readPhase	16	static
modem.c:2186:6:checkMode	8	static
modem.c:2268:5:crcApi2	8	static
modem.c:1800:5:function2	16	static
modem.c:2518:6:byteToIntegerVal	12	static
modem.c:2532:6:intToByte	0	static
modem.c:2548:6:byteToIntegerVal1	8	static
modem.c:2557:6:intToString	32	static
modem.c:2577:6:clearStringBuffer	0	static
modem.c:2583:6:intToChar	20	static
modem.c:2646:6:clearSecondBuffer	0	static
modem.c:2673:6:clearFirstBuffer	0	static
modem.c:2680:6:clearData1Buffer	0	static
modem.c:2654:6:trafficDisplay2Value	16	static
modem.c:2705:6:intToChar1	20	static
modem.c:2688:6:trafficDisplay1Value	16	static
modem.c:2768:6:checkMsgLengthForUart4	16	static
modem.c:2777:6:checkMsgLengthForUart2	16	static
modem.c:2785:6:getPhase	0	static
modem.c:2882:6:getPhaseSD	8	static
modem.c:2987:6:getPhaseSDCardNew	8	static
modem.c:4045:6:countDown	0	static
modem.c:4206:6:clearanceModeAction	8	static
modem.c:4611:6:phaseInfoAddress	24	static
modem.c:4644:6:sendMsgToSlave	32	static
modem.c:4984:6:slaveResponseLORA	16	static
modem.c:5124:6:analysingResponseOfSlave	24	static
modem.c:4787:6:slaveResponse	24	static
modem.c:5377:6:checkSideColour	0	static
modem.c:5855:5:crcApi4	12	static
modem.c:5877:5:crcApi1	12	static
modem.c:5899:5:crcApi3	12	static
modem.c:1204:5:function1	32	static
modem.c:1490:5:function4	40	static
modem.c:2112:6:function4Response	4	static
modem.c:2198:6:function1Response	4	static
modem.c:1625:5:function42	32	static
modem.c:1861:5:function9	24	static
modem.c:3007:5:function_10_2	56	static
modem.c:3129:5:function_10	40	static
modem.c:5921:6:readJunctionAndSide	20	static
modem.c:5981:5:function32	32	static
modem.c:6031:5:function3	32	static
modem.c:6196:6:leftGreen1	0	static
modem.c:6239:6:pedestrain	0	static
modem.c:6350:6:RTC_UtcToIstSet	28	static
modem.c:6407:6:convertStringToByte	24	static
modem.c:6283:6:getDateAndTimeFromGPS	32	static
modem.c:6483:5:function11N	32	static
modem.c:6618:5:function12	48	static
modem.c:6786:5:function13	48	static
modem.c:6955:5:function14	32	static
modem.c:7121:5:function15	48	static
modem.c:7318:5:function16	48	static
modem.c:7963:5:function12_2	32	static
modem.c:8063:6:readInputPin	8	static
modem.c:8425:6:checkClearenceSide	8	static
modem.c:8456:6:checkClearenceMode	8	static
modem.c:8377:6:checkFieldAction	24	static
modem.c:8482:6:laser	8	static
modem.c:8509:6:extend	8	static
modem.c:8143:6:checkServerFieldAction	24	static
modem.c:8541:6:countNoOfMapDetails	24	static
modem.c:7525:5:function17	48	static
modem.c:7718:5:function18	24	static
modem.c:8577:6:currentDayAllPlan	48	static
modem.c:8732:6:getCurrentPlanTotalNoOfPhases	48	static
modem.c:8880:6:getCurrentPlanPhases	48	static
modem.c:8976:15:DetectChange	20	static
modem.c:9165:6:sideChange	24	static
modem.c:9300:6:clearPrimaryAndSecByte	12	static
modem.c:992:5:function8	24	static
modem.c:5708:7:f0Communication	16	static
modem.c:9314:6:findSide	8	static
modem.c:9394:6:resetVariables	0	static
modem.c:2280:6:program3	16	static
modem.c:5586:5:espCommunication	24	static
modem.c:9044:6:BLECommunication	24	static
modem.c:9422:6:sendData	8	static
modem.c:9435:6:extractSlaveInfo	8	static
modem.c:9453:7:populatePrimaryHVSecondaryHV	20	static
modem.c:3799:5:phaseInfoData	48	static
modem.c:3711:5:signal	32	static
modem.c:5751:6:blinker	32	static
modem.c:1961:6:planDetail	4	static
modem.c:2053:5:planDetailSD	8	static
modem.c:3325:6:init4	48	static
