modem.c:395:6:clearframe	0	static
modem.c:403:6:clearReadBytes	0	static
modem.c:410:6:clearBuffer	0	static
modem.c:418:6:clearDispBuffer	0	static
modem.c:429:6:clearFlashDataBuffer	0	static
modem.c:437:6:clearaRxBuffer	0	static
modem.c:445:6:clearBuffer1	0	static
modem.c:453:6:clearaRxBuffer1	0	static
modem.c:460:6:clearBuffer3	0	static
modem.c:468:6:clearaRxBuffer3	0	static
modem.c:476:6:clearBuffer4	0	static
modem.c:484:6:clearaRxBuffer4	0	static
modem.c:492:6:clearBuffer5	0	static
modem.c:500:6:clearaRxBuffer5	0	static
modem.c:510:6:clearPlanDetailsArrayBuffer	0	static
modem.c:520:6:clearPlanTimeBuffer	0	static
modem.c:531:6:transmit	8	static
modem.c:682:5:crcApi	8	static
modem.c:554:6:function7_1	8	static
modem.c:582:6:function7_2	24	static
modem.c:624:6:function3_1	8	static
modem.c:653:6:function3_2	8	static
modem.c:696:5:crcApiResponse	8	static
modem.c:710:6:transferDataValues	12	static
modem.c:740:6:function6_2	8	static
modem.c:782:6:function6_1	8	static
modem.c:824:6:sendToUsart1	0	static
modem.c:836:6:outputPin	8	static
modem.c:946:6:inputPin	8	static
modem.c:1425:5:function1_1	16	static
modem.c:1724:6:readMem	8	static
modem.c:1747:6:readMemSD	8	static
modem.c:1755:6:readDateSD	8	static
modem.c:1764:6:readDaySD	8	static
modem.c:1772:6:readPlanSD	8	static
modem.c:1782:6:readPhaseSD	8	static
modem.c:1790:6:readPhase	16	static
modem.c:2186:6:checkMode	8	static
modem.c:2268:5:crcApi2	8	static
modem.c:1800:5:function2	16	static
modem.c:2520:6:byteToIntegerVal	12	static
modem.c:2534:6:intToByte	0	static
modem.c:2550:6:byteToIntegerVal1	8	static
modem.c:2559:6:intToString	32	static
modem.c:2579:6:clearStringBuffer	0	static
modem.c:2585:6:intToChar	20	static
modem.c:2648:6:clearSecondBuffer	0	static
modem.c:2675:6:clearFirstBuffer	0	static
modem.c:2682:6:clearData1Buffer	0	static
modem.c:2656:6:trafficDisplay2Value	16	static
modem.c:2707:6:intToChar1	20	static
modem.c:2690:6:trafficDisplay1Value	16	static
modem.c:2770:6:checkMsgLengthForUart4	16	static
modem.c:2779:6:checkMsgLengthForUart2	16	static
modem.c:2787:6:getPhase	0	static
modem.c:2884:6:getPhaseSD	8	static
modem.c:2989:6:getPhaseSDCardNew	8	static
modem.c:4060:6:countDown	0	static
modem.c:4221:6:clearanceModeAction	8	static
modem.c:4626:6:phaseInfoAddress	24	static
modem.c:4659:6:sendMsgToSlave	32	static
modem.c:4999:6:slaveResponseLORA	16	static
modem.c:5139:6:analysingResponseOfSlave	24	static
modem.c:4802:6:slaveResponse	24	static
modem.c:5392:6:checkSideColour	0	static
modem.c:5873:5:crcApi4	12	static
modem.c:5895:5:crcApi1	12	static
modem.c:5917:5:crcApi3	12	static
modem.c:1204:5:function1	32	static
modem.c:1490:5:function4	40	static
modem.c:2112:6:function4Response	4	static
modem.c:2198:6:function1Response	4	static
modem.c:1625:5:function42	32	static
modem.c:1861:5:function9	24	static
modem.c:3009:5:function_10_2	56	static
modem.c:3131:5:function_10	40	static
modem.c:5939:6:readJunctionAndSide	20	static
modem.c:5999:5:function32	32	static
modem.c:6049:5:function3	32	static
modem.c:6214:6:leftGreen1	0	static
modem.c:6257:6:pedestrain	0	static
modem.c:6368:6:RTC_UtcToIstSet	28	static
modem.c:6425:6:convertStringToByte	24	static
modem.c:6301:6:getDateAndTimeFromGPS	32	static
modem.c:6501:5:function11N	32	static
modem.c:6636:5:function12	48	static
modem.c:6804:5:function13	48	static
modem.c:6973:5:function14	32	static
modem.c:7139:5:function15	48	static
modem.c:7336:5:function16	48	static
modem.c:7981:5:function12_2	32	static
modem.c:8081:6:readInputPin	8	static
modem.c:8443:6:checkClearenceSide	8	static
modem.c:8474:6:checkClearenceMode	8	static
modem.c:8395:6:checkFieldAction	24	static
modem.c:8500:6:laser	8	static
modem.c:8527:6:extend	8	static
modem.c:8161:6:checkServerFieldAction	24	static
modem.c:8559:6:countNoOfMapDetails	24	static
modem.c:7543:5:function17	48	static
modem.c:7736:5:function18	24	static
modem.c:8595:6:currentDayAllPlan	48	static
modem.c:8751:6:getCurrentPlanTotalNoOfPhases	48	static
modem.c:8899:6:getCurrentPlanPhases	48	static
modem.c:8995:15:DetectChange	20	static
modem.c:9184:6:sideChange	24	static
modem.c:9319:6:clearPrimaryAndSecByte	12	static
modem.c:992:5:function8	24	static
modem.c:5723:7:f0Communication	16	static
modem.c:9333:6:findSide	8	static
modem.c:9413:6:resetVariables	0	static
modem.c:2280:6:program3	16	static
modem.c:5601:5:espCommunication	24	static
modem.c:9063:6:BLECommunication	24	static
modem.c:9442:6:sendData	8	static
modem.c:9455:6:extractSlaveInfo	8	static
modem.c:9473:7:populatePrimaryHVSecondaryHV	20	static
modem.c:3814:5:phaseInfoData	48	static
modem.c:3726:5:signal	32	static
modem.c:5766:5:blinker	32	static
modem.c:1961:6:planDetail	4	static
modem.c:2053:5:planDetailSD	8	static
modem.c:3329:6:init4	48	static
