modem.c:390:6:clearframe	0	static
modem.c:398:6:clearReadBytes	0	static
modem.c:405:6:clearBuffer	0	static
modem.c:413:6:clearDispBuffer	0	static
modem.c:424:6:clearFlashDataBuffer	0	static
modem.c:432:6:clearaRxBuffer	0	static
modem.c:440:6:clearBuffer1	0	static
modem.c:448:6:clearaRxBuffer1	0	static
modem.c:455:6:clearBuffer3	0	static
modem.c:463:6:clearaRxBuffer3	0	static
modem.c:471:6:clearBuffer4	0	static
modem.c:479:6:clearaRxBuffer4	0	static
modem.c:487:6:clearBuffer5	0	static
modem.c:495:6:clearaRxBuffer5	0	static
modem.c:505:6:clearPlanDetailsArrayBuffer	0	static
modem.c:515:6:clearPlanTimeBuffer	0	static
modem.c:526:6:transmit	8	static
modem.c:677:5:crcApi	8	static
modem.c:549:6:function7_1	8	static
modem.c:577:6:function7_2	24	static
modem.c:619:6:function3_1	8	static
modem.c:648:6:function3_2	8	static
modem.c:691:5:crcApiResponse	8	static
modem.c:705:6:transferDataValues	12	static
modem.c:735:6:function6_2	8	static
modem.c:777:6:function6_1	8	static
modem.c:819:6:sendToUsart1	0	static
modem.c:831:6:outputPin	8	static
modem.c:941:6:inputPin	8	static
modem.c:1420:5:function1_1	16	static
modem.c:1719:6:readMem	8	static
modem.c:1742:6:readMemSD	8	static
modem.c:1750:6:readDateSD	8	static
modem.c:1759:6:readDaySD	8	static
modem.c:1767:6:readPlanSD	8	static
modem.c:1777:6:readPhaseSD	8	static
modem.c:1785:6:readPhase	16	static
modem.c:2181:6:checkMode	8	static
modem.c:2263:5:crcApi2	8	static
modem.c:1795:5:function2	16	static
modem.c:2511:6:byteToIntegerVal	12	static
modem.c:2525:6:intToByte	0	static
modem.c:2541:6:byteToIntegerVal1	8	static
modem.c:2550:6:intToString	32	static
modem.c:2570:6:clearStringBuffer	0	static
modem.c:2576:6:intToChar	20	static
modem.c:2639:6:clearSecondBuffer	0	static
modem.c:2666:6:clearFirstBuffer	0	static
modem.c:2673:6:clearData1Buffer	0	static
modem.c:2647:6:trafficDisplay2Value	16	static
modem.c:2698:6:intToChar1	20	static
modem.c:2681:6:trafficDisplay1Value	16	static
modem.c:2761:6:checkMsgLengthForUart4	16	static
modem.c:2770:6:checkMsgLengthForUart2	16	static
modem.c:2778:6:getPhase	0	static
modem.c:2875:6:getPhaseSD	8	static
modem.c:2980:6:getPhaseSDCardNew	8	static
modem.c:4026:6:countDown	0	static
modem.c:4186:6:clearanceModeAction	8	static
modem.c:4591:6:phaseInfoAddress	24	static
modem.c:4624:6:sendMsgToSlave	32	static
modem.c:4964:6:slaveResponseLORA	16	static
modem.c:5104:6:analysingResponseOfSlave	24	static
modem.c:4767:6:slaveResponse	24	static
modem.c:5357:6:checkSideColour	0	static
modem.c:5835:5:crcApi4	12	static
modem.c:5857:5:crcApi1	12	static
modem.c:5879:5:crcApi3	12	static
modem.c:1199:5:function1	32	static
modem.c:1485:5:function4	40	static
modem.c:2107:6:function4Response	4	static
modem.c:2193:6:function1Response	4	static
modem.c:1620:5:function42	32	static
modem.c:1856:5:function9	24	static
modem.c:3000:5:function_10_2	56	static
modem.c:3122:5:function_10	32	static
modem.c:5901:6:readJunctionAndSide	20	static
modem.c:5961:5:function32	32	static
modem.c:6011:5:function3	32	static
modem.c:6176:6:leftGreen1	0	static
modem.c:6219:6:pedestrain	0	static
modem.c:6330:6:RTC_UtcToIstSet	28	static
modem.c:6387:6:convertStringToByte	24	static
modem.c:6263:6:getDateAndTimeFromGPS	32	static
modem.c:6463:5:function11N	32	static
modem.c:6598:5:function12	48	static
modem.c:6766:5:function13	48	static
modem.c:6935:5:function14	32	static
modem.c:7101:5:function15	48	static
modem.c:7298:5:function16	48	static
modem.c:7943:5:function12_2	32	static
modem.c:8043:6:readInputPin	8	static
modem.c:8405:6:checkClearenceSide	8	static
modem.c:8436:6:checkClearenceMode	8	static
modem.c:8357:6:checkFieldAction	24	static
modem.c:8462:6:laser	8	static
modem.c:8489:6:extend	8	static
modem.c:8123:6:checkServerFieldAction	24	static
modem.c:8521:6:countNoOfMapDetails	24	static
modem.c:7505:5:function17	48	static
modem.c:7698:5:function18	16	static
modem.c:8557:6:currentDayAllPlan	48	static
modem.c:8712:6:getCurrentPlanTotalNoOfPhases	48	static
modem.c:8848:6:getCurrentPlanPhases	48	static
modem.c:8944:15:DetectChange	20	static
modem.c:9133:6:sideChange	24	static
modem.c:9268:6:clearPrimaryAndSecByte	12	static
modem.c:987:5:function8	24	static
modem.c:5688:7:f0Communication	16	static
modem.c:9282:6:findSide	8	static
modem.c:9362:6:resetVariables	0	static
modem.c:2275:6:program3	16	static
modem.c:5566:5:espCommunication	24	static
modem.c:9012:6:BLECommunication	24	static
modem.c:9390:6:sendData	8	static
modem.c:9403:6:extractSlaveInfo	8	static
modem.c:9421:7:populatePrimaryHVSecondaryHV	20	static
modem.c:3780:5:phaseInfoData	48	static
modem.c:3692:5:signal	32	static
modem.c:5731:6:blinker	32	static
modem.c:1956:6:planDetail	4	static
modem.c:2048:5:planDetailSD	8	static
modem.c:3308:6:init4	48	static
