stm32f4xx_hal_msp.c:64:6:HAL_MspInit	16	static
stm32f4xx_hal_msp.c:88:6:HAL_CRC_MspInit	8	static
stm32f4xx_hal_msp.c:110:6:HAL_CRC_MspDeInit	0	static
stm32f4xx_hal_msp.c:132:6:HAL_I2C_MspInit	48	static
stm32f4xx_hal_msp.c:168:6:HAL_I2C_MspDeInit	0	static
stm32f4xx_hal_msp.c:197:6:HAL_RTC_MspInit	0	static
stm32f4xx_hal_msp.c:219:6:HAL_RTC_MspDeInit	0	static
stm32f4xx_hal_msp.c:241:6:HAL_SD_MspInit	56	static
stm32f4xx_hal_msp.c:293:6:HAL_SD_MspDeInit	8	static
stm32f4xx_hal_msp.c:325:6:HAL_UART_MspInit	80	static
stm32f4xx_hal_msp.c:453:6:HAL_UART_MspDeInit	8	static
