stm32f4xx_it.c:116:6:NMI_Handler	0	static
stm32f4xx_it.c:129:6:HardFault_Handler	0	static
stm32f4xx_it.c:144:6:MemManage_Handler	0	static
stm32f4xx_it.c:159:6:BusFault_Handler	0	static
stm32f4xx_it.c:174:6:UsageFault_Handler	0	static
stm32f4xx_it.c:189:6:SVC_Handler	0	static
stm32f4xx_it.c:202:6:DebugMon_Handler	0	static
stm32f4xx_it.c:215:6:PendSV_Handler	0	static
stm32f4xx_it.c:228:6:SysTick_Handler	8	static
stm32f4xx_it.c:344:6:USART1_IRQHandler	8	static
stm32f4xx_it.c:378:6:USART2_IRQHandler	8	static
stm32f4xx_it.c:412:6:USART3_IRQHandler	8	static
stm32f4xx_it.c:447:6:USART6_IRQHandler	8	static
