Component: ARM Compiler 5.06 update 2 (build 183) Tool: armlink [4d35b7]

==============================================================================

Section Cross References

    startup_stm32f407xx.o(RESET) refers to startup_stm32f407xx.o(STACK) for __initial_sp
    startup_stm32f407xx.o(RESET) refers to startup_stm32f407xx.o(.text) for Reset_Handler
    startup_stm32f407xx.o(RESET) refers to stm32f4xx_it.o(i.NMI_Handler) for NMI_Handler
    startup_stm32f407xx.o(RESET) refers to stm32f4xx_it.o(i.HardFault_Handler) for HardFault_Handler
    startup_stm32f407xx.o(RESET) refers to stm32f4xx_it.o(i.MemManage_Handler) for MemManage_Handler
    startup_stm32f407xx.o(RESET) refers to stm32f4xx_it.o(i.BusFault_Handler) for BusFault_Handler
    startup_stm32f407xx.o(RESET) refers to stm32f4xx_it.o(i.UsageFault_Handler) for UsageFault_Handler
    startup_stm32f407xx.o(RESET) refers to stm32f4xx_it.o(i.SVC_Handler) for SVC_Handler
    startup_stm32f407xx.o(RESET) refers to stm32f4xx_it.o(i.DebugMon_Handler) for DebugMon_Handler
    startup_stm32f407xx.o(RESET) refers to stm32f4xx_it.o(i.PendSV_Handler) for PendSV_Handler
    startup_stm32f407xx.o(RESET) refers to stm32f4xx_it.o(i.SysTick_Handler) for SysTick_Handler
    startup_stm32f407xx.o(RESET) refers to stm32f4xx_it.o(i.USART1_IRQHandler) for USART1_IRQHandler
    startup_stm32f407xx.o(RESET) refers to stm32f4xx_it.o(i.USART2_IRQHandler) for USART2_IRQHandler
    startup_stm32f407xx.o(RESET) refers to stm32f4xx_it.o(i.USART3_IRQHandler) for USART3_IRQHandler
    startup_stm32f407xx.o(RESET) refers to stm32f4xx_it.o(i.UART4_IRQHandler) for UART4_IRQHandler
    startup_stm32f407xx.o(.text) refers to system_stm32f4xx.o(i.SystemInit) for SystemInit
    startup_stm32f407xx.o(.text) refers to entry.o(.ARM.Collect$$$$00000000) for __main
    main.o(i.MX_GPIO_Init) refers to memseta.o(.text) for __aeabi_memclr4
    main.o(i.MX_GPIO_Init) refers to stm32f4xx_hal_gpio.o(i.HAL_GPIO_WritePin) for HAL_GPIO_WritePin
    main.o(i.MX_GPIO_Init) refers to stm32f4xx_hal_gpio.o(i.HAL_GPIO_Init) for HAL_GPIO_Init
    main.o(i.SystemClock_Config) refers to memseta.o(.text) for __aeabi_memclr4
    main.o(i.SystemClock_Config) refers to stm32f4xx_hal_rcc.o(i.HAL_RCC_OscConfig) for HAL_RCC_OscConfig
    main.o(i.SystemClock_Config) refers to stm32f4xx_hal_rcc.o(i.HAL_RCC_ClockConfig) for HAL_RCC_ClockConfig
    main.o(i.SystemClock_Config) refers to stm32f4xx_hal_rcc_ex.o(i.HAL_RCCEx_PeriphCLKConfig) for HAL_RCCEx_PeriphCLKConfig
    main.o(i.TimingDelay_Decrement) refers to main.o(.data) for .data
    main.o(i.TimingDelay_Decrement1) refers to main.o(.data) for .data
    main.o(i.TimingDelay_Decrement2) refers to main.o(.data) for .data
    main.o(i.TimingDelay_Decrement3) refers to main.o(.data) for .data
    main.o(i.TimingDelay_Decrement4) refers to main.o(.data) for .data
    main.o(i.TimingDelay_Decrement5) refers to main.o(.data) for .data
    main.o(i.main) refers to stm32f4xx_hal.o(i.HAL_Init) for HAL_Init
    main.o(i.main) refers to main.o(i.SystemClock_Config) for SystemClock_Config
    main.o(i.main) refers to main.o(i.MX_GPIO_Init) for MX_GPIO_Init
    main.o(i.main) refers to stm32f4xx_hal_rtc.o(i.HAL_RTC_Init) for HAL_RTC_Init
    main.o(i.main) refers to stm32f4xx_hal_uart.o(i.HAL_UART_Init) for HAL_UART_Init
    main.o(i.main) refers to stm32f4xx_hal_crc.o(i.HAL_CRC_Init) for HAL_CRC_Init
    main.o(i.main) refers to fatfs.o(i.MX_FATFS_Init) for MX_FATFS_Init
    main.o(i.main) refers to stm32f4xx_hal_uart.o(i.HAL_UART_Receive_IT) for HAL_UART_Receive_IT
    main.o(i.main) refers to stm32f4xx_hal_gpio.o(i.HAL_GPIO_WritePin) for HAL_GPIO_WritePin
    main.o(i.main) refers to ff.o(i.f_mount) for f_mount
    main.o(i.main) refers to main.o(.bss) for .bss
    main.o(i.main) refers to main.o(.data) for .data
    main.o(i.main) refers to fatfs.o(.data) for SDPath
    bsp_driver_sd.o(i.BSP_SD_DMA_Rx_IRQHandler) refers to stm32f4xx_hal_dma.o(i.HAL_DMA_IRQHandler) for HAL_DMA_IRQHandler
    bsp_driver_sd.o(i.BSP_SD_DMA_Rx_IRQHandler) refers to main.o(.bss) for hsd
    bsp_driver_sd.o(i.BSP_SD_DMA_Tx_IRQHandler) refers to stm32f4xx_hal_dma.o(i.HAL_DMA_IRQHandler) for HAL_DMA_IRQHandler
    bsp_driver_sd.o(i.BSP_SD_DMA_Tx_IRQHandler) refers to main.o(.bss) for hsd
    bsp_driver_sd.o(i.BSP_SD_Erase) refers to stm32f4xx_hal_sd.o(i.HAL_SD_Erase) for HAL_SD_Erase
    bsp_driver_sd.o(i.BSP_SD_Erase) refers to main.o(.bss) for hsd
    bsp_driver_sd.o(i.BSP_SD_GetCardInfo) refers to stm32f4xx_hal_sd.o(i.HAL_SD_GetCardInfo) for HAL_SD_GetCardInfo
    bsp_driver_sd.o(i.BSP_SD_GetCardInfo) refers to main.o(.bss) for hsd
    bsp_driver_sd.o(i.BSP_SD_GetCardState) refers to stm32f4xx_hal_sd.o(i.HAL_SD_GetCardState) for HAL_SD_GetCardState
    bsp_driver_sd.o(i.BSP_SD_GetCardState) refers to main.o(.bss) for hsd
    bsp_driver_sd.o(i.BSP_SD_IRQHandler) refers to stm32f4xx_hal_sd.o(i.HAL_SD_IRQHandler) for HAL_SD_IRQHandler
[...]
    stm32f4xx_ll_sdmmc.o(i.SDMMC_GetCmdResp3) refers to system_stm32f4xx.o(.data) for SystemCoreClock
    stm32f4xx_ll_sdmmc.o(i.SDMMC_GetCmdResp6) refers to stm32f4xx_ll_sdmmc.o(i.SDIO_GetResponse) for SDIO_GetResponse
    stm32f4xx_ll_sdmmc.o(i.SDMMC_GetCmdResp6) refers to system_stm32f4xx.o(.data) for SystemCoreClock
    stm32f4xx_hal_sd.o(i.HAL_SD_Abort) refers to stm32f4xx_hal_dma.o(i.HAL_DMA_Abort) for HAL_DMA_Abort
    stm32f4xx_hal_sd.o(i.HAL_SD_Abort) refers to stm32f4xx_hal_sd.o(i.HAL_SD_GetCardState) for HAL_SD_GetCardState
    stm32f4xx_hal_sd.o(i.HAL_SD_Abort) refers to stm32f4xx_ll_sdmmc.o(i.SDMMC_CmdStopTransfer) for SDMMC_CmdStopTransfer
    stm32f4xx_hal_sd.o(i.HAL_SD_Abort_IT) refers to stm32f4xx_hal_dma.o(i.HAL_DMA_Abort_IT) for HAL_DMA_Abort_IT
    stm32f4xx_hal_sd.o(i.HAL_SD_Abort_IT) refers to stm32f4xx_hal_sd.o(i.HAL_SD_GetCardState) for HAL_SD_GetCardState
    stm32f4xx_hal_sd.o(i.HAL_SD_Abort_IT) refers to stm32f4xx_ll_sdmmc.o(i.SDMMC_CmdStopTransfer) for SDMMC_CmdStopTransfer
    stm32f4xx_hal_sd.o(i.HAL_SD_Abort_IT) refers to bsp_driver_sd.o(i.HAL_SD_AbortCallback) for HAL_SD_AbortCallback
    stm32f4xx_hal_sd.o(i.HAL_SD_Abort_IT) refers to stm32f4xx_hal_sd.o(i.SD_DMATxAbort) for SD_DMATxAbort
    stm32f4xx_hal_sd.o(i.HAL_SD_Abort_IT) refers to stm32f4xx_hal_sd.o(i.SD_DMARxAbort) for SD_DMARxAbort
    stm32f4xx_hal_sd.o(i.HAL_SD_ConfigWideBusOperation) refers to stm32f4xx_hal_sd.o(i.SD_WideBus_Enable) for SD_WideBus_Enable
    stm32f4xx_hal_sd.o(i.HAL_SD_ConfigWideBusOperation) refers to stm32f4xx_hal_sd.o(i.SD_WideBus_Disable) for SD_WideBus_Disable
    stm32f4xx_hal_sd.o(i.HAL_SD_ConfigWideBusOperation) refers to stm32f4xx_ll_sdmmc.o(i.SDIO_Init) for SDIO_Init
    stm32f4xx_hal_sd.o(i.HAL_SD_DeInit) refers to stm32f4xx_ll_sdmmc.o(i.SDIO_PowerState_OFF) for SDIO_PowerState_OFF
    stm32f4xx_hal_sd.o(i.HAL_SD_DeInit) refers to stm32f4xx_hal_msp.o(i.HAL_SD_MspDeInit) for HAL_SD_MspDeInit
    stm32f4xx_hal_sd.o(i.HAL_SD_Erase) refers to stm32f4xx_ll_sdmmc.o(i.SDIO_GetResponse) for SDIO_GetResponse
    stm32f4xx_hal_sd.o(i.HAL_SD_Erase) refers to stm32f4xx_ll_sdmmc.o(i.SDMMC_CmdSDEraseStartAdd) for SDMMC_CmdSDEraseStartAdd
    stm32f4xx_hal_sd.o(i.HAL_SD_Erase) refers to stm32f4xx_ll_sdmmc.o(i.SDMMC_CmdSDEraseEndAdd) for SDMMC_CmdSDEraseEndAdd
    stm32f4xx_hal_sd.o(i.HAL_SD_Erase) refers to stm32f4xx_ll_sdmmc.o(i.SDMMC_CmdErase) for SDMMC_CmdErase
    stm32f4xx_hal_sd.o(i.HAL_SD_GetCardState) refers to stm32f4xx_ll_sdmmc.o(i.SDMMC_CmdSendStatus) for SDMMC_CmdSendStatus
    stm32f4xx_hal_sd.o(i.HAL_SD_GetCardState) refers to stm32f4xx_ll_sdmmc.o(i.SDIO_GetResponse) for SDIO_GetResponse
    stm32f4xx_hal_sd.o(i.HAL_SD_GetCardStatus) refers to stm32f4xx_hal_sd.o(i.SD_SendSDStatus) for SD_SendSDStatus
    stm32f4xx_hal_sd.o(i.HAL_SD_IRQHandler) refers to stm32f4xx_ll_sdmmc.o(i.SDMMC_CmdStopTransfer) for SDMMC_CmdStopTransfer
    stm32f4xx_hal_sd.o(i.HAL_SD_IRQHandler) refers to stm32f4xx_hal_sd.o(i.HAL_SD_ErrorCallback) for HAL_SD_ErrorCallback
    stm32f4xx_hal_sd.o(i.HAL_SD_IRQHandler) refers to bsp_driver_sd.o(i.HAL_SD_RxCpltCallback) for HAL_SD_RxCpltCallback
    stm32f4xx_hal_sd.o(i.HAL_SD_IRQHandler) refers to bsp_driver_sd.o(i.HAL_SD_TxCpltCallback) for HAL_SD_TxCpltCallback
    stm32f4xx_hal_sd.o(i.HAL_SD_IRQHandler) refers to stm32f4xx_ll_sdmmc.o(i.SDIO_WriteFIFO) for SDIO_WriteFIFO
    stm32f4xx_hal_sd.o(i.HAL_SD_IRQHandler) refers to stm32f4xx_ll_sdmmc.o(i.SDIO_ReadFIFO) for SDIO_ReadFIFO
    stm32f4xx_hal_sd.o(i.HAL_SD_IRQHandler) refers to stm32f4xx_hal_dma.o(i.HAL_DMA_Abort_IT) for HAL_DMA_Abort_IT
    stm32f4xx_hal_sd.o(i.HAL_SD_IRQHandler) refers to stm32f4xx_hal_sd.o(i.SD_DMATxAbort) for SD_DMATxAbort
    stm32f4xx_hal_sd.o(i.HAL_SD_IRQHandler) refers to stm32f4xx_hal_sd.o(i.SD_DMARxAbort) for SD_DMARxAbort
    stm32f4xx_hal_sd.o(i.HAL_SD_IRQHandler) refers to bsp_driver_sd.o(i.HAL_SD_AbortCallback) for HAL_SD_AbortCallback
    stm32f4xx_hal_sd.o(i.HAL_SD_Init) refers to stm32f4xx_hal_msp.o(i.HAL_SD_MspInit) for HAL_SD_MspInit
    stm32f4xx_hal_sd.o(i.HAL_SD_Init) refers to stm32f4xx_hal_sd.o(i.HAL_SD_InitCard) for HAL_SD_InitCard
    stm32f4xx_hal_sd.o(i.HAL_SD_InitCard) refers to stm32f4xx_ll_sdmmc.o(i.SDIO_Init) for SDIO_Init
    stm32f4xx_hal_sd.o(i.HAL_SD_InitCard) refers to stm32f4xx_ll_sdmmc.o(i.SDIO_PowerState_ON) for SDIO_PowerState_ON
    stm32f4xx_hal_sd.o(i.HAL_SD_InitCard) refers to stm32f4xx_hal.o(i.HAL_Delay) for HAL_Delay
    stm32f4xx_hal_sd.o(i.HAL_SD_InitCard) refers to stm32f4xx_hal_sd.o(i.SD_PowerON) for SD_PowerON
    stm32f4xx_hal_sd.o(i.HAL_SD_InitCard) refers to stm32f4xx_hal_sd.o(i.SD_InitCard) for SD_InitCard
    stm32f4xx_hal_sd.o(i.HAL_SD_ReadBlocks) refers to stm32f4xx_hal.o(i.HAL_GetTick) for HAL_GetTick
    stm32f4xx_hal_sd.o(i.HAL_SD_ReadBlocks) refers to stm32f4xx_ll_sdmmc.o(i.SDMMC_CmdBlockLength) for SDMMC_CmdBlockLength
    stm32f4xx_hal_sd.o(i.HAL_SD_ReadBlocks) refers to stm32f4xx_ll_sdmmc.o(i.SDIO_ConfigData) for SDIO_ConfigData
    stm32f4xx_hal_sd.o(i.HAL_SD_ReadBlocks) refers to stm32f4xx_ll_sdmmc.o(i.SDMMC_CmdReadMultiBlock) for SDMMC_CmdReadMultiBlock
    stm32f4xx_hal_sd.o(i.HAL_SD_ReadBlocks) refers to stm32f4xx_ll_sdmmc.o(i.SDMMC_CmdReadSingleBlock) for SDMMC_CmdReadSingleBlock
    stm32f4xx_hal_sd.o(i.HAL_SD_ReadBlocks) refers to stm32f4xx_ll_sdmmc.o(i.SDIO_ReadFIFO) for SDIO_ReadFIFO
    stm32f4xx_hal_sd.o(i.HAL_SD_ReadBlocks) refers to stm32f4xx_ll_sdmmc.o(i.SDMMC_CmdStopTransfer) for SDMMC_CmdStopTransfer
    stm32f4xx_hal_sd.o(i.HAL_SD_ReadBlocks_DMA) refers to stm32f4xx_hal_dma.o(i.HAL_DMA_Start_IT) for HAL_DMA_Start_IT
    stm32f4xx_hal_sd.o(i.HAL_SD_ReadBlocks_DMA) refers to stm32f4xx_ll_sdmmc.o(i.SDIO_ConfigData) for SDIO_ConfigData
    stm32f4xx_hal_sd.o(i.HAL_SD_ReadBlocks_DMA) refers to stm32f4xx_ll_sdmmc.o(i.SDMMC_CmdBlockLength) for SDMMC_CmdBlockLength
    stm32f4xx_hal_sd.o(i.HAL_SD_ReadBlocks_DMA) refers to stm32f4xx_ll_sdmmc.o(i.SDMMC_CmdReadMultiBlock) for SDMMC_CmdReadMultiBlock
    stm32f4xx_hal_sd.o(i.HAL_SD_ReadBlocks_DMA) refers to stm32f4xx_ll_sdmmc.o(i.SDMMC_CmdReadSingleBlock) for SDMMC_CmdReadSingleBlock
    stm32f4xx_hal_sd.o(i.HAL_SD_ReadBlocks_DMA) refers to stm32f4xx_hal_sd.o(i.SD_DMAReceiveCplt) for SD_DMAReceiveCplt
    stm32f4xx_hal_sd.o(i.HAL_SD_ReadBlocks_DMA) refers to stm32f4xx_hal_sd.o(i.SD_DMAError) for SD_DMAError
    stm32f4xx_hal_sd.o(i.HAL_SD_ReadBlocks_IT) refers to stm32f4xx_ll_sdmmc.o(i.SDIO_ConfigData) for SDIO_ConfigData
    stm32f4xx_hal_sd.o(i.HAL_SD_ReadBlocks_IT) refers to stm32f4xx_ll_sdmmc.o(i.SDMMC_CmdBlockLength) for SDMMC_CmdBlockLength
    stm32f4xx_hal_sd.o(i.HAL_SD_ReadBlocks_IT) refers to stm32f4xx_ll_sdmmc.o(i.SDMMC_CmdReadMultiBlock) for SDMMC_CmdReadMultiBlock
    stm32f4xx_hal_sd.o(i.HAL_SD_ReadBlocks_IT) refers to stm32f4xx_ll_sdmmc.o(i.SDMMC_CmdReadSingleBlock) for SDMMC_CmdReadSingleBlock
    stm32f4xx_hal_sd.o(i.HAL_SD_WriteBlocks) refers to stm32f4xx_hal.o(i.HAL_GetTick) for HAL_GetTick
    stm32f4xx_hal_sd.o(i.HAL_SD_WriteBlocks) refers to stm32f4xx_ll_sdmmc.o(i.SDMMC_CmdBlockLength) for SDMMC_CmdBlockLength
    stm32f4xx_hal_sd.o(i.HAL_SD_WriteBlocks) refers to stm32f4xx_ll_sdmmc.o(i.SDMMC_CmdWriteMultiBlock) for SDMMC_CmdWriteMultiBlock
    stm32f4xx_hal_sd.o(i.HAL_SD_WriteBlocks) refers to stm32f4xx_ll_sdmmc.o(i.SDMMC_CmdWriteSingleBlock) for SDMMC_CmdWriteSingleBlock
    stm32f4xx_hal_sd.o(i.HAL_SD_WriteBlocks) refers to stm32f4xx_ll_sdmmc.o(i.SDIO_ConfigData) for SDIO_ConfigData
    stm32f4xx_hal_sd.o(i.HAL_SD_WriteBlocks) refers to stm32f4xx_ll_sdmmc.o(i.SDIO_WriteFIFO) for SDIO_WriteFIFO
    stm32f4xx_hal_sd.o(i.HAL_SD_WriteBlocks) refers to stm32f4xx_ll_sdmmc.o(i.SDMMC_CmdStopTransfer) for SDMMC_CmdStopTransfer
    stm32f4xx_hal_sd.o(i.HAL_SD_WriteBlocks_DMA) refers to stm32f4xx_ll_sdmmc.o(i.SDMMC_CmdBlockLength) for SDMMC_CmdBlockLength
    stm32f4xx_hal_sd.o(i.HAL_SD_WriteBlocks_DMA) refers to stm32f4xx_ll_sdmmc.o(i.SDMMC_CmdWriteMultiBlock) for SDMMC_CmdWriteMultiBlock
    stm32f4xx_hal_sd.o(i.HAL_SD_WriteBlocks_DMA) refers to stm32f4xx_ll_sdmmc.o(i.SDMMC_CmdWriteSingleBlock) for SDMMC_CmdWriteSingleBlock
    stm32f4xx_hal_sd.o(i.HAL_SD_WriteBlocks_DMA) refers to stm32f4xx_hal_dma.o(i.HAL_DMA_Start_IT) for HAL_DMA_Start_IT
    stm32f4xx_hal_sd.o(i.HAL_SD_WriteBlocks_DMA) refers to stm32f4xx_ll_sdmmc.o(i.SDIO_ConfigData) for SDIO_ConfigData
    stm32f4xx_hal_sd.o(i.HAL_SD_WriteBlocks_DMA) refers to stm32f4xx_hal_sd.o(i.SD_DMATransmitCplt) for SD_DMATransmitCplt
    stm32f4xx_hal_sd.o(i.HAL_SD_WriteBlocks_DMA) refers to stm32f4xx_hal_sd.o(i.SD_DMAError) for SD_DMAError
    stm32f4xx_hal_sd.o(i.HAL_SD_WriteBlocks_IT) refers to stm32f4xx_ll_sdmmc.o(i.SDMMC_CmdBlockLength) for SDMMC_CmdBlockLength
    stm32f4xx_hal_sd.o(i.HAL_SD_WriteBlocks_IT) refers to stm32f4xx_ll_sdmmc.o(i.SDMMC_CmdWriteMultiBlock) for SDMMC_CmdWriteMultiBlock
    stm32f4xx_hal_sd.o(i.HAL_SD_WriteBlocks_IT) refers to stm32f4xx_ll_sdmmc.o(i.SDMMC_CmdWriteSingleBlock) for SDMMC_CmdWriteSingleBlock
    stm32f4xx_hal_sd.o(i.HAL_SD_WriteBlocks_IT) refers to stm32f4xx_ll_sdmmc.o(i.SDIO_ConfigData) for SDIO_ConfigData
    stm32f4xx_hal_sd.o(i.SD_DMAError) refers to stm32f4xx_hal_sd.o(i.HAL_SD_GetCardState) for HAL_SD_GetCardState
    stm32f4xx_hal_sd.o(i.SD_DMAError) refers to stm32f4xx_ll_sdmmc.o(i.SDMMC_CmdStopTransfer) for SDMMC_CmdStopTransfer
    stm32f4xx_hal_sd.o(i.SD_DMAError) refers to stm32f4xx_hal_sd.o(i.HAL_SD_ErrorCallback) for HAL_SD_ErrorCallback
    stm32f4xx_hal_sd.o(i.SD_DMAReceiveCplt) refers to stm32f4xx_ll_sdmmc.o(i.SDMMC_CmdStopTransfer) for SDMMC_CmdStopTransfer
    stm32f4xx_hal_sd.o(i.SD_DMAReceiveCplt) refers to stm32f4xx_hal_sd.o(i.HAL_SD_ErrorCallback) for HAL_SD_ErrorCallback
    stm32f4xx_hal_sd.o(i.SD_DMAReceiveCplt) refers to bsp_driver_sd.o(i.HAL_SD_RxCpltCallback) for HAL_SD_RxCpltCallback
    stm32f4xx_hal_sd.o(i.SD_DMARxAbort) refers to stm32f4xx_hal_sd.o(i.HAL_SD_GetCardState) for HAL_SD_GetCardState
    stm32f4xx_hal_sd.o(i.SD_DMARxAbort) refers to stm32f4xx_ll_sdmmc.o(i.SDMMC_CmdStopTransfer) for SDMMC_CmdStopTransfer
    stm32f4xx_hal_sd.o(i.SD_DMARxAbort) refers to bsp_driver_sd.o(i.HAL_SD_AbortCallback) for HAL_SD_AbortCallback
    stm32f4xx_hal_sd.o(i.SD_DMARxAbort) refers to stm32f4xx_hal_sd.o(i.HAL_SD_ErrorCallback) for HAL_SD_ErrorCallback
    stm32f4xx_hal_sd.o(i.SD_DMATxAbort) refers to stm32f4xx_hal_sd.o(i.HAL_SD_GetCardState) for HAL_SD_GetCardState
    stm32f4xx_hal_sd.o(i.SD_DMATxAbort) refers to stm32f4xx_ll_sdmmc.o(i.SDMMC_CmdStopTransfer) for SDMMC_CmdStopTransfer
    stm32f4xx_hal_sd.o(i.SD_DMATxAbort) refers to bsp_driver_sd.o(i.HAL_SD_AbortCallback) for HAL_SD_AbortCallback
    stm32f4xx_hal_sd.o(i.SD_DMATxAbort) refers to stm32f4xx_hal_sd.o(i.HAL_SD_ErrorCallback) for HAL_SD_ErrorCallback
    stm32f4xx_hal_sd.o(i.SD_FindSCR) refers to stm32f4xx_hal.o(i.HAL_GetTick) for HAL_GetTick
    stm32f4xx_hal_sd.o(i.SD_FindSCR) refers to stm32f4xx_ll_sdmmc.o(i.SDMMC_CmdBlockLength) for SDMMC_CmdBlockLength
    stm32f4xx_hal_sd.o(i.SD_FindSCR) refers to stm32f4xx_ll_sdmmc.o(i.SDMMC_CmdAppCommand) for SDMMC_CmdAppCommand
    stm32f4xx_hal_sd.o(i.SD_FindSCR) refers to stm32f4xx_ll_sdmmc.o(i.SDIO_ConfigData) for SDIO_ConfigData
    stm32f4xx_hal_sd.o(i.SD_FindSCR) refers to stm32f4xx_ll_sdmmc.o(i.SDMMC_CmdSendSCR) for SDMMC_CmdSendSCR
    stm32f4xx_hal_sd.o(i.SD_FindSCR) refers to stm32f4xx_ll_sdmmc.o(i.SDIO_ReadFIFO) for SDIO_ReadFIFO
    stm32f4xx_hal_sd.o(i.SD_InitCard) refers to stm32f4xx_ll_sdmmc.o(i.SDIO_GetPowerState) for SDIO_GetPowerState
    stm32f4xx_hal_sd.o(i.SD_InitCard) refers to stm32f4xx_ll_sdmmc.o(i.SDMMC_CmdSendCID) for SDMMC_CmdSendCID
    stm32f4xx_hal_sd.o(i.SD_InitCard) refers to stm32f4xx_ll_sdmmc.o(i.SDIO_GetResponse) for SDIO_GetResponse
    stm32f4xx_hal_sd.o(i.SD_InitCard) refers to stm32f4xx_ll_sdmmc.o(i.SDMMC_CmdSetRelAdd) for SDMMC_CmdSetRelAdd
    stm32f4xx_hal_sd.o(i.SD_InitCard) refers to stm32f4xx_ll_sdmmc.o(i.SDMMC_CmdSendCSD) for SDMMC_CmdSendCSD
    stm32f4xx_hal_sd.o(i.SD_InitCard) refers to stm32f4xx_hal_sd.o(i.HAL_SD_GetCardCSD) for HAL_SD_GetCardCSD
    stm32f4xx_hal_sd.o(i.SD_InitCard) refers to stm32f4xx_ll_sdmmc.o(i.SDMMC_CmdSelDesel) for SDMMC_CmdSelDesel
    stm32f4xx_hal_sd.o(i.SD_InitCard) refers to stm32f4xx_ll_sdmmc.o(i.SDIO_Init) for SDIO_Init
    stm32f4xx_hal_sd.o(i.SD_PowerON) refers to stm32f4xx_ll_sdmmc.o(i.SDMMC_CmdGoIdleState) for SDMMC_CmdGoIdleState
    stm32f4xx_hal_sd.o(i.SD_PowerON) refers to stm32f4xx_ll_sdmmc.o(i.SDMMC_CmdOperCond) for SDMMC_CmdOperCond
    stm32f4xx_hal_sd.o(i.SD_PowerON) refers to stm32f4xx_ll_sdmmc.o(i.SDMMC_CmdAppCommand) for SDMMC_CmdAppCommand
    stm32f4xx_hal_sd.o(i.SD_PowerON) refers to stm32f4xx_ll_sdmmc.o(i.SDMMC_CmdAppOperCommand) for SDMMC_CmdAppOperCommand
    stm32f4xx_hal_sd.o(i.SD_PowerON) refers to stm32f4xx_ll_sdmmc.o(i.SDIO_GetResponse) for SDIO_GetResponse
    stm32f4xx_hal_sd.o(i.SD_SendSDStatus) refers to stm32f4xx_hal.o(i.HAL_GetTick) for HAL_GetTick
    stm32f4xx_hal_sd.o(i.SD_SendSDStatus) refers to stm32f4xx_ll_sdmmc.o(i.SDIO_GetResponse) for SDIO_GetResponse
    stm32f4xx_hal_sd.o(i.SD_SendSDStatus) refers to stm32f4xx_ll_sdmmc.o(i.SDMMC_CmdBlockLength) for SDMMC_CmdBlockLength
    stm32f4xx_hal_sd.o(i.SD_SendSDStatus) refers to stm32f4xx_ll_sdmmc.o(i.SDMMC_CmdAppCommand) for SDMMC_CmdAppCommand
    stm32f4xx_hal_sd.o(i.SD_SendSDStatus) refers to stm32f4xx_ll_sdmmc.o(i.SDIO_ConfigData) for SDIO_ConfigData
    stm32f4xx_hal_sd.o(i.SD_SendSDStatus) refers to stm32f4xx_ll_sdmmc.o(i.SDMMC_CmdStatusRegister) for SDMMC_CmdStatusRegister
    stm32f4xx_hal_sd.o(i.SD_SendSDStatus) refers to stm32f4xx_ll_sdmmc.o(i.SDIO_ReadFIFO) for SDIO_ReadFIFO
    stm32f4xx_hal_sd.o(i.SD_WideBus_Disable) refers to stm32f4xx_ll_sdmmc.o(i.SDIO_GetResponse) for SDIO_GetResponse
    stm32f4xx_hal_sd.o(i.SD_WideBus_Disable) refers to stm32f4xx_hal_sd.o(i.SD_FindSCR) for SD_FindSCR
    stm32f4xx_hal_sd.o(i.SD_WideBus_Disable) refers to stm32f4xx_ll_sdmmc.o(i.SDMMC_CmdAppCommand) for SDMMC_CmdAppCommand
    stm32f4xx_hal_sd.o(i.SD_WideBus_Disable) refers to stm32f4xx_ll_sdmmc.o(i.SDMMC_CmdBusWidth) for SDMMC_CmdBusWidth
    stm32f4xx_hal_sd.o(i.SD_WideBus_Enable) refers to stm32f4xx_ll_sdmmc.o(i.SDIO_GetResponse) for SDIO_GetResponse
    stm32f4xx_hal_sd.o(i.SD_WideBus_Enable) refers to stm32f4xx_hal_sd.o(i.SD_FindSCR) for SD_FindSCR
    stm32f4xx_hal_sd.o(i.SD_WideBus_Enable) refers to stm32f4xx_ll_sdmmc.o(i.SDMMC_CmdAppCommand) for SDMMC_CmdAppCommand
    stm32f4xx_hal_sd.o(i.SD_WideBus_Enable) refers to stm32f4xx_ll_sdmmc.o(i.SDMMC_CmdBusWidth) for SDMMC_CmdBusWidth
    stm32f4xx_hal_uart.o(i.HAL_HalfDuplex_Init) refers to stm32f4xx_hal_msp.o(i.HAL_UART_MspInit) for HAL_UART_MspInit
    stm32f4xx_hal_uart.o(i.HAL_HalfDuplex_Init) refers to stm32f4xx_hal_uart.o(i.UART_SetConfig) for UART_SetConfig
    stm32f4xx_hal_uart.o(i.HAL_LIN_Init) refers to stm32f4xx_hal_msp.o(i.HAL_UART_MspInit) for HAL_UART_MspInit
    stm32f4xx_hal_uart.o(i.HAL_LIN_Init) refers to stm32f4xx_hal_uart.o(i.UART_SetConfig) for UART_SetConfig
    stm32f4xx_hal_uart.o(i.HAL_MultiProcessor_Init) refers to stm32f4xx_hal_msp.o(i.HAL_UART_MspInit) for HAL_UART_MspInit
    stm32f4xx_hal_uart.o(i.HAL_MultiProcessor_Init) refers to stm32f4xx_hal_uart.o(i.UART_SetConfig) for UART_SetConfig
    stm32f4xx_hal_uart.o(i.HAL_UART_Abort) refers to stm32f4xx_hal_dma.o(i.HAL_DMA_Abort) for HAL_DMA_Abort
    stm32f4xx_hal_uart.o(i.HAL_UART_Abort) refers to stm32f4xx_hal_dma.o(i.HAL_DMA_GetError) for HAL_DMA_GetError
    stm32f4xx_hal_uart.o(i.HAL_UART_AbortReceive) refers to stm32f4xx_hal_dma.o(i.HAL_DMA_Abort) for HAL_DMA_Abort
    stm32f4xx_hal_uart.o(i.HAL_UART_AbortReceive) refers to stm32f4xx_hal_dma.o(i.HAL_DMA_GetError) for HAL_DMA_GetError
    stm32f4xx_hal_uart.o(i.HAL_UART_AbortReceive_IT) refers to stm32f4xx_hal_dma.o(i.HAL_DMA_Abort_IT) for HAL_DMA_Abort_IT
    stm32f4xx_hal_uart.o(i.HAL_UART_AbortReceive_IT) refers to stm32f4xx_hal_uart.o(i.HAL_UART_AbortReceiveCpltCallback) for HAL_UART_AbortReceiveCpltCallback
    stm32f4xx_hal_uart.o(i.HAL_UART_AbortReceive_IT) refers to stm32f4xx_hal_uart.o(i.UART_DMARxOnlyAbortCallback) for UART_DMARxOnlyAbortCallback
    stm32f4xx_hal_uart.o(i.HAL_UART_AbortTransmit) refers to stm32f4xx_hal_dma.o(i.HAL_DMA_Abort) for HAL_DMA_Abort
    stm32f4xx_hal_uart.o(i.HAL_UART_AbortTransmit) refers to stm32f4xx_hal_dma.o(i.HAL_DMA_GetError) for HAL_DMA_GetError
    stm32f4xx_hal_uart.o(i.HAL_UART_AbortTransmit_IT) refers to stm32f4xx_hal_dma.o(i.HAL_DMA_Abort_IT) for HAL_DMA_Abort_IT
    stm32f4xx_hal_uart.o(i.HAL_UART_AbortTransmit_IT) refers to stm32f4xx_hal_uart.o(i.HAL_UART_AbortTransmitCpltCallback) for HAL_UART_AbortTransmitCpltCallback
    stm32f4xx_hal_uart.o(i.HAL_UART_AbortTransmit_IT) refers to stm32f4xx_hal_uart.o(i.UART_DMATxOnlyAbortCallback) for UART_DMATxOnlyAbortCallback
    stm32f4xx_hal_uart.o(i.HAL_UART_Abort_IT) refers to stm32f4xx_hal_dma.o(i.HAL_DMA_Abort_IT) for HAL_DMA_Abort_IT
    stm32f4xx_hal_uart.o(i.HAL_UART_Abort_IT) refers to stm32f4xx_hal_uart.o(i.HAL_UART_AbortCpltCallback) for HAL_UART_AbortCpltCallback
    stm32f4xx_hal_uart.o(i.HAL_UART_Abort_IT) refers to stm32f4xx_hal_uart.o(i.UART_DMATxAbortCallback) for UART_DMATxAbortCallback
    stm32f4xx_hal_uart.o(i.HAL_UART_Abort_IT) refers to stm32f4xx_hal_uart.o(i.UART_DMARxAbortCallback) for UART_DMARxAbortCallback
    stm32f4xx_hal_uart.o(i.HAL_UART_DMAStop) refers to stm32f4xx_hal_dma.o(i.HAL_DMA_Abort) for HAL_DMA_Abort
    stm32f4xx_hal_uart.o(i.HAL_UART_DMAStop) refers to stm32f4xx_hal_uart.o(i.UART_EndTxTransfer) for UART_EndTxTransfer
    stm32f4xx_hal_uart.o(i.HAL_UART_DMAStop) refers to stm32f4xx_hal_uart.o(i.UART_EndRxTransfer) for UART_EndRxTransfer
    stm32f4xx_hal_uart.o(i.HAL_UART_DeInit) refers to stm32f4xx_hal_msp.o(i.HAL_UART_MspDeInit) for HAL_UART_MspDeInit
    stm32f4xx_hal_uart.o(i.HAL_UART_IRQHandler) refers to stm32f4xx_hal_uart.o(i.UART_Receive_IT) for UART_Receive_IT
    stm32f4xx_hal_uart.o(i.HAL_UART_IRQHandler) refers to stm32f4xx_hal_uart.o(i.UART_EndRxTransfer) for UART_EndRxTransfer
    stm32f4xx_hal_uart.o(i.HAL_UART_IRQHandler) refers to stm32f4xx_hal_dma.o(i.HAL_DMA_Abort_IT) for HAL_DMA_Abort_IT
    stm32f4xx_hal_uart.o(i.HAL_UART_IRQHandler) refers to stm32f4xx_hal_uart.o(i.HAL_UART_ErrorCallback) for HAL_UART_ErrorCallback
    stm32f4xx_hal_uart.o(i.HAL_UART_IRQHandler) refers to stm32f4xx_hal_uart.o(i.UART_Transmit_IT) for UART_Transmit_IT
    stm32f4xx_hal_uart.o(i.HAL_UART_IRQHandler) refers to stm32f4xx_hal_uart.o(i.HAL_UART_TxCpltCallback) for HAL_UART_TxCpltCallback
    stm32f4xx_hal_uart.o(i.HAL_UART_IRQHandler) refers to stm32f4xx_hal_uart.o(i.UART_DMAAbortOnError) for UART_DMAAbortOnError
    stm32f4xx_hal_uart.o(i.HAL_UART_Init) refers to stm32f4xx_hal_msp.o(i.HAL_UART_MspInit) for HAL_UART_MspInit
    stm32f4xx_hal_uart.o(i.HAL_UART_Init) refers to stm32f4xx_hal_uart.o(i.UART_SetConfig) for UART_SetConfig
    stm32f4xx_hal_uart.o(i.HAL_UART_Receive) refers to stm32f4xx_hal.o(i.HAL_GetTick) for HAL_GetTick
    stm32f4xx_hal_uart.o(i.HAL_UART_Receive) refers to stm32f4xx_hal_uart.o(i.UART_WaitOnFlagUntilTimeout) for UART_WaitOnFlagUntilTimeout
    stm32f4xx_hal_uart.o(i.HAL_UART_Receive_DMA) refers to stm32f4xx_hal_dma.o(i.HAL_DMA_Start_IT) for HAL_DMA_Start_IT
    stm32f4xx_hal_uart.o(i.HAL_UART_Receive_DMA) refers to stm32f4xx_hal_uart.o(i.UART_DMAReceiveCplt) for UART_DMAReceiveCplt
    stm32f4xx_hal_uart.o(i.HAL_UART_Receive_DMA) refers to stm32f4xx_hal_uart.o(i.UART_DMARxHalfCplt) for UART_DMARxHalfCplt
    stm32f4xx_hal_uart.o(i.HAL_UART_Receive_DMA) refers to stm32f4xx_hal_uart.o(i.UART_DMAError) for UART_DMAError
    stm32f4xx_hal_uart.o(i.HAL_UART_Transmit) refers to stm32f4xx_hal.o(i.HAL_GetTick) for HAL_GetTick
    stm32f4xx_hal_uart.o(i.HAL_UART_Transmit) refers to stm32f4xx_hal_uart.o(i.UART_WaitOnFlagUntilTimeout) for UART_WaitOnFlagUntilTimeout
    stm32f4xx_hal_uart.o(i.HAL_UART_Transmit_DMA) refers to stm32f4xx_hal_dma.o(i.HAL_DMA_Start_IT) for HAL_DMA_Start_IT
    stm32f4xx_hal_uart.o(i.HAL_UART_Transmit_DMA) refers to stm32f4xx_hal_uart.o(i.UART_DMATransmitCplt) for UART_DMATransmitCplt
    stm32f4xx_hal_uart.o(i.HAL_UART_Transmit_DMA) refers to stm32f4xx_hal_uart.o(i.UART_DMATxHalfCplt) for UART_DMATxHalfCplt
    stm32f4xx_hal_uart.o(i.HAL_UART_Transmit_DMA) refers to stm32f4xx_hal_uart.o(i.UART_DMAError) for UART_DMAError
    stm32f4xx_hal_uart.o(i.UART_DMAAbortOnError) refers to stm32f4xx_hal_uart.o(i.HAL_UART_ErrorCallback) for HAL_UART_ErrorCallback
    stm32f4xx_hal_uart.o(i.UART_DMAError) refers to stm32f4xx_hal_uart.o(i.UART_EndTxTransfer) for UART_EndTxTransfer
    stm32f4xx_hal_uart.o(i.UART_DMAError) refers to stm32f4xx_hal_uart.o(i.UART_EndRxTransfer) for UART_EndRxTransfer
    stm32f4xx_hal_uart.o(i.UART_DMAError) refers to stm32f4xx_hal_uart.o(i.HAL_UART_ErrorCallback) for HAL_UART_ErrorCallback
    stm32f4xx_hal_uart.o(i.UART_DMAReceiveCplt) refers to stm32f4xx_hal_uart.o(i.HAL_UART_RxCpltCallback) for HAL_UART_RxCpltCallback
    stm32f4xx_hal_uart.o(i.UART_DMARxAbortCallback) refers to stm32f4xx_hal_uart.o(i.HAL_UART_AbortCpltCallback) for HAL_UART_AbortCpltCallback
    stm32f4xx_hal_uart.o(i.UART_DMARxHalfCplt) refers to stm32f4xx_hal_uart.o(i.HAL_UART_RxHalfCpltCallback) for HAL_UART_RxHalfCpltCallback
    stm32f4xx_hal_uart.o(i.UART_DMARxOnlyAbortCallback) refers to stm32f4xx_hal_uart.o(i.HAL_UART_AbortReceiveCpltCallback) for HAL_UART_AbortReceiveCpltCallback
    stm32f4xx_hal_uart.o(i.UART_DMATransmitCplt) refers to stm32f4xx_hal_uart.o(i.HAL_UART_TxCpltCallback) for HAL_UART_TxCpltCallback
    stm32f4xx_hal_uart.o(i.UART_DMATxAbortCallback) refers to stm32f4xx_hal_uart.o(i.HAL_UART_AbortCpltCallback) for HAL_UART_AbortCpltCallback
    stm32f4xx_hal_uart.o(i.UART_DMATxHalfCplt) refers to stm32f4xx_hal_uart.o(i.HAL_UART_TxHalfCpltCallback) for HAL_UART_TxHalfCpltCallback
    stm32f4xx_hal_uart.o(i.UART_DMATxOnlyAbortCallback) refers to stm32f4xx_hal_uart.o(i.HAL_UART_AbortTransmitCpltCallback) for HAL_UART_AbortTransmitCpltCallback
    stm32f4xx_hal_uart.o(i.UART_Receive_IT) refers to stm32f4xx_hal_uart.o(i.HAL_UART_RxCpltCallback) for HAL_UART_RxCpltCallback
    stm32f4xx_hal_uart.o(i.UART_SetConfig) refers to stm32f4xx_hal_rcc.o(i.HAL_RCC_GetPCLK2Freq) for HAL_RCC_GetPCLK2Freq
    stm32f4xx_hal_uart.o(i.UART_SetConfig) refers to stm32f4xx_hal_rcc.o(i.HAL_RCC_GetPCLK1Freq) for HAL_RCC_GetPCLK1Freq
    stm32f4xx_hal_uart.o(i.UART_WaitOnFlagUntilTimeout) refers to stm32f4xx_hal.o(i.HAL_GetTick) for HAL_GetTick
    stm32f4xx_hal_rcc.o(i.HAL_RCC_ClockConfig) refers to stm32f4xx_hal.o(i.HAL_GetTick) for HAL_GetTick
    stm32f4xx_hal_rcc.o(i.HAL_RCC_ClockConfig) refers to stm32f4xx_hal_rcc.o(i.HAL_RCC_GetSysClockFreq) for HAL_RCC_GetSysClockFreq
    stm32f4xx_hal_rcc.o(i.HAL_RCC_ClockConfig) refers to stm32f4xx_hal.o(i.HAL_InitTick) for HAL_InitTick
    stm32f4xx_hal_rcc.o(i.HAL_RCC_ClockConfig) refers to system_stm32f4xx.o(.constdata) for AHBPrescTable
    stm32f4xx_hal_rcc.o(i.HAL_RCC_ClockConfig) refers to system_stm32f4xx.o(.data) for SystemCoreClock
    stm32f4xx_hal_rcc.o(i.HAL_RCC_GetHCLKFreq) refers to system_stm32f4xx.o(.data) for SystemCoreClock
    stm32f4xx_hal_rcc.o(i.HAL_RCC_GetPCLK1Freq) refers to system_stm32f4xx.o(.data) for SystemCoreClock
    stm32f4xx_hal_rcc.o(i.HAL_RCC_GetPCLK1Freq) refers to system_stm32f4xx.o(.constdata) for APBPrescTable
    stm32f4xx_hal_rcc.o(i.HAL_RCC_GetPCLK2Freq) refers to system_stm32f4xx.o(.data) for SystemCoreClock
    stm32f4xx_hal_rcc.o(i.HAL_RCC_GetPCLK2Freq) refers to system_stm32f4xx.o(.constdata) for APBPrescTable
    stm32f4xx_hal_rcc.o(i.HAL_RCC_GetSysClockFreq) refers to uldiv.o(.text) for __aeabi_uldivmod
    stm32f4xx_hal_rcc.o(i.HAL_RCC_MCOConfig) refers to stm32f4xx_hal_gpio.o(i.HAL_GPIO_Init) for HAL_GPIO_Init
    stm32f4xx_hal_rcc.o(i.HAL_RCC_NMI_IRQHandler) refers to stm32f4xx_hal_rcc.o(i.HAL_RCC_CSSCallback) for HAL_RCC_CSSCallback
    stm32f4xx_hal_rcc.o(i.HAL_RCC_OscConfig) refers to stm32f4xx_hal.o(i.HAL_GetTick) for HAL_GetTick
    stm32f4xx_hal_rcc_ex.o(i.HAL_RCCEx_DisablePLLI2S) refers to stm32f4xx_hal.o(i.HAL_GetTick) for HAL_GetTick
    stm32f4xx_hal_rcc_ex.o(i.HAL_RCCEx_EnablePLLI2S) refers to stm32f4xx_hal.o(i.HAL_GetTick) for HAL_GetTick
    stm32f4xx_hal_rcc_ex.o(i.HAL_RCCEx_PeriphCLKConfig) refers to stm32f4xx_hal.o(i.HAL_GetTick) for HAL_GetTick
    stm32f4xx_hal_rcc_ex.o(i.HAL_RCC_DeInit) refers to stm32f4xx_hal.o(i.HAL_GetTick) for HAL_GetTick
    stm32f4xx_hal_rcc_ex.o(i.HAL_RCC_DeInit) refers to stm32f4xx_hal.o(i.HAL_InitTick) for HAL_InitTick
    stm32f4xx_hal_rcc_ex.o(i.HAL_RCC_DeInit) refers to system_stm32f4xx.o(.data) for SystemCoreClock
    stm32f4xx_hal_flash.o(i.FLASH_SetErrorCode) refers to stm32f4xx_hal_flash.o(.bss) for .bss
    stm32f4xx_hal_flash.o(i.FLASH_WaitForLastOperation) refers to stm32f4xx_hal.o(i.HAL_GetTick) for HAL_GetTick
    stm32f4xx_hal_flash.o(i.FLASH_WaitForLastOperation) refers to stm32f4xx_hal_flash.o(i.FLASH_SetErrorCode) for FLASH_SetErrorCode
    stm32f4xx_hal_flash.o(i.FLASH_WaitForLastOperation) refers to stm32f4xx_hal_flash.o(.bss) for .bss
    stm32f4xx_hal_flash.o(i.HAL_FLASH_GetError) refers to stm32f4xx_hal_flash.o(.bss) for .bss
    stm32f4xx_hal_flash.o(i.HAL_FLASH_IRQHandler) refers to stm32f4xx_hal_flash.o(i.FLASH_SetErrorCode) for FLASH_SetErrorCode
    stm32f4xx_hal_flash.o(i.HAL_FLASH_IRQHandler) refers to stm32f4xx_hal_flash.o(i.HAL_FLASH_OperationErrorCallback) for HAL_FLASH_OperationErrorCallback
    stm32f4xx_hal_flash.o(i.HAL_FLASH_IRQHandler) refers to stm32f4xx_hal_flash.o(i.HAL_FLASH_EndOfOperationCallback) for HAL_FLASH_EndOfOperationCallback
    stm32f4xx_hal_flash.o(i.HAL_FLASH_IRQHandler) refers to stm32f4xx_hal_flash_ex.o(i.FLASH_Erase_Sector) for FLASH_Erase_Sector
    stm32f4xx_hal_flash.o(i.HAL_FLASH_IRQHandler) refers to stm32f4xx_hal_flash_ex.o(i.FLASH_FlushCaches) for FLASH_FlushCaches
    stm32f4xx_hal_flash.o(i.HAL_FLASH_IRQHandler) refers to stm32f4xx_hal_flash.o(.bss) for .bss
    stm32f4xx_hal_flash.o(i.HAL_FLASH_OB_Launch) refers to stm32f4xx_hal_flash.o(i.FLASH_WaitForLastOperation) for FLASH_WaitForLastOperation
    stm32f4xx_hal_flash.o(i.HAL_FLASH_Program) refers to stm32f4xx_hal_flash.o(i.FLASH_WaitForLastOperation) for FLASH_WaitForLastOperation
    stm32f4xx_hal_flash.o(i.HAL_FLASH_Program) refers to stm32f4xx_hal_flash.o(i.FLASH_Program_DoubleWord) for FLASH_Program_DoubleWord
    stm32f4xx_hal_flash.o(i.HAL_FLASH_Program) refers to stm32f4xx_hal_flash.o(i.FLASH_Program_Byte) for FLASH_Program_Byte
    stm32f4xx_hal_flash.o(i.HAL_FLASH_Program) refers to stm32f4xx_hal_flash.o(i.FLASH_Program_HalfWord) for FLASH_Program_HalfWord
    stm32f4xx_hal_flash.o(i.HAL_FLASH_Program) refers to stm32f4xx_hal_flash.o(i.FLASH_Program_Word) for FLASH_Program_Word
    stm32f4xx_hal_flash.o(i.HAL_FLASH_Program) refers to stm32f4xx_hal_flash.o(.bss) for .bss
    stm32f4xx_hal_flash.o(i.HAL_FLASH_Program_IT) refers to stm32f4xx_hal_flash.o(i.FLASH_Program_DoubleWord) for FLASH_Program_DoubleWord
    stm32f4xx_hal_flash.o(i.HAL_FLASH_Program_IT) refers to stm32f4xx_hal_flash.o(i.FLASH_Program_Byte) for FLASH_Program_Byte
    stm32f4xx_hal_flash.o(i.HAL_FLASH_Program_IT) refers to stm32f4xx_hal_flash.o(i.FLASH_Program_HalfWord) for FLASH_Program_HalfWord
    stm32f4xx_hal_flash.o(i.HAL_FLASH_Program_IT) refers to stm32f4xx_hal_flash.o(i.FLASH_Program_Word) for FLASH_Program_Word
    stm32f4xx_hal_flash.o(i.HAL_FLASH_Program_IT) refers to stm32f4xx_hal_flash.o(.bss) for .bss
    stm32f4xx_hal_flash_ex.o(i.HAL_FLASHEx_Erase) refers to stm32f4xx_hal_flash.o(i.FLASH_WaitForLastOperation) for FLASH_WaitForLastOperation
    stm32f4xx_hal_flash_ex.o(i.HAL_FLASHEx_Erase) refers to stm32f4xx_hal_flash_ex.o(i.FLASH_MassErase) for FLASH_MassErase
    stm32f4xx_hal_flash_ex.o(i.HAL_FLASHEx_Erase) refers to stm32f4xx_hal_flash_ex.o(i.FLASH_Erase_Sector) for FLASH_Erase_Sector
    stm32f4xx_hal_flash_ex.o(i.HAL_FLASHEx_Erase) refers to stm32f4xx_hal_flash_ex.o(i.FLASH_FlushCaches) for FLASH_FlushCaches
    stm32f4xx_hal_flash_ex.o(i.HAL_FLASHEx_Erase) refers to stm32f4xx_hal_flash.o(.bss) for pFlash
    stm32f4xx_hal_flash_ex.o(i.HAL_FLASHEx_Erase_IT) refers to stm32f4xx_hal_flash_ex.o(i.FLASH_Erase_Sector) for FLASH_Erase_Sector
    stm32f4xx_hal_flash_ex.o(i.HAL_FLASHEx_Erase_IT) refers to stm32f4xx_hal_flash_ex.o(i.FLASH_MassErase) for FLASH_MassErase
    stm32f4xx_hal_flash_ex.o(i.HAL_FLASHEx_Erase_IT) refers to stm32f4xx_hal_flash.o(.bss) for pFlash
    stm32f4xx_hal_flash_ex.o(i.HAL_FLASHEx_OBProgram) refers to stm32f4xx_hal_flash.o(i.FLASH_WaitForLastOperation) for FLASH_WaitForLastOperation
    stm32f4xx_hal_flash_ex.o(i.HAL_FLASHEx_OBProgram) refers to stm32f4xx_hal_flash.o(.bss) for pFlash
    stm32f4xx_hal_gpio.o(i.HAL_GPIO_EXTI_IRQHandler) refers to stm32f4xx_hal_gpio.o(i.HAL_GPIO_EXTI_Callback) for HAL_GPIO_EXTI_Callback
    stm32f4xx_hal_dma_ex.o(i.HAL_DMAEx_MultiBufferStart) refers to stm32f4xx_hal_dma_ex.o(i.DMA_MultiBufferSetConfig) for DMA_MultiBufferSetConfig
    stm32f4xx_hal_dma_ex.o(i.HAL_DMAEx_MultiBufferStart_IT) refers to stm32f4xx_hal_dma_ex.o(i.DMA_MultiBufferSetConfig) for DMA_MultiBufferSetConfig
    stm32f4xx_hal_dma.o(i.DMA_CalcBaseAndBitshift) refers to stm32f4xx_hal_dma.o(.constdata) for .constdata
    stm32f4xx_hal_dma.o(i.HAL_DMA_Abort) refers to stm32f4xx_hal.o(i.HAL_GetTick) for HAL_GetTick
    stm32f4xx_hal_dma.o(i.HAL_DMA_DeInit) refers to stm32f4xx_hal_dma.o(i.DMA_CalcBaseAndBitshift) for DMA_CalcBaseAndBitshift
    stm32f4xx_hal_dma.o(i.HAL_DMA_IRQHandler) refers to system_stm32f4xx.o(.data) for SystemCoreClock
    stm32f4xx_hal_dma.o(i.HAL_DMA_Init) refers to stm32f4xx_hal.o(i.HAL_GetTick) for HAL_GetTick
    stm32f4xx_hal_dma.o(i.HAL_DMA_Init) refers to stm32f4xx_hal_dma.o(i.DMA_CheckFifoParam) for DMA_CheckFifoParam
    stm32f4xx_hal_dma.o(i.HAL_DMA_Init) refers to stm32f4xx_hal_dma.o(i.DMA_CalcBaseAndBitshift) for DMA_CalcBaseAndBitshift
    stm32f4xx_hal_dma.o(i.HAL_DMA_PollForTransfer) refers to stm32f4xx_hal.o(i.HAL_GetTick) for HAL_GetTick
    stm32f4xx_hal_dma.o(i.HAL_DMA_PollForTransfer) refers to stm32f4xx_hal_dma.o(i.HAL_DMA_Abort) for HAL_DMA_Abort
    stm32f4xx_hal_dma.o(i.HAL_DMA_Start) refers to stm32f4xx_hal_dma.o(i.DMA_SetConfig) for DMA_SetConfig
    stm32f4xx_hal_dma.o(i.HAL_DMA_Start_IT) refers to stm32f4xx_hal_dma.o(i.DMA_SetConfig) for DMA_SetConfig
    stm32f4xx_hal_pwr.o(i.HAL_PWR_PVD_IRQHandler) refers to stm32f4xx_hal_pwr.o(i.HAL_PWR_PVDCallback) for HAL_PWR_PVDCallback
    stm32f4xx_hal_pwr_ex.o(i.HAL_PWREx_ControlVoltageScaling) refers to stm32f4xx_hal.o(i.HAL_GetTick) for HAL_GetTick
    stm32f4xx_hal_pwr_ex.o(i.HAL_PWREx_DisableBkUpReg) refers to stm32f4xx_hal.o(i.HAL_GetTick) for HAL_GetTick
    stm32f4xx_hal_pwr_ex.o(i.HAL_PWREx_EnableBkUpReg) refers to stm32f4xx_hal.o(i.HAL_GetTick) for HAL_GetTick
    stm32f4xx_hal_cortex.o(i.HAL_NVIC_SetPriority) refers to stm32f4xx_hal_cortex.o(i.__NVIC_SetPriority) for __NVIC_SetPriority
    stm32f4xx_hal_cortex.o(i.HAL_SYSTICK_Config) refers to stm32f4xx_hal_cortex.o(i.__NVIC_SetPriority) for __NVIC_SetPriority
    stm32f4xx_hal_cortex.o(i.HAL_SYSTICK_IRQHandler) refers to stm32f4xx_hal_cortex.o(i.HAL_SYSTICK_Callback) for HAL_SYSTICK_Callback
    stm32f4xx_hal.o(i.HAL_DeInit) refers to stm32f4xx_hal.o(i.HAL_MspDeInit) for HAL_MspDeInit
    stm32f4xx_hal.o(i.HAL_Delay) refers to stm32f4xx_hal.o(i.HAL_GetTick) for HAL_GetTick
    stm32f4xx_hal.o(i.HAL_Delay) refers to stm32f4xx_hal.o(.data) for .data
    stm32f4xx_hal.o(i.HAL_GetTick) refers to stm32f4xx_hal.o(.data) for .data
    stm32f4xx_hal.o(i.HAL_GetTickFreq) refers to stm32f4xx_hal.o(.data) for .data
    stm32f4xx_hal.o(i.HAL_GetTickPrio) refers to stm32f4xx_hal.o(.data) for .data
    stm32f4xx_hal.o(i.HAL_IncTick) refers to stm32f4xx_hal.o(.data) for .data
    stm32f4xx_hal.o(i.HAL_Init) refers to stm32f4xx_hal_cortex.o(i.HAL_NVIC_SetPriorityGrouping) for HAL_NVIC_SetPriorityGrouping
    stm32f4xx_hal.o(i.HAL_Init) refers to stm32f4xx_hal.o(i.HAL_InitTick) for HAL_InitTick
    stm32f4xx_hal.o(i.HAL_Init) refers to stm32f4xx_hal_msp.o(i.HAL_MspInit) for HAL_MspInit
    stm32f4xx_hal.o(i.HAL_InitTick) refers to stm32f4xx_hal_cortex.o(i.HAL_SYSTICK_Config) for HAL_SYSTICK_Config
    stm32f4xx_hal.o(i.HAL_InitTick) refers to stm32f4xx_hal_cortex.o(i.HAL_NVIC_SetPriority) for HAL_NVIC_SetPriority
    stm32f4xx_hal.o(i.HAL_InitTick) refers to stm32f4xx_hal.o(.data) for .data
    stm32f4xx_hal.o(i.HAL_InitTick) refers to system_stm32f4xx.o(.data) for SystemCoreClock
    stm32f4xx_hal.o(i.HAL_SetTickFreq) refers to stm32f4xx_hal.o(i.HAL_InitTick) for HAL_InitTick
    stm32f4xx_hal.o(i.HAL_SetTickFreq) refers to stm32f4xx_hal.o(.data) for .data
    system_stm32f4xx.o(i.SystemCoreClockUpdate) refers to system_stm32f4xx.o(.data) for .data
    system_stm32f4xx.o(i.SystemCoreClockUpdate) refers to system_stm32f4xx.o(.constdata) for .constdata
    diskio.o(i.disk_initialize) refers to ff_gen_drv.o(.bss) for disk
    diskio.o(i.disk_ioctl) refers to ff_gen_drv.o(.bss) for disk
    diskio.o(i.disk_read) refers to ff_gen_drv.o(.bss) for disk
    diskio.o(i.disk_status) refers to ff_gen_drv.o(.bss) for disk
    diskio.o(i.disk_write) refers to ff_gen_drv.o(.bss) for disk
    ff.o(i.check_fs) refers to ff.o(i.move_window) for move_window
    ff.o(i.check_fs) refers to ff.o(i.ld_word) for ld_word
    ff.o(i.check_fs) refers to ff.o(i.ld_dword) for ld_dword
    ff.o(i.chk_lock) refers to ff.o(.bss) for .bss
    ff.o(i.clear_lock) refers to ff.o(.bss) for .bss
    ff.o(i.create_chain) refers to ff.o(i.get_fat) for get_fat
    ff.o(i.create_chain) refers to ff.o(i.put_fat) for put_fat
    ff.o(i.create_name) refers to ff.o(i.mem_set) for mem_set
    ff.o(i.create_name) refers to ff.o(.constdata) for .constdata
    ff.o(i.dec_lock) refers to ff.o(.bss) for .bss
    ff.o(i.dir_find) refers to ff.o(i.dir_sdi) for dir_sdi
    ff.o(i.dir_find) refers to ff.o(i.move_window) for move_window
    ff.o(i.dir_find) refers to ff.o(i.dir_next) for dir_next
    ff.o(i.dir_next) refers to ff.o(i.get_fat) for get_fat
    ff.o(i.dir_next) refers to ff.o(i.create_chain) for create_chain
    ff.o(i.dir_next) refers to ff.o(i.sync_window) for sync_window
    ff.o(i.dir_next) refers to ff.o(i.mem_set) for mem_set
    ff.o(i.dir_next) refers to ff.o(i.clust2sect) for clust2sect
    ff.o(i.dir_read) refers to ff.o(i.move_window) for move_window
    ff.o(i.dir_read) refers to ff.o(i.dir_next) for dir_next
    ff.o(i.dir_register) refers to ff.o(i.dir_sdi) for dir_sdi
    ff.o(i.dir_register) refers to ff.o(i.move_window) for move_window
    ff.o(i.dir_register) refers to ff.o(i.dir_next) for dir_next
    ff.o(i.dir_register) refers to ff.o(i.mem_set) for mem_set
    ff.o(i.dir_register) refers to ff.o(i.mem_cpy) for mem_cpy
    ff.o(i.dir_remove) refers to ff.o(i.move_window) for move_window
    ff.o(i.dir_sdi) refers to ff.o(i.get_fat) for get_fat
    ff.o(i.dir_sdi) refers to ff.o(i.clust2sect) for clust2sect
    ff.o(i.f_close) refers to ff.o(i.f_sync) for f_sync
    ff.o(i.f_close) refers to ff.o(i.validate) for validate
    ff.o(i.f_close) refers to ff.o(i.dec_lock) for dec_lock
    ff.o(i.f_closedir) refers to ff.o(i.validate) for validate
    ff.o(i.f_closedir) refers to ff.o(i.dec_lock) for dec_lock
    ff.o(i.f_getfree) refers to ff.o(i.find_volume) for find_volume
    ff.o(i.f_getfree) refers to ff.o(i.get_fat) for get_fat
    ff.o(i.f_getfree) refers to ff.o(i.move_window) for move_window
    ff.o(i.f_getfree) refers to ff.o(i.ld_dword) for ld_dword
    ff.o(i.f_getfree) refers to ff.o(i.ld_word) for ld_word
    ff.o(i.f_gets) refers to ff.o(i.f_read) for f_read
    ff.o(i.f_lseek) refers to ff.o(i.validate) for validate
    ff.o(i.f_lseek) refers to ff.o(i.clmt_clust) for clmt_clust
    ff.o(i.f_lseek) refers to ff.o(i.clust2sect) for clust2sect
    ff.o(i.f_lseek) refers to diskio.o(i.disk_write) for disk_write
    ff.o(i.f_lseek) refers to ff.o(i.get_fat) for get_fat
    ff.o(i.f_lseek) refers to diskio.o(i.disk_read) for disk_read
    ff.o(i.f_lseek) refers to ff.o(i.create_chain) for create_chain
    ff.o(i.f_mkdir) refers to ff.o(i.find_volume) for find_volume
    ff.o(i.f_mkdir) refers to ff.o(i.follow_path) for follow_path
    ff.o(i.f_mkdir) refers to ff.o(i.create_chain) for create_chain
    ff.o(i.f_mkdir) refers to ff.o(i.sync_window) for sync_window
    ff.o(i.f_mkdir) refers to fatfs.o(i.get_fattime) for get_fattime
    ff.o(i.f_mkdir) refers to ff.o(i.clust2sect) for clust2sect
    ff.o(i.f_mkdir) refers to ff.o(i.mem_set) for mem_set
    ff.o(i.f_mkdir) refers to ff.o(i.st_dword) for st_dword
    ff.o(i.f_mkdir) refers to ff.o(i.st_clust) for st_clust
    ff.o(i.f_mkdir) refers to ff.o(i.mem_cpy) for mem_cpy
    ff.o(i.f_mkdir) refers to ff.o(i.dir_register) for dir_register
    ff.o(i.f_mkdir) refers to ff.o(i.remove_chain) for remove_chain
    ff.o(i.f_mkdir) refers to ff.o(i.sync_fs) for sync_fs
    ff.o(i.f_mkfs) refers to ff.o(i.get_ldnumber) for get_ldnumber
    ff.o(i.f_mkfs) refers to diskio.o(i.disk_initialize) for disk_initialize
    ff.o(i.f_mkfs) refers to diskio.o(i.disk_ioctl) for disk_ioctl
    ff.o(i.f_mkfs) refers to ff.o(i.mem_set) for mem_set
    ff.o(i.f_mkfs) refers to ff.o(i.mem_cpy) for mem_cpy
    ff.o(i.f_mkfs) refers to ff.o(i.st_word) for st_word
    ff.o(i.f_mkfs) refers to ff.o(i.st_dword) for st_dword
    ff.o(i.f_mkfs) refers to fatfs.o(i.get_fattime) for get_fattime
    ff.o(i.f_mkfs) refers to diskio.o(i.disk_write) for disk_write
    ff.o(i.f_mkfs) refers to ff.o(.data) for .data
    ff.o(i.f_mkfs) refers to ff.o(.constdata) for .constdata
    ff.o(i.f_mount) refers to ff.o(i.get_ldnumber) for get_ldnumber
    ff.o(i.f_mount) refers to ff.o(i.clear_lock) for clear_lock
    ff.o(i.f_mount) refers to ff.o(i.find_volume) for find_volume
    ff.o(i.f_mount) refers to ff.o(.data) for .data
    ff.o(i.f_open) refers to ff.o(i.find_volume) for find_volume
    ff.o(i.f_open) refers to ff.o(i.follow_path) for follow_path
    ff.o(i.f_open) refers to ff.o(i.chk_lock) for chk_lock
    ff.o(i.f_open) refers to ff.o(i.dir_register) for dir_register
    ff.o(i.f_open) refers to fatfs.o(i.get_fattime) for get_fattime
    ff.o(i.f_open) refers to ff.o(i.st_dword) for st_dword
    ff.o(i.f_open) refers to ff.o(i.ld_clust) for ld_clust
    ff.o(i.f_open) refers to ff.o(i.st_clust) for st_clust
    ff.o(i.f_open) refers to ff.o(i.remove_chain) for remove_chain
    ff.o(i.f_open) refers to ff.o(i.move_window) for move_window
    ff.o(i.f_open) refers to ff.o(i.inc_lock) for inc_lock
    ff.o(i.f_open) refers to ff.o(i.ld_dword) for ld_dword
    ff.o(i.f_open) refers to ff.o(i.mem_set) for mem_set
    ff.o(i.f_open) refers to ff.o(i.get_fat) for get_fat
    ff.o(i.f_open) refers to ff.o(i.clust2sect) for clust2sect
    ff.o(i.f_open) refers to diskio.o(i.disk_read) for disk_read
    ff.o(i.f_open) refers to ff.o(.bss) for .bss
    ff.o(i.f_opendir) refers to ff.o(i.find_volume) for find_volume
    ff.o(i.f_opendir) refers to ff.o(i.follow_path) for follow_path
    ff.o(i.f_opendir) refers to ff.o(i.ld_clust) for ld_clust
    ff.o(i.f_opendir) refers to ff.o(i.dir_sdi) for dir_sdi
    ff.o(i.f_opendir) refers to ff.o(i.inc_lock) for inc_lock
    ff.o(i.f_printf) refers to ff.o(i.putc_bfd) for putc_bfd
    ff.o(i.f_printf) refers to ff.o(i.putc_flush) for putc_flush
    ff.o(i.f_putc) refers to ff.o(i.putc_bfd) for putc_bfd
    ff.o(i.f_putc) refers to ff.o(i.putc_flush) for putc_flush
    ff.o(i.f_puts) refers to ff.o(i.putc_bfd) for putc_bfd
    ff.o(i.f_puts) refers to ff.o(i.putc_flush) for putc_flush
    ff.o(i.f_read) refers to ff.o(i.validate) for validate
    ff.o(i.f_read) refers to ff.o(i.clmt_clust) for clmt_clust
    ff.o(i.f_read) refers to ff.o(i.get_fat) for get_fat
    ff.o(i.f_read) refers to ff.o(i.clust2sect) for clust2sect
    ff.o(i.f_read) refers to diskio.o(i.disk_read) for disk_read
    ff.o(i.f_read) refers to ff.o(i.mem_cpy) for mem_cpy
    ff.o(i.f_read) refers to diskio.o(i.disk_write) for disk_write
    ff.o(i.f_readdir) refers to ff.o(i.validate) for validate
    ff.o(i.f_readdir) refers to ff.o(i.dir_read) for dir_read
    ff.o(i.f_readdir) refers to ff.o(i.get_fileinfo) for get_fileinfo
    ff.o(i.f_readdir) refers to ff.o(i.dir_next) for dir_next
    ff.o(i.f_readdir) refers to ff.o(i.dir_sdi) for dir_sdi
    ff.o(i.f_rename) refers to ff.o(i.get_ldnumber) for get_ldnumber
    ff.o(i.f_rename) refers to ff.o(i.find_volume) for find_volume
    ff.o(i.f_rename) refers to ff.o(i.follow_path) for follow_path
    ff.o(i.f_rename) refers to ff.o(i.chk_lock) for chk_lock
    ff.o(i.f_rename) refers to ff.o(i.mem_cpy) for mem_cpy
    ff.o(i.f_rename) refers to ff.o(i.dir_register) for dir_register
    ff.o(i.f_rename) refers to ff.o(i.ld_clust) for ld_clust
    ff.o(i.f_rename) refers to ff.o(i.clust2sect) for clust2sect
    ff.o(i.f_rename) refers to ff.o(i.move_window) for move_window
    ff.o(i.f_rename) refers to ff.o(i.st_clust) for st_clust
    ff.o(i.f_rename) refers to ff.o(i.dir_remove) for dir_remove
    ff.o(i.f_rename) refers to ff.o(i.sync_fs) for sync_fs
    ff.o(i.f_stat) refers to ff.o(i.find_volume) for find_volume
    ff.o(i.f_stat) refers to ff.o(i.follow_path) for follow_path
    ff.o(i.f_stat) refers to ff.o(i.get_fileinfo) for get_fileinfo
    ff.o(i.f_sync) refers to ff.o(i.validate) for validate
    ff.o(i.f_sync) refers to diskio.o(i.disk_write) for disk_write
    ff.o(i.f_sync) refers to fatfs.o(i.get_fattime) for get_fattime
    ff.o(i.f_sync) refers to ff.o(i.move_window) for move_window
    ff.o(i.f_sync) refers to ff.o(i.st_clust) for st_clust
    ff.o(i.f_sync) refers to ff.o(i.st_dword) for st_dword
    ff.o(i.f_sync) refers to ff.o(i.st_word) for st_word
    ff.o(i.f_sync) refers to ff.o(i.sync_fs) for sync_fs
    ff.o(i.f_truncate) refers to ff.o(i.validate) for validate
    ff.o(i.f_truncate) refers to ff.o(i.get_fat) for get_fat
    ff.o(i.f_truncate) refers to ff.o(i.remove_chain) for remove_chain
    ff.o(i.f_truncate) refers to diskio.o(i.disk_write) for disk_write
    ff.o(i.f_unlink) refers to ff.o(i.find_volume) for find_volume
    ff.o(i.f_unlink) refers to ff.o(i.follow_path) for follow_path
    ff.o(i.f_unlink) refers to ff.o(i.chk_lock) for chk_lock
    ff.o(i.f_unlink) refers to ff.o(i.ld_clust) for ld_clust
    ff.o(i.f_unlink) refers to ff.o(i.dir_sdi) for dir_sdi
    ff.o(i.f_unlink) refers to ff.o(i.dir_read) for dir_read
    ff.o(i.f_unlink) refers to ff.o(i.dir_remove) for dir_remove
    ff.o(i.f_unlink) refers to ff.o(i.remove_chain) for remove_chain
    ff.o(i.f_unlink) refers to ff.o(i.sync_fs) for sync_fs
    ff.o(i.f_write) refers to ff.o(i.validate) for validate
    ff.o(i.f_write) refers to ff.o(i.clmt_clust) for clmt_clust
    ff.o(i.f_write) refers to ff.o(i.create_chain) for create_chain
    ff.o(i.f_write) refers to diskio.o(i.disk_write) for disk_write
    ff.o(i.f_write) refers to ff.o(i.clust2sect) for clust2sect
    ff.o(i.f_write) refers to ff.o(i.mem_cpy) for mem_cpy
    ff.o(i.f_write) refers to diskio.o(i.disk_read) for disk_read
    ff.o(i.find_volume) refers to ff.o(i.get_ldnumber) for get_ldnumber
    ff.o(i.find_volume) refers to diskio.o(i.disk_status) for disk_status
    ff.o(i.find_volume) refers to diskio.o(i.disk_initialize) for disk_initialize
    ff.o(i.find_volume) refers to ff.o(i.check_fs) for check_fs
    ff.o(i.find_volume) refers to ff.o(i.ld_dword) for ld_dword
    ff.o(i.find_volume) refers to ff.o(i.ld_word) for ld_word
    ff.o(i.find_volume) refers to ff.o(i.move_window) for move_window
    ff.o(i.find_volume) refers to ff.o(i.clear_lock) for clear_lock
    ff.o(i.find_volume) refers to ff.o(.data) for .data
    ff.o(i.follow_path) refers to ff.o(i.dir_sdi) for dir_sdi
    ff.o(i.follow_path) refers to ff.o(i.create_name) for create_name
    ff.o(i.follow_path) refers to ff.o(i.dir_find) for dir_find
    ff.o(i.follow_path) refers to ff.o(i.ld_clust) for ld_clust
    ff.o(i.get_fat) refers to ff.o(i.move_window) for move_window
    ff.o(i.get_fat) refers to ff.o(i.ld_word) for ld_word
    ff.o(i.get_fat) refers to ff.o(i.ld_dword) for ld_dword
    ff.o(i.get_fileinfo) refers to ff.o(i.ld_dword) for ld_dword
    ff.o(i.inc_lock) refers to ff.o(.bss) for .bss
    ff.o(i.ld_clust) refers to ff.o(i.ld_word) for ld_word
    ff.o(i.move_window) refers to ff.o(i.sync_window) for sync_window
    ff.o(i.move_window) refers to diskio.o(i.disk_read) for disk_read
    ff.o(i.put_fat) refers to ff.o(i.move_window) for move_window
    ff.o(i.put_fat) refers to ff.o(i.st_word) for st_word
    ff.o(i.put_fat) refers to ff.o(i.ld_dword) for ld_dword
    ff.o(i.put_fat) refers to ff.o(i.st_dword) for st_dword
    ff.o(i.putc_bfd) refers to ff.o(i.f_write) for f_write
    ff.o(i.putc_flush) refers to ff.o(i.f_write) for f_write
    ff.o(i.remove_chain) refers to ff.o(i.put_fat) for put_fat
    ff.o(i.remove_chain) refers to ff.o(i.get_fat) for get_fat
    ff.o(i.st_clust) refers to ff.o(i.st_word) for st_word
    ff.o(i.sync_fs) refers to ff.o(i.sync_window) for sync_window
    ff.o(i.sync_fs) refers to ff.o(i.mem_set) for mem_set
    ff.o(i.sync_fs) refers to ff.o(i.st_word) for st_word
    ff.o(i.sync_fs) refers to ff.o(i.st_dword) for st_dword
    ff.o(i.sync_fs) refers to diskio.o(i.disk_write) for disk_write
    ff.o(i.sync_fs) refers to diskio.o(i.disk_ioctl) for disk_ioctl
    ff.o(i.sync_window) refers to diskio.o(i.disk_write) for disk_write
    ff.o(i.validate) refers to diskio.o(i.disk_status) for disk_status
    ff_gen_drv.o(i.FATFS_GetAttachedDriversNbr) refers to ff_gen_drv.o(.bss) for .bss
    ff_gen_drv.o(i.FATFS_LinkDriver) refers to ff_gen_drv.o(i.FATFS_LinkDriverEx) for FATFS_LinkDriverEx
    ff_gen_drv.o(i.FATFS_LinkDriverEx) refers to ff_gen_drv.o(.bss) for .bss
    ff_gen_drv.o(i.FATFS_UnLinkDriver) refers to ff_gen_drv.o(i.FATFS_UnLinkDriverEx) for FATFS_UnLinkDriverEx
    ff_gen_drv.o(i.FATFS_UnLinkDriverEx) refers to ff_gen_drv.o(.bss) for .bss
    entry.o(.ARM.Collect$$$$00000000) refers (Special) to entry10a.o(.ARM.Collect$$$$0000000D) for __rt_final_cpp
    entry.o(.ARM.Collect$$$$00000000) refers (Special) to entry11a.o(.ARM.Collect$$$$0000000F) for __rt_final_exit
    entry.o(.ARM.Collect$$$$00000000) refers (Special) to entry7b.o(.ARM.Collect$$$$00000008) for _main_clock
    entry.o(.ARM.Collect$$$$00000000) refers (Special) to entry8b.o(.ARM.Collect$$$$0000000A) for _main_cpp_init
    entry.o(.ARM.Collect$$$$00000000) refers (Special) to entry9a.o(.ARM.Collect$$$$0000000B) for _main_init
    entry.o(.ARM.Collect$$$$00000000) refers (Special) to entry5.o(.ARM.Collect$$$$00000004) for _main_scatterload
    entry.o(.ARM.Collect$$$$00000000) refers (Special) to entry2.o(.ARM.Collect$$$$00000001) for _main_stk
    uldiv.o(.text) refers to llushr.o(.text) for __aeabi_llsr
    uldiv.o(.text) refers to llshl.o(.text) for __aeabi_llsl
    entry2.o(.ARM.Collect$$$$00000001) refers to entry2.o(.ARM.Collect$$$$00002712) for __lit__00000000
    entry2.o(.ARM.Collect$$$$00002712) refers to startup_stm32f407xx.o(STACK) for __initial_sp
    entry2.o(__vectab_stack_and_reset_area) refers to startup_stm32f407xx.o(STACK) for __initial_sp
    entry2.o(__vectab_stack_and_reset_area) refers to entry.o(.ARM.Collect$$$$00000000) for __main
    entry5.o(.ARM.Collect$$$$00000004) refers to init.o(.text) for __scatterload
    entry9a.o(.ARM.Collect$$$$0000000B) refers to main.o(i.main) for main
    entry9b.o(.ARM.Collect$$$$0000000C) refers to main.o(i.main) for main
    init.o(.text) refers to entry5.o(.ARM.Collect$$$$00000004) for __main_after_scatterload


==============================================================================

Removing Unused input sections from the image.

    Removing startup_stm32f407xx.o(HEAP), (512 bytes).
    Removing main.o(.rev16_text), (4 bytes).
    Removing main.o(.revsh_text), (4 bytes).
    Removing main.o(.rrx_text), (6 bytes).
    Removing main.o(i.Error_Handler), (2 bytes).
    Removing main.o(i.TimingDelay_Decrement2), (20 bytes).
    Removing main.o(.bss), (560 bytes).
    Removing main.o(.bss), (20 bytes).
    Removing main.o(.bss), (225 bytes).
    Removing main.o(.bss), (100 bytes).
    Removing main.o(.bss), (40 bytes).
    Removing main.o(.bss), (20 bytes).
    Removing main.o(.bss), (20 bytes).
    Removing main.o(.bss), (10 bytes).
    Removing main.o(.data), (4 bytes).
    Removing main.o(.data), (4 bytes).
    Removing main.o(.data), (4 bytes).
    Removing main.o(.data), (4 bytes).
    Removing main.o(.data), (4 bytes).
    Removing main.o(.data), (4 bytes).
    Removing main.o(.data), (4 bytes).
    Removing main.o(.data), (4 bytes).
    Removing main.o(.data), (4 bytes).
    Removing main.o(.data), (4 bytes).
    Removing main.o(.data), (4 bytes).
    Removing main.o(.data), (4 bytes).
    Removing main.o(.data), (4 bytes).
    Removing main.o(.data), (1 bytes).
    Removing main.o(.data), (4 bytes).
    Removing main.o(.data), (4 bytes).
    Removing main.o(.data), (4 bytes).
    Removing main.o(.data), (4 bytes).
    Removing main.o(.data), (4 bytes).
    Removing main.o(.data), (4 bytes).
    Removing main.o(.data), (4 bytes).
    Removing main.o(.data), (4 bytes).
    Removing main.o(.data), (4 bytes).
    Removing main.o(.data), (4 bytes).
    Removing main.o(.data), (4 bytes).
    Removing main.o(.data), (4 bytes).
    Removing main.o(.data), (4 bytes).
    Removing main.o(.data), (1 bytes).
    Removing main.o(.data), (1 bytes).
    Removing main.o(.data), (1 bytes).
    Removing main.o(.data), (1 bytes).
    Removing main.o(.data), (4 bytes).
    Removing main.o(.data), (4 bytes).
    Removing main.o(.data), (1 bytes).
    Removing main.o(.data), (4 bytes).
    Removing bsp_driver_sd.o(.rev16_text), (4 bytes).
    Removing bsp_driver_sd.o(.revsh_text), (4 bytes).
    Removing bsp_driver_sd.o(.rrx_text), (6 bytes).
    Removing bsp_driver_sd.o(i.BSP_SD_AbortCallback), (2 bytes).
    Removing bsp_driver_sd.o(i.BSP_SD_DMA_Rx_IRQHandler), (12 bytes).
    Removing bsp_driver_sd.o(i.BSP_SD_DMA_Tx_IRQHandler), (12 bytes).
    Removing bsp_driver_sd.o(i.BSP_SD_DetectCallback), (2 bytes).
    Removing bsp_driver_sd.o(i.BSP_SD_DetectIT), (2 bytes).
    Removing bsp_driver_sd.o(i.BSP_SD_Erase), (28 bytes).
    Removing bsp_driver_sd.o(i.BSP_SD_IRQHandler), (12 bytes).
    Removing bsp_driver_sd.o(i.BSP_SD_ITConfig), (4 bytes).
    Removing bsp_driver_sd.o(i.BSP_SD_IsDetected), (14 bytes).
    Removing bsp_driver_sd.o(i.BSP_SD_ReadBlocks_DMA), (28 bytes).
    Removing bsp_driver_sd.o(i.BSP_SD_ReadCpltCallback), (2 bytes).
    Removing bsp_driver_sd.o(i.BSP_SD_WriteBlocks_DMA), (28 bytes).
    Removing bsp_driver_sd.o(i.BSP_SD_WriteCpltCallback), (2 bytes).
    Removing bsp_driver_sd.o(i.HAL_SD_AbortCallback), (8 bytes).
    Removing bsp_driver_sd.o(i.HAL_SD_RxCpltCallback), (8 bytes).
    Removing bsp_driver_sd.o(i.HAL_SD_TxCpltCallback), (8 bytes).
    Removing sd_diskio.o(.rev16_text), (4 bytes).
    Removing sd_diskio.o(.revsh_text), (4 bytes).
    Removing sd_diskio.o(.rrx_text), (6 bytes).
    Removing fatfs.o(.rev16_text), (4 bytes).
    Removing fatfs.o(.revsh_text), (4 bytes).
    Removing fatfs.o(.rrx_text), (6 bytes).
    Removing fatfs.o(i.get_fattime), (4 bytes).
    Removing fatfs.o(.bss), (560 bytes).
    Removing fatfs.o(.bss), (560 bytes).
    Removing stm32f4xx_it.o(.rev16_text), (4 bytes).
    Removing stm32f4xx_it.o(.revsh_text), (4 bytes).
    Removing stm32f4xx_it.o(.rrx_text), (6 bytes).
    Removing stm32f4xx_it.o(.bss), (250 bytes).
    Removing stm32f4xx_hal_msp.o(.rev16_text), (4 bytes).
    Removing stm32f4xx_hal_msp.o(.revsh_text), (4 bytes).
    Removing stm32f4xx_hal_msp.o(.rrx_text), (6 bytes).
    Removing stm32f4xx_hal_msp.o(i.HAL_CRC_MspDeInit), (28 bytes).
    Removing stm32f4xx_hal_msp.o(i.HAL_RTC_MspDeInit), (24 bytes).
    Removing stm32f4xx_hal_msp.o(i.HAL_SD_MspDeInit), (60 bytes).
    Removing stm32f4xx_hal_msp.o(i.HAL_UART_MspDeInit), (152 bytes).
    Removing stm32f4xx_hal_crc.o(.rev16_text), (4 bytes).
    Removing stm32f4xx_hal_crc.o(.revsh_text), (4 bytes).
    Removing stm32f4xx_hal_crc.o(.rrx_text), (6 bytes).
    Removing stm32f4xx_hal_crc.o(i.HAL_CRC_Accumulate), (38 bytes).
    Removing stm32f4xx_hal_crc.o(i.HAL_CRC_Calculate), (46 bytes).
    Removing stm32f4xx_hal_crc.o(i.HAL_CRC_DeInit), (52 bytes).
    Removing stm32f4xx_hal_crc.o(i.HAL_CRC_GetState), (4 bytes).
    Removing stm32f4xx_hal_crc.o(i.HAL_CRC_MspDeInit), (2 bytes).
    Removing stm32f4xx_hal_crc.o(i.HAL_CRC_MspInit), (2 bytes).
    Removing stm32f4xx_hal_rtc.o(.rev16_text), (4 bytes).
    Removing stm32f4xx_hal_rtc.o(.revsh_text), (4 bytes).
    Removing stm32f4xx_hal_rtc.o(.rrx_text), (6 bytes).
    Removing stm32f4xx_hal_rtc.o(i.HAL_RTC_AlarmAEventCallback), (2 bytes).
    Removing stm32f4xx_hal_rtc.o(i.HAL_RTC_AlarmIRQHandler), (92 bytes).
    Removing stm32f4xx_hal_rtc.o(i.HAL_RTC_DeInit), (212 bytes).
    Removing stm32f4xx_hal_rtc.o(i.HAL_RTC_DeactivateAlarm), (178 bytes).
    Removing stm32f4xx_hal_rtc.o(i.HAL_RTC_GetAlarm), (126 bytes).
    Removing stm32f4xx_hal_rtc.o(i.HAL_RTC_GetDate), (68 bytes).
    Removing stm32f4xx_hal_rtc.o(i.HAL_RTC_GetState), (4 bytes).
    Removing stm32f4xx_hal_rtc.o(i.HAL_RTC_GetTime), (88 bytes).
    Removing stm32f4xx_hal_rtc.o(i.HAL_RTC_MspDeInit), (2 bytes).
    Removing stm32f4xx_hal_rtc.o(i.HAL_RTC_MspInit), (2 bytes).
    Removing stm32f4xx_hal_rtc.o(i.HAL_RTC_PollForAlarmAEvent), (66 bytes).
    Removing stm32f4xx_hal_rtc.o(i.HAL_RTC_SetAlarm), (336 bytes).
    Removing stm32f4xx_hal_rtc.o(i.HAL_RTC_SetAlarm_IT), (376 bytes).
    Removing stm32f4xx_hal_rtc.o(i.HAL_RTC_SetDate), (200 bytes).
    Removing stm32f4xx_hal_rtc.o(i.HAL_RTC_SetTime), (236 bytes).
    Removing stm32f4xx_hal_rtc.o(i.RTC_Bcd2ToByte), (18 bytes).
    Removing stm32f4xx_hal_rtc.o(i.RTC_ByteToBcd2), (22 bytes).
    Removing stm32f4xx_hal_rtc_ex.o(.rev16_text), (4 bytes).
    Removing stm32f4xx_hal_rtc_ex.o(.revsh_text), (4 bytes).
    Removing stm32f4xx_hal_rtc_ex.o(.rrx_text), (6 bytes).
    Removing stm32f4xx_hal_rtc_ex.o(i.HAL_RTCEx_AlarmBEventCallback), (2 bytes).
    Removing stm32f4xx_hal_rtc_ex.o(i.HAL_RTCEx_BKUPRead), (10 bytes).
    Removing stm32f4xx_hal_rtc_ex.o(i.HAL_RTCEx_BKUPWrite), (10 bytes).
    Removing stm32f4xx_hal_rtc_ex.o(i.HAL_RTCEx_DeactivateCalibrationOutPut), (56 bytes).
    Removing stm32f4xx_hal_rtc_ex.o(i.HAL_RTCEx_DeactivateCoarseCalib), (96 bytes).
    Removing stm32f4xx_hal_rtc_ex.o(i.HAL_RTCEx_DeactivateRefClock), (96 bytes).
    Removing stm32f4xx_hal_rtc_ex.o(i.HAL_RTCEx_DeactivateTamper), (38 bytes).
    Removing stm32f4xx_hal_rtc_ex.o(i.HAL_RTCEx_DeactivateTimeStamp), (70 bytes).
    Removing stm32f4xx_hal_rtc_ex.o(i.HAL_RTCEx_DeactivateWakeUpTimer), (122 bytes).
    Removing stm32f4xx_hal_rtc_ex.o(i.HAL_RTCEx_DisableBypassShadow), (56 bytes).
    Removing stm32f4xx_hal_rtc_ex.o(i.HAL_RTCEx_EnableBypassShadow), (56 bytes).
    Removing stm32f4xx_hal_rtc_ex.o(i.HAL_RTCEx_GetTimeStamp), (152 bytes).
    Removing stm32f4xx_hal_rtc_ex.o(i.HAL_RTCEx_GetWakeUpTimer), (8 bytes).
    Removing stm32f4xx_hal_rtc_ex.o(i.HAL_RTCEx_PollForAlarmBEvent), (66 bytes).
    Removing stm32f4xx_hal_rtc_ex.o(i.HAL_RTCEx_PollForTamper1Event), (66 bytes).
    Removing stm32f4xx_hal_rtc_ex.o(i.HAL_RTCEx_PollForTamper2Event), (66 bytes).
    Removing stm32f4xx_hal_rtc_ex.o(i.HAL_RTCEx_PollForTimeStampEvent), (78 bytes).
    Removing stm32f4xx_hal_rtc_ex.o(i.HAL_RTCEx_PollForWakeUpTimerEvent), (66 bytes).
    Removing stm32f4xx_hal_rtc_ex.o(i.HAL_RTCEx_SetCalibrationOutPut), (76 bytes).
    Removing stm32f4xx_hal_rtc_ex.o(i.HAL_RTCEx_SetCoarseCalib), (110 bytes).
    Removing stm32f4xx_hal_rtc_ex.o(i.HAL_RTCEx_SetRefClock), (96 bytes).
    Removing stm32f4xx_hal_rtc_ex.o(i.HAL_RTCEx_SetSmoothCalib), (130 bytes).
    Removing stm32f4xx_hal_rtc_ex.o(i.HAL_RTCEx_SetSynchroShift), (154 bytes).
    Removing stm32f4xx_hal_rtc_ex.o(i.HAL_RTCEx_SetTamper), (104 bytes).
    Removing stm32f4xx_hal_rtc_ex.o(i.HAL_RTCEx_SetTamper_IT), (164 bytes).
    Removing stm32f4xx_hal_rtc_ex.o(i.HAL_RTCEx_SetTimeStamp), (90 bytes).
    Removing stm32f4xx_hal_rtc_ex.o(i.HAL_RTCEx_SetTimeStamp_IT), (140 bytes).
    Removing stm32f4xx_hal_rtc_ex.o(i.HAL_RTCEx_SetWakeUpTimer), (194 bytes).
    Removing stm32f4xx_hal_rtc_ex.o(i.HAL_RTCEx_SetWakeUpTimer_IT), (248 bytes).
    Removing stm32f4xx_hal_rtc_ex.o(i.HAL_RTCEx_Tamper1EventCallback), (2 bytes).
    Removing stm32f4xx_hal_rtc_ex.o(i.HAL_RTCEx_Tamper2EventCallback), (2 bytes).
    Removing stm32f4xx_hal_rtc_ex.o(i.HAL_RTCEx_TamperTimeStampIRQHandler), (124 bytes).
    Removing stm32f4xx_hal_rtc_ex.o(i.HAL_RTCEx_TimeStampEventCallback), (2 bytes).
    Removing stm32f4xx_hal_rtc_ex.o(i.HAL_RTCEx_WakeUpTimerEventCallback), (2 bytes).
    Removing stm32f4xx_hal_rtc_ex.o(i.HAL_RTCEx_WakeUpTimerIRQHandler), (56 bytes).
    Removing stm32f4xx_ll_sdmmc.o(.rev16_text), (4 bytes).
    Removing stm32f4xx_ll_sdmmc.o(.revsh_text), (4 bytes).
    Removing stm32f4xx_ll_sdmmc.o(.rrx_text), (6 bytes).
    Removing stm32f4xx_ll_sdmmc.o(i.SDIO_GetCommandResponse), (6 bytes).
    Removing stm32f4xx_ll_sdmmc.o(i.SDIO_GetDataCounter), (4 bytes).
    Removing stm32f4xx_ll_sdmmc.o(i.SDIO_GetFIFOCount), (6 bytes).
    Removing stm32f4xx_ll_sdmmc.o(i.SDIO_PowerState_OFF), (8 bytes).
    Removing stm32f4xx_ll_sdmmc.o(i.SDIO_SetSDMMCReadWaitMode), (14 bytes).
    Removing stm32f4xx_ll_sdmmc.o(i.SDMMC_CmdBusWidth), (50 bytes).
    Removing stm32f4xx_ll_sdmmc.o(i.SDMMC_CmdErase), (48 bytes).
    Removing stm32f4xx_ll_sdmmc.o(i.SDMMC_CmdEraseEndAdd), (50 bytes).
    Removing stm32f4xx_ll_sdmmc.o(i.SDMMC_CmdEraseStartAdd), (50 bytes).
    Removing stm32f4xx_ll_sdmmc.o(i.SDMMC_CmdOpCondition), (44 bytes).
    Removing stm32f4xx_ll_sdmmc.o(i.SDMMC_CmdSDEraseEndAdd), (50 bytes).
    Removing stm32f4xx_ll_sdmmc.o(i.SDMMC_CmdSDEraseStartAdd), (50 bytes).
    Removing stm32f4xx_ll_sdmmc.o(i.SDMMC_CmdSendSCR), (48 bytes).
    Removing stm32f4xx_ll_sdmmc.o(i.SDMMC_CmdStatusRegister), (48 bytes).
    Removing stm32f4xx_ll_sdmmc.o(i.SDMMC_CmdSwitch), (50 bytes).
    Removing stm32f4xx_hal_sd.o(.rev16_text), (4 bytes).
    Removing stm32f4xx_hal_sd.o(.revsh_text), (4 bytes).
    Removing stm32f4xx_hal_sd.o(.rrx_text), (6 bytes).
    Removing stm32f4xx_hal_sd.o(i.HAL_SD_Abort), (94 bytes).
    Removing stm32f4xx_hal_sd.o(i.HAL_SD_AbortCallback), (2 bytes).
    Removing stm32f4xx_hal_sd.o(i.HAL_SD_Abort_IT), (140 bytes).
    Removing stm32f4xx_hal_sd.o(i.HAL_SD_ConfigWideBusOperation), (120 bytes).
    Removing stm32f4xx_hal_sd.o(i.HAL_SD_DeInit), (38 bytes).
    Removing stm32f4xx_hal_sd.o(i.HAL_SD_Erase), (184 bytes).
    Removing stm32f4xx_hal_sd.o(i.HAL_SD_ErrorCallback), (2 bytes).
    Removing stm32f4xx_hal_sd.o(i.HAL_SD_GetCardCID), (178 bytes).
    Removing stm32f4xx_hal_sd.o(i.HAL_SD_GetCardStatus), (182 bytes).
    Removing stm32f4xx_hal_sd.o(i.HAL_SD_GetError), (4 bytes).
    Removing stm32f4xx_hal_sd.o(i.HAL_SD_GetState), (6 bytes).
    Removing stm32f4xx_hal_sd.o(i.HAL_SD_IRQHandler), (448 bytes).
    Removing stm32f4xx_hal_sd.o(i.HAL_SD_MspDeInit), (2 bytes).
    Removing stm32f4xx_hal_sd.o(i.HAL_SD_MspInit), (2 bytes).
    Removing stm32f4xx_hal_sd.o(i.HAL_SD_ReadBlocks_DMA), (244 bytes).
    Removing stm32f4xx_hal_sd.o(i.HAL_SD_ReadBlocks_IT), (194 bytes).
    Removing stm32f4xx_hal_sd.o(i.HAL_SD_RxCpltCallback), (2 bytes).
    Removing stm32f4xx_hal_sd.o(i.HAL_SD_TxCpltCallback), (2 bytes).
    Removing stm32f4xx_hal_sd.o(i.HAL_SD_WriteBlocks_DMA), (248 bytes).
    Removing stm32f4xx_hal_sd.o(i.HAL_SD_WriteBlocks_IT), (200 bytes).
    Removing stm32f4xx_hal_sd.o(i.SD_DMAError), (86 bytes).
    Removing stm32f4xx_hal_sd.o(i.SD_DMAReceiveCplt), (62 bytes).
    Removing stm32f4xx_hal_sd.o(i.SD_DMARxAbort), (72 bytes).
    Removing stm32f4xx_hal_sd.o(i.SD_DMATransmitCplt), (14 bytes).
    Removing stm32f4xx_hal_sd.o(i.SD_DMATxAbort), (72 bytes).
    Removing stm32f4xx_hal_sd.o(i.SD_FindSCR), (212 bytes).
    Removing stm32f4xx_hal_sd.o(i.SD_SendSDStatus), (236 bytes).
    Removing stm32f4xx_hal_sd.o(i.SD_WideBus_Disable), (78 bytes).
    Removing stm32f4xx_hal_sd.o(i.SD_WideBus_Enable), (78 bytes).
    Removing stm32f4xx_hal_tim.o(.rev16_text), (4 bytes).
    Removing stm32f4xx_hal_tim.o(.revsh_text), (4 bytes).
    Removing stm32f4xx_hal_tim.o(.rrx_text), (6 bytes).
    Removing stm32f4xx_hal_tim_ex.o(.rev16_text), (4 bytes).
    Removing stm32f4xx_hal_tim_ex.o(.revsh_text), (4 bytes).
    Removing stm32f4xx_hal_tim_ex.o(.rrx_text), (6 bytes).
    Removing stm32f4xx_hal_uart.o(.rev16_text), (4 bytes).
    Removing stm32f4xx_hal_uart.o(.revsh_text), (4 bytes).
    Removing stm32f4xx_hal_uart.o(.rrx_text), (6 bytes).
    Removing stm32f4xx_hal_uart.o(i.HAL_HalfDuplex_EnableReceiver), (50 bytes).
    Removing stm32f4xx_hal_uart.o(i.HAL_HalfDuplex_EnableTransmitter), (50 bytes).
    Removing stm32f4xx_hal_uart.o(i.HAL_HalfDuplex_Init), (108 bytes).
    Removing stm32f4xx_hal_uart.o(i.HAL_LIN_Init), (128 bytes).
    Removing stm32f4xx_hal_uart.o(i.HAL_LIN_SendBreak), (46 bytes).
    Removing stm32f4xx_hal_uart.o(i.HAL_MultiProcessor_EnterMuteMode), (46 bytes).
    Removing stm32f4xx_hal_uart.o(i.HAL_MultiProcessor_ExitMuteMode), (46 bytes).
    Removing stm32f4xx_hal_uart.o(i.HAL_MultiProcessor_Init), (142 bytes).
    Removing stm32f4xx_hal_uart.o(i.HAL_UART_Abort), (138 bytes).
    Removing stm32f4xx_hal_uart.o(i.HAL_UART_AbortCpltCallback), (2 bytes).
    Removing stm32f4xx_hal_uart.o(i.HAL_UART_AbortReceive), (88 bytes).
    Removing stm32f4xx_hal_uart.o(i.HAL_UART_AbortReceiveCpltCallback), (2 bytes).
    Removing stm32f4xx_hal_uart.o(i.HAL_UART_AbortReceive_IT), (92 bytes).
    Removing stm32f4xx_hal_uart.o(i.HAL_UART_AbortTransmit), (78 bytes).
    Removing stm32f4xx_hal_uart.o(i.HAL_UART_AbortTransmitCpltCallback), (2 bytes).
    Removing stm32f4xx_hal_uart.o(i.HAL_UART_AbortTransmit_IT), (84 bytes).
    Removing stm32f4xx_hal_uart.o(i.HAL_UART_Abort_IT), (172 bytes).
    Removing stm32f4xx_hal_uart.o(i.HAL_UART_DMAPause), (102 bytes).
    Removing stm32f4xx_hal_uart.o(i.HAL_UART_DMAResume), (94 bytes).
    Removing stm32f4xx_hal_uart.o(i.HAL_UART_DMAStop), (88 bytes).
    Removing stm32f4xx_hal_uart.o(i.HAL_UART_DeInit), (50 bytes).
    Removing stm32f4xx_hal_uart.o(i.HAL_UART_GetError), (4 bytes).
    Removing stm32f4xx_hal_uart.o(i.HAL_UART_GetState), (10 bytes).
    Removing stm32f4xx_hal_uart.o(i.HAL_UART_MspDeInit), (2 bytes).
    Removing stm32f4xx_hal_uart.o(i.HAL_UART_MspInit), (2 bytes).
    Removing stm32f4xx_hal_uart.o(i.HAL_UART_Receive), (184 bytes).
    Removing stm32f4xx_hal_uart.o(i.HAL_UART_Receive_DMA), (152 bytes).
    Removing stm32f4xx_hal_uart.o(i.HAL_UART_RxHalfCpltCallback), (2 bytes).
    Removing stm32f4xx_hal_uart.o(i.HAL_UART_Transmit), (186 bytes).
    Removing stm32f4xx_hal_uart.o(i.HAL_UART_Transmit_DMA), (128 bytes).
    Removing stm32f4xx_hal_uart.o(i.HAL_UART_Transmit_IT), (62 bytes).
    Removing stm32f4xx_hal_uart.o(i.HAL_UART_TxHalfCpltCallback), (2 bytes).
    Removing stm32f4xx_hal_uart.o(i.UART_DMAError), (74 bytes).
    Removing stm32f4xx_hal_uart.o(i.UART_DMAReceiveCplt), (60 bytes).
    Removing stm32f4xx_hal_uart.o(i.UART_DMARxAbortCallback), (42 bytes).
    Removing stm32f4xx_hal_uart.o(i.UART_DMARxHalfCplt), (10 bytes).
    Removing stm32f4xx_hal_uart.o(i.UART_DMARxOnlyAbortCallback), (20 bytes).
    Removing stm32f4xx_hal_uart.o(i.UART_DMATransmitCplt), (46 bytes).
    Removing stm32f4xx_hal_uart.o(i.UART_DMATxAbortCallback), (42 bytes).
    Removing stm32f4xx_hal_uart.o(i.UART_DMATxHalfCplt), (10 bytes).
    Removing stm32f4xx_hal_uart.o(i.UART_DMATxOnlyAbortCallback), (20 bytes).
    Removing stm32f4xx_hal_uart.o(i.UART_EndTxTransfer), (18 bytes).
    Removing stm32f4xx_hal_uart.o(i.UART_WaitOnFlagUntilTimeout), (100 bytes).
    Removing stm32f4xx_hal_rcc.o(.rev16_text), (4 bytes).
    Removing stm32f4xx_hal_rcc.o(.revsh_text), (4 bytes).
    Removing stm32f4xx_hal_rcc.o(.rrx_text), (6 bytes).
    Removing stm32f4xx_hal_rcc.o(i.HAL_RCC_CSSCallback), (2 bytes).
    Removing stm32f4xx_hal_rcc.o(i.HAL_RCC_DeInit), (4 bytes).
    Removing stm32f4xx_hal_rcc.o(i.HAL_RCC_DisableCSS), (12 bytes).
    Removing stm32f4xx_hal_rcc.o(i.HAL_RCC_EnableCSS), (12 bytes).
    Removing stm32f4xx_hal_rcc.o(i.HAL_RCC_GetClockConfig), (64 bytes).
    Removing stm32f4xx_hal_rcc.o(i.HAL_RCC_GetHCLKFreq), (12 bytes).
    Removing stm32f4xx_hal_rcc.o(i.HAL_RCC_GetOscConfig), (180 bytes).
    Removing stm32f4xx_hal_rcc.o(i.HAL_RCC_MCOConfig), (140 bytes).
    Removing stm32f4xx_hal_rcc.o(i.HAL_RCC_NMI_IRQHandler), (28 bytes).
    Removing stm32f4xx_hal_rcc_ex.o(.rev16_text), (4 bytes).
    Removing stm32f4xx_hal_rcc_ex.o(.revsh_text), (4 bytes).
    Removing stm32f4xx_hal_rcc_ex.o(.rrx_text), (6 bytes).
    Removing stm32f4xx_hal_rcc_ex.o(i.HAL_RCCEx_DisablePLLI2S), (52 bytes).
    Removing stm32f4xx_hal_rcc_ex.o(i.HAL_RCCEx_EnablePLLI2S), (104 bytes).
    Removing stm32f4xx_hal_rcc_ex.o(i.HAL_RCCEx_GetPeriphCLKConfig), (52 bytes).
    Removing stm32f4xx_hal_rcc_ex.o(i.HAL_RCCEx_GetPeriphCLKFreq), (92 bytes).
    Removing stm32f4xx_hal_rcc_ex.o(i.HAL_RCC_DeInit), (304 bytes).
    Removing stm32f4xx_hal_flash.o(.rev16_text), (4 bytes).
    Removing stm32f4xx_hal_flash.o(.revsh_text), (4 bytes).
    Removing stm32f4xx_hal_flash.o(.rrx_text), (6 bytes).
    Removing stm32f4xx_hal_flash.o(i.FLASH_Program_Byte), (32 bytes).
    Removing stm32f4xx_hal_flash.o(i.FLASH_Program_DoubleWord), (40 bytes).
    Removing stm32f4xx_hal_flash.o(i.FLASH_Program_HalfWord), (36 bytes).
    Removing stm32f4xx_hal_flash.o(i.FLASH_Program_Word), (36 bytes).
    Removing stm32f4xx_hal_flash.o(i.FLASH_SetErrorCode), (104 bytes).
    Removing stm32f4xx_hal_flash.o(i.FLASH_WaitForLastOperation), (80 bytes).
    Removing stm32f4xx_hal_flash.o(i.HAL_FLASH_EndOfOperationCallback), (2 bytes).
    Removing stm32f4xx_hal_flash.o(i.HAL_FLASH_GetError), (12 bytes).
    Removing stm32f4xx_hal_flash.o(i.HAL_FLASH_IRQHandler), (204 bytes).
    Removing stm32f4xx_hal_flash.o(i.HAL_FLASH_Lock), (20 bytes).
    Removing stm32f4xx_hal_flash.o(i.HAL_FLASH_OB_Launch), (24 bytes).
    Removing stm32f4xx_hal_flash.o(i.HAL_FLASH_OB_Lock), (20 bytes).
    Removing stm32f4xx_hal_flash.o(i.HAL_FLASH_OB_Unlock), (40 bytes).
    Removing stm32f4xx_hal_flash.o(i.HAL_FLASH_OperationErrorCallback), (2 bytes).
    Removing stm32f4xx_hal_flash.o(i.HAL_FLASH_Program), (124 bytes).
    Removing stm32f4xx_hal_flash.o(i.HAL_FLASH_Program_IT), (108 bytes).
    Removing stm32f4xx_hal_flash.o(i.HAL_FLASH_Unlock), (44 bytes).
    Removing stm32f4xx_hal_flash.o(.bss), (32 bytes).
    Removing stm32f4xx_hal_flash_ex.o(.rev16_text), (4 bytes).
    Removing stm32f4xx_hal_flash_ex.o(.revsh_text), (4 bytes).
    Removing stm32f4xx_hal_flash_ex.o(.rrx_text), (6 bytes).
    Removing stm32f4xx_hal_flash_ex.o(i.FLASH_Erase_Sector), (80 bytes).
    Removing stm32f4xx_hal_flash_ex.o(i.FLASH_FlushCaches), (84 bytes).
    Removing stm32f4xx_hal_flash_ex.o(i.FLASH_MassErase), (40 bytes).
    Removing stm32f4xx_hal_flash_ex.o(i.HAL_FLASHEx_Erase), (152 bytes).
    Removing stm32f4xx_hal_flash_ex.o(i.HAL_FLASHEx_Erase_IT), (104 bytes).
    Removing stm32f4xx_hal_flash_ex.o(i.HAL_FLASHEx_OBGetConfig), (64 bytes).
    Removing stm32f4xx_hal_flash_ex.o(i.HAL_FLASHEx_OBProgram), (204 bytes).
    Removing stm32f4xx_hal_flash_ramfunc.o(.rev16_text), (4 bytes).
    Removing stm32f4xx_hal_flash_ramfunc.o(.revsh_text), (4 bytes).
    Removing stm32f4xx_hal_flash_ramfunc.o(.rrx_text), (6 bytes).
    Removing stm32f4xx_hal_gpio.o(.rev16_text), (4 bytes).
    Removing stm32f4xx_hal_gpio.o(.revsh_text), (4 bytes).
    Removing stm32f4xx_hal_gpio.o(.rrx_text), (6 bytes).
    Removing stm32f4xx_hal_gpio.o(i.HAL_GPIO_DeInit), (332 bytes).
    Removing stm32f4xx_hal_gpio.o(i.HAL_GPIO_EXTI_Callback), (2 bytes).
    Removing stm32f4xx_hal_gpio.o(i.HAL_GPIO_EXTI_IRQHandler), (24 bytes).
    Removing stm32f4xx_hal_gpio.o(i.HAL_GPIO_LockPin), (34 bytes).
    Removing stm32f4xx_hal_gpio.o(i.HAL_GPIO_ReadPin), (10 bytes).
    Removing stm32f4xx_hal_gpio.o(i.HAL_GPIO_TogglePin), (14 bytes).
    Removing stm32f4xx_hal_dma_ex.o(.rev16_text), (4 bytes).
    Removing stm32f4xx_hal_dma_ex.o(.revsh_text), (4 bytes).
    Removing stm32f4xx_hal_dma_ex.o(.rrx_text), (6 bytes).
    Removing stm32f4xx_hal_dma_ex.o(i.DMA_MultiBufferSetConfig), (30 bytes).
    Removing stm32f4xx_hal_dma_ex.o(i.HAL_DMAEx_ChangeMemory), (14 bytes).
    Removing stm32f4xx_hal_dma_ex.o(i.HAL_DMAEx_MultiBufferStart), (100 bytes).
    Removing stm32f4xx_hal_dma_ex.o(i.HAL_DMAEx_MultiBufferStart_IT), (2432 bytes).
    Removing stm32f4xx_hal_dma.o(.rev16_text), (4 bytes).
    Removing stm32f4xx_hal_dma.o(.revsh_text), (4 bytes).
    Removing stm32f4xx_hal_dma.o(.rrx_text), (6 bytes).
    Removing stm32f4xx_hal_dma.o(i.DMA_CalcBaseAndBitshift), (40 bytes).
    Removing stm32f4xx_hal_dma.o(i.DMA_CheckFifoParam), (84 bytes).
    Removing stm32f4xx_hal_dma.o(i.DMA_SetConfig), (40 bytes).
    Removing stm32f4xx_hal_dma.o(i.HAL_DMA_Abort), (142 bytes).
    Removing stm32f4xx_hal_dma.o(i.HAL_DMA_DeInit), (98 bytes).
    Removing stm32f4xx_hal_dma.o(i.HAL_DMA_GetError), (4 bytes).
    Removing stm32f4xx_hal_dma.o(i.HAL_DMA_GetState), (6 bytes).
    Removing stm32f4xx_hal_dma.o(i.HAL_DMA_IRQHandler), (416 bytes).
    Removing stm32f4xx_hal_dma.o(i.HAL_DMA_Init), (212 bytes).
    Removing stm32f4xx_hal_dma.o(i.HAL_DMA_PollForTransfer), (292 bytes).
    Removing stm32f4xx_hal_dma.o(i.HAL_DMA_RegisterCallback), (80 bytes).
    Removing stm32f4xx_hal_dma.o(i.HAL_DMA_Start), (70 bytes).
    Removing stm32f4xx_hal_dma.o(i.HAL_DMA_Start_IT), (120 bytes).
    Removing stm32f4xx_hal_dma.o(i.HAL_DMA_UnRegisterCallback), (96 bytes).
    Removing stm32f4xx_hal_dma.o(.constdata), (8 bytes).
    Removing stm32f4xx_hal_pwr.o(.rev16_text), (4 bytes).
    Removing stm32f4xx_hal_pwr.o(.revsh_text), (4 bytes).
    Removing stm32f4xx_hal_pwr.o(.rrx_text), (6 bytes).
    Removing stm32f4xx_hal_pwr.o(i.HAL_PWR_ConfigPVD), (124 bytes).
    Removing stm32f4xx_hal_pwr.o(i.HAL_PWR_DeInit), (24 bytes).
    Removing stm32f4xx_hal_pwr.o(i.HAL_PWR_DisableBkUpAccess), (12 bytes).
    Removing stm32f4xx_hal_pwr.o(i.HAL_PWR_DisablePVD), (12 bytes).
    Removing stm32f4xx_hal_pwr.o(i.HAL_PWR_DisableSEVOnPend), (16 bytes).
    Removing stm32f4xx_hal_pwr.o(i.HAL_PWR_DisableSleepOnExit), (16 bytes).
    Removing stm32f4xx_hal_pwr.o(i.HAL_PWR_DisableWakeUpPin), (16 bytes).
    Removing stm32f4xx_hal_pwr.o(i.HAL_PWR_EnableBkUpAccess), (12 bytes).
    Removing stm32f4xx_hal_pwr.o(i.HAL_PWR_EnablePVD), (12 bytes).
    Removing stm32f4xx_hal_pwr.o(i.HAL_PWR_EnableSEVOnPend), (16 bytes).
    Removing stm32f4xx_hal_pwr.o(i.HAL_PWR_EnableSleepOnExit), (16 bytes).
    Removing stm32f4xx_hal_pwr.o(i.HAL_PWR_EnableWakeUpPin), (16 bytes).
    Removing stm32f4xx_hal_pwr.o(i.HAL_PWR_EnterSLEEPMode), (32 bytes).
    Removing stm32f4xx_hal_pwr.o(i.HAL_PWR_EnterSTANDBYMode), (32 bytes).
    Removing stm32f4xx_hal_pwr.o(i.HAL_PWR_EnterSTOPMode), (56 bytes).
    Removing stm32f4xx_hal_pwr.o(i.HAL_PWR_PVDCallback), (2 bytes).
    Removing stm32f4xx_hal_pwr.o(i.HAL_PWR_PVD_IRQHandler), (28 bytes).
    Removing stm32f4xx_hal_pwr_ex.o(.rev16_text), (4 bytes).
    Removing stm32f4xx_hal_pwr_ex.o(.revsh_text), (4 bytes).
    Removing stm32f4xx_hal_pwr_ex.o(.rrx_text), (6 bytes).
    Removing stm32f4xx_hal_pwr_ex.o(i.HAL_PWREx_ControlVoltageScaling), (88 bytes).
    Removing stm32f4xx_hal_pwr_ex.o(i.HAL_PWREx_DisableBkUpReg), (60 bytes).
    Removing stm32f4xx_hal_pwr_ex.o(i.HAL_PWREx_DisableFlashPowerDown), (12 bytes).
    Removing stm32f4xx_hal_pwr_ex.o(i.HAL_PWREx_EnableBkUpReg), (60 bytes).
    Removing stm32f4xx_hal_pwr_ex.o(i.HAL_PWREx_EnableFlashPowerDown), (12 bytes).
    Removing stm32f4xx_hal_pwr_ex.o(i.HAL_PWREx_GetVoltageRange), (16 bytes).
    Removing stm32f4xx_hal_cortex.o(.rev16_text), (4 bytes).
    Removing stm32f4xx_hal_cortex.o(.revsh_text), (4 bytes).
    Removing stm32f4xx_hal_cortex.o(.rrx_text), (6 bytes).
    Removing stm32f4xx_hal_cortex.o(i.HAL_MPU_ConfigRegion), (84 bytes).
    Removing stm32f4xx_hal_cortex.o(i.HAL_MPU_Disable), (28 bytes).
    Removing stm32f4xx_hal_cortex.o(i.HAL_MPU_Enable), (36 bytes).
    Removing stm32f4xx_hal_cortex.o(i.HAL_NVIC_ClearPendingIRQ), (26 bytes).
    Removing stm32f4xx_hal_cortex.o(i.HAL_NVIC_DisableIRQ), (34 bytes).
    Removing stm32f4xx_hal_cortex.o(i.HAL_NVIC_GetActive), (36 bytes).
    Removing stm32f4xx_hal_cortex.o(i.HAL_NVIC_GetPendingIRQ), (36 bytes).
    Removing stm32f4xx_hal_cortex.o(i.HAL_NVIC_GetPriority), (82 bytes).
    Removing stm32f4xx_hal_cortex.o(i.HAL_NVIC_GetPriorityGrouping), (16 bytes).
    Removing stm32f4xx_hal_cortex.o(i.HAL_NVIC_SetPendingIRQ), (26 bytes).
    Removing stm32f4xx_hal_cortex.o(i.HAL_NVIC_SystemReset), (36 bytes).
    Removing stm32f4xx_hal_cortex.o(i.HAL_SYSTICK_CLKSourceConfig), (24 bytes).
    Removing stm32f4xx_hal_cortex.o(i.HAL_SYSTICK_Callback), (2 bytes).
    Removing stm32f4xx_hal_cortex.o(i.HAL_SYSTICK_IRQHandler), (8 bytes).
    Removing stm32f4xx_hal.o(.rev16_text), (4 bytes).
    Removing stm32f4xx_hal.o(.revsh_text), (4 bytes).
    Removing stm32f4xx_hal.o(.rrx_text), (6 bytes).
    Removing stm32f4xx_hal.o(i.HAL_DBGMCU_DisableDBGSleepMode), (16 bytes).
    Removing stm32f4xx_hal.o(i.HAL_DBGMCU_DisableDBGStandbyMode), (16 bytes).
    Removing stm32f4xx_hal.o(i.HAL_DBGMCU_DisableDBGStopMode), (16 bytes).
    Removing stm32f4xx_hal.o(i.HAL_DBGMCU_EnableDBGSleepMode), (16 bytes).
    Removing stm32f4xx_hal.o(i.HAL_DBGMCU_EnableDBGStandbyMode), (16 bytes).
    Removing stm32f4xx_hal.o(i.HAL_DBGMCU_EnableDBGStopMode), (16 bytes).
    Removing stm32f4xx_hal.o(i.HAL_DeInit), (52 bytes).
    Removing stm32f4xx_hal.o(i.HAL_DisableCompensationCell), (12 bytes).
    Removing stm32f4xx_hal.o(i.HAL_EnableCompensationCell), (12 bytes).
    Removing stm32f4xx_hal.o(i.HAL_GetDEVID), (16 bytes).
    Removing stm32f4xx_hal.o(i.HAL_GetHalVersion), (8 bytes).
    Removing stm32f4xx_hal.o(i.HAL_GetREVID), (12 bytes).
    Removing stm32f4xx_hal.o(i.HAL_GetTickFreq), (12 bytes).
    Removing stm32f4xx_hal.o(i.HAL_GetTickPrio), (12 bytes).
    Removing stm32f4xx_hal.o(i.HAL_GetUIDw0), (12 bytes).
    Removing stm32f4xx_hal.o(i.HAL_GetUIDw1), (12 bytes).
    Removing stm32f4xx_hal.o(i.HAL_GetUIDw2), (12 bytes).
    Removing stm32f4xx_hal.o(i.HAL_MspDeInit), (2 bytes).
    Removing stm32f4xx_hal.o(i.HAL_MspInit), (2 bytes).
    Removing stm32f4xx_hal.o(i.HAL_ResumeTick), (14 bytes).
    Removing stm32f4xx_hal.o(i.HAL_SetTickFreq), (28 bytes).
    Removing stm32f4xx_hal.o(i.HAL_SuspendTick), (14 bytes).
    Removing stm32f4xx_hal_exti.o(.rev16_text), (4 bytes).
    Removing stm32f4xx_hal_exti.o(.revsh_text), (4 bytes).
    Removing stm32f4xx_hal_exti.o(.rrx_text), (6 bytes).
    Removing stm32f4xx_hal_exti.o(i.HAL_EXTI_ClearConfigLine), (56 bytes).
    Removing stm32f4xx_hal_exti.o(i.HAL_EXTI_ClearPending), (12 bytes).
    Removing stm32f4xx_hal_exti.o(i.HAL_EXTI_GenerateSWI), (12 bytes).
    Removing stm32f4xx_hal_exti.o(i.HAL_EXTI_GetConfigLine), (108 bytes).
    Removing stm32f4xx_hal_exti.o(i.HAL_EXTI_GetHandle), (12 bytes).
    Removing stm32f4xx_hal_exti.o(i.HAL_EXTI_GetPending), (28 bytes).
    Removing stm32f4xx_hal_exti.o(i.HAL_EXTI_IRQHandler), (28 bytes).
    Removing stm32f4xx_hal_exti.o(i.HAL_EXTI_RegisterCallback), (14 bytes).
    Removing stm32f4xx_hal_exti.o(i.HAL_EXTI_SetConfigLine), (112 bytes).
    Removing system_stm32f4xx.o(.rev16_text), (4 bytes).
    Removing system_stm32f4xx.o(.revsh_text), (4 bytes).
    Removing system_stm32f4xx.o(.rrx_text), (6 bytes).
    Removing system_stm32f4xx.o(i.SystemCoreClockUpdate), (120 bytes).
    Removing diskio.o(.rev16_text), (4 bytes).
    Removing diskio.o(.revsh_text), (4 bytes).
    Removing diskio.o(.rrx_text), (6 bytes).
    Removing diskio.o(i.disk_ioctl), (28 bytes).
    Removing diskio.o(i.get_fattime), (4 bytes).
    Removing ff.o(.rev16_text), (4 bytes).
    Removing ff.o(.revsh_text), (4 bytes).
    Removing ff.o(.rrx_text), (6 bytes).
    Removing ff.o(i.chk_lock), (92 bytes).
    Removing ff.o(i.clmt_clust), (36 bytes).
    Removing ff.o(i.clust2sect), (24 bytes).
    Removing ff.o(i.create_chain), (164 bytes).
    Removing ff.o(i.create_name), (188 bytes).
    Removing ff.o(i.dec_lock), (52 bytes).
    Removing ff.o(i.dir_find), (100 bytes).
    Removing ff.o(i.dir_next), (244 bytes).
    Removing ff.o(i.dir_read), (96 bytes).
    Removing ff.o(i.dir_register), (102 bytes).
    Removing ff.o(i.dir_remove), (30 bytes).
    Removing ff.o(i.dir_sdi), (130 bytes).
    Removing ff.o(i.f_close), (40 bytes).
    Removing ff.o(i.f_closedir), (34 bytes).
    Removing ff.o(i.f_getfree), (210 bytes).
    Removing ff.o(i.f_gets), (72 bytes).
    Removing ff.o(i.f_lseek), (530 bytes).
    Removing ff.o(i.f_mkdir), (336 bytes).
    Removing ff.o(i.f_mkfs), (1356 bytes).
    Removing ff.o(i.f_open), (524 bytes).
    Removing ff.o(i.f_opendir), (130 bytes).
    Removing ff.o(i.f_printf), (460 bytes).
    Removing ff.o(i.f_putc), (30 bytes).
    Removing ff.o(i.f_puts), (38 bytes).
    Removing ff.o(i.f_read), (338 bytes).
    Removing ff.o(i.f_readdir), (64 bytes).
    Removing ff.o(i.f_rename), (258 bytes).
    Removing ff.o(i.f_stat), (60 bytes).
    Removing ff.o(i.f_sync), (142 bytes).
    Removing ff.o(i.f_truncate), (162 bytes).
    Removing ff.o(i.f_unlink), (158 bytes).
    Removing ff.o(i.f_write), (398 bytes).
    Removing ff.o(i.follow_path), (116 bytes).
    Removing ff.o(i.get_fat), (190 bytes).
    Removing ff.o(i.get_fileinfo), (98 bytes).
    Removing ff.o(i.inc_lock), (128 bytes).
    Removing ff.o(i.ld_clust), (38 bytes).
    Removing ff.o(i.mem_cpy), (18 bytes).
    Removing ff.o(i.mem_set), (14 bytes).
    Removing ff.o(i.put_fat), (234 bytes).
    Removing ff.o(i.putc_bfd), (70 bytes).
    Removing ff.o(i.putc_flush), (42 bytes).
    Removing ff.o(i.remove_chain), (116 bytes).
    Removing ff.o(i.st_clust), (40 bytes).
    Removing ff.o(i.st_dword), (16 bytes).
    Removing ff.o(i.st_word), (8 bytes).
    Removing ff.o(i.sync_fs), (136 bytes).
    Removing ff.o(i.validate), (52 bytes).
    Removing ff.o(.constdata), (156 bytes).
    Removing ff_gen_drv.o(.rev16_text), (4 bytes).
    Removing ff_gen_drv.o(.revsh_text), (4 bytes).
    Removing ff_gen_drv.o(.rrx_text), (6 bytes).
    Removing ff_gen_drv.o(i.FATFS_GetAttachedDriversNbr), (12 bytes).
    Removing ff_gen_drv.o(i.FATFS_UnLinkDriver), (6 bytes).
    Removing ff_gen_drv.o(i.FATFS_UnLinkDriverEx), (52 bytes).
    Removing syscall.o(.rev16_text), (4 bytes).
    Removing syscall.o(.revsh_text), (4 bytes).
    Removing syscall.o(.rrx_text), (6 bytes).

498 unused section(s) (total 33013 bytes) removed from the image.

==============================================================================

Memory Map of the image

  Image Entry point : 0x00000000

  Load Region LR_IROM1 (Base: 0x08000000, Size: 0x00003004, Max: 0x00100000, ABSOLUTE)

    Execution Region ER_IROM1 (Base: 0x08000000, Size: 0x00002f8c, Max: 0x00100000, ABSOLUTE)

    Base Addr    Size         Type   Attr      Idx    E Section Name        Object

    0x08000000   0x00000188   Data   RO            3    RESET               startup_stm32f407xx.o
    0x08000188   0x00000000   Code   RO         3604  * .ARM.Collect$$$$00000000  mc_w.l(entry.o)
    0x08000188   0x00000004   Code   RO         3611    .ARM.Collect$$$$00000001  mc_w.l(entry2.o)
    0x0800018c   0x00000004   Code   RO         3614    .ARM.Collect$$$$00000004  mc_w.l(entry5.o)
    0x08000190   0x00000000   Code   RO         3616    .ARM.Collect$$$$00000008  mc_w.l(entry7b.o)
    0x08000190   0x00000000   Code   RO         3618    .ARM.Collect$$$$0000000A  mc_w.l(entry8b.o)
    0x08000190   0x00000008   Code   RO         3619    .ARM.Collect$$$$0000000B  mc_w.l(entry9a.o)
    0x08000198   0x00000000   Code   RO         3621    .ARM.Collect$$$$0000000D  mc_w.l(entry10a.o)
    0x08000198   0x00000000   Code   RO         3623    .ARM.Collect$$$$0000000F  mc_w.l(entry11a.o)
    0x08000198   0x00000004   Code   RO         3612    .ARM.Collect$$$$00002712  mc_w.l(entry2.o)
    0x0800019c   0x00000024   Code   RO            4    .text               startup_stm32f407xx.o
    0x080001c0   0x00000062   Code   RO         3607    .text               mc_w.l(uldiv.o)
    0x08000222   0x00000024   Code   RO         3609    .text               mc_w.l(memseta.o)
    0x08000246   0x0000001e   Code   RO         3625    .text               mc_w.l(llshl.o)
    0x08000264   0x00000020   Code   RO         3627    .text               mc_w.l(llushr.o)
    0x08000284   0x00000024   Code   RO         3629    .text               mc_w.l(init.o)
    0x080002a8   0x0000000c   Code   RO          280    i.BSP_SD_GetCardInfo  bsp_driver_sd.o
    0x080002b4   0x00000018   Code   RO          281    i.BSP_SD_GetCardState  bsp_driver_sd.o
    0x080002cc   0x00000024   Code   RO          284    i.BSP_SD_Init       bsp_driver_sd.o
    0x080002f0   0x00000020   Code   RO          286    i.BSP_SD_ReadBlocks  bsp_driver_sd.o
    0x08000310   0x00000020   Code   RO          289    i.BSP_SD_WriteBlocks  bsp_driver_sd.o
    0x08000330   0x00000002   Code   RO          516    i.BusFault_Handler  stm32f4xx_it.o
    0x08000332   0x00000002   Code   RO          517    i.DebugMon_Handler  stm32f4xx_it.o
    0x08000334   0x00000006   Code   RO         3533    i.FATFS_LinkDriver  ff_gen_drv.o
    0x0800033a   0x00000002   PAD
    0x0800033c   0x00000040   Code   RO         3534    i.FATFS_LinkDriverEx  ff_gen_drv.o
    0x0800037c   0x00000026   Code   RO          697    i.HAL_CRC_Init      stm32f4xx_hal_crc.o
    0x080003a2   0x00000002   PAD
    0x080003a4   0x00000028   Code   RO          622    i.HAL_CRC_MspInit   stm32f4xx_hal_msp.o
    0x080003cc   0x00000024   Code   RO         2442    i.HAL_DMA_Abort_IT  stm32f4xx_hal_dma.o
    0x080003f0   0x00000024   Code   RO         2860    i.HAL_Delay         stm32f4xx_hal.o
    0x08000414   0x000001b0   Code   RO         2334    i.HAL_GPIO_Init     stm32f4xx_hal_gpio.o
    0x080005c4   0x0000000a   Code   RO         2338    i.HAL_GPIO_WritePin  stm32f4xx_hal_gpio.o
    0x080005ce   0x00000002   PAD
    0x080005d0   0x0000000c   Code   RO         2866    i.HAL_GetTick       stm32f4xx_hal.o
    0x080005dc   0x00000010   Code   RO         2872    i.HAL_IncTick       stm32f4xx_hal.o
    0x080005ec   0x00000034   Code   RO         2873    i.HAL_Init          stm32f4xx_hal.o
    0x08000620   0x00000040   Code   RO         2874    i.HAL_InitTick      stm32f4xx_hal.o
    0x08000660   0x00000034   Code   RO          623    i.HAL_MspInit       stm32f4xx_hal_msp.o
    0x08000694   0x0000001a   Code   RO         2723    i.HAL_NVIC_EnableIRQ  stm32f4xx_hal_cortex.o
    0x080006ae   0x00000002   PAD
    0x080006b0   0x00000040   Code   RO         2729    i.HAL_NVIC_SetPriority  stm32f4xx_hal_cortex.o
    0x080006f0   0x00000024   Code   RO         2730    i.HAL_NVIC_SetPriorityGrouping  stm32f4xx_hal_cortex.o
    0x08000714   0x0000013c   Code   RO         2085    i.HAL_RCCEx_PeriphCLKConfig  stm32f4xx_hal_rcc_ex.o
    0x08000850   0x00000130   Code   RO         1980    i.HAL_RCC_ClockConfig  stm32f4xx_hal_rcc.o
    0x08000980   0x00000020   Code   RO         1987    i.HAL_RCC_GetPCLK1Freq  stm32f4xx_hal_rcc.o
    0x080009a0   0x00000020   Code   RO         1988    i.HAL_RCC_GetPCLK2Freq  stm32f4xx_hal_rcc.o
    0x080009c0   0x00000060   Code   RO         1989    i.HAL_RCC_GetSysClockFreq  stm32f4xx_hal_rcc.o
    0x08000a20   0x0000031c   Code   RO         1992    i.HAL_RCC_OscConfig  stm32f4xx_hal_rcc.o
    0x08000d3c   0x000000ac   Code   RO          761    i.HAL_RTC_Init      stm32f4xx_hal_rtc.o
    0x08000de8   0x00000018   Code   RO          625    i.HAL_RTC_MspInit   stm32f4xx_hal_msp.o
    0x08000e00   0x00000036   Code   RO          769    i.HAL_RTC_WaitForSynchro  stm32f4xx_hal_rtc.o
    0x08000e36   0x000001da   Code   RO         1390    i.HAL_SD_GetCardCSD  stm32f4xx_hal_sd.o
    0x08001010   0x00000024   Code   RO         1391    i.HAL_SD_GetCardInfo  stm32f4xx_hal_sd.o
    0x08001034   0x0000002c   Code   RO         1392    i.HAL_SD_GetCardState  stm32f4xx_hal_sd.o
    0x08001060   0x00000036   Code   RO         1397    i.HAL_SD_Init       stm32f4xx_hal_sd.o
    0x08001096   0x00000002   PAD
    0x08001098   0x00000054   Code   RO         1398    i.HAL_SD_InitCard   stm32f4xx_hal_sd.o
    0x080010ec   0x000000ac   Code   RO          627    i.HAL_SD_MspInit    stm32f4xx_hal_msp.o
    0x08001198   0x000001b2   Code   RO         1401    i.HAL_SD_ReadBlocks  stm32f4xx_hal_sd.o
    0x0800134a   0x00000002   PAD
    0x0800134c   0x0000019a   Code   RO         1406    i.HAL_SD_WriteBlocks  stm32f4xx_hal_sd.o
    0x080014e6   0x00000028   Code   RO         2734    i.HAL_SYSTICK_Config  stm32f4xx_hal_cortex.o
    0x0800150e   0x00000002   Code   RO         1674    i.HAL_UART_ErrorCallback  stm32f4xx_hal_uart.o
    0x08001510   0x00000110   Code   RO         1677    i.HAL_UART_IRQHandler  stm32f4xx_hal_uart.o
    0x08001620   0x00000062   Code   RO         1678    i.HAL_UART_Init     stm32f4xx_hal_uart.o
    0x08001682   0x00000002   PAD
    0x08001684   0x00000160   Code   RO          629    i.HAL_UART_MspInit  stm32f4xx_hal_msp.o
    0x080017e4   0x00000052   Code   RO         1683    i.HAL_UART_Receive_IT  stm32f4xx_hal_uart.o
    0x08001836   0x00000002   Code   RO         1684    i.HAL_UART_RxCpltCallback  stm32f4xx_hal_uart.o
    0x08001838   0x00000002   Code   RO         1689    i.HAL_UART_TxCpltCallback  stm32f4xx_hal_uart.o
    0x0800183a   0x00000002   Code   RO          518    i.HardFault_Handler  stm32f4xx_it.o
    0x0800183c   0x0000001c   Code   RO          478    i.MX_FATFS_Init     fatfs.o
    0x08001858   0x0000009c   Code   RO           14    i.MX_GPIO_Init      main.o
    0x080018f4   0x00000002   Code   RO          519    i.MemManage_Handler  stm32f4xx_it.o
    0x080018f6   0x00000002   Code   RO          520    i.NMI_Handler       stm32f4xx_it.o
    0x080018f8   0x00000002   Code   RO          521    i.PendSV_Handler    stm32f4xx_it.o
    0x080018fa   0x00000002   PAD
    0x080018fc   0x0000003a   Code   RO          772    i.RTC_EnterInitMode  stm32f4xx_hal_rtc.o
    0x08001936   0x00000024   Code   RO         1118    i.SDIO_ConfigData   stm32f4xx_ll_sdmmc.o
    0x0800195a   0x00000008   Code   RO         1122    i.SDIO_GetPowerState  stm32f4xx_ll_sdmmc.o
    0x08001962   0x0000000c   Code   RO         1123    i.SDIO_GetResponse  stm32f4xx_ll_sdmmc.o
    0x0800196e   0x00000024   Code   RO         1124    i.SDIO_Init         stm32f4xx_ll_sdmmc.o
    0x08001992   0x00000008   Code   RO         1126    i.SDIO_PowerState_ON  stm32f4xx_ll_sdmmc.o
    0x0800199a   0x00000006   Code   RO         1127    i.SDIO_ReadFIFO     stm32f4xx_ll_sdmmc.o
    0x080019a0   0x00000020   Code   RO         1128    i.SDIO_SendCommand  stm32f4xx_ll_sdmmc.o
    0x080019c0   0x0000000a   Code   RO         1130    i.SDIO_WriteFIFO    stm32f4xx_ll_sdmmc.o
    0x080019ca   0x00000032   Code   RO         1131    i.SDMMC_CmdAppCommand  stm32f4xx_ll_sdmmc.o
    0x080019fc   0x00000034   Code   RO         1132    i.SDMMC_CmdAppOperCommand  stm32f4xx_ll_sdmmc.o
    0x08001a30   0x00000032   Code   RO         1133    i.SDMMC_CmdBlockLength  stm32f4xx_ll_sdmmc.o
    0x08001a62   0x00000002   PAD
    0x08001a64   0x00000050   Code   RO         1138    i.SDMMC_CmdGoIdleState  stm32f4xx_ll_sdmmc.o
    0x08001ab4   0x00000068   Code   RO         1140    i.SDMMC_CmdOperCond  stm32f4xx_ll_sdmmc.o
    0x08001b1c   0x00000032   Code   RO         1141    i.SDMMC_CmdReadMultiBlock  stm32f4xx_ll_sdmmc.o
    0x08001b4e   0x00000032   Code   RO         1142    i.SDMMC_CmdReadSingleBlock  stm32f4xx_ll_sdmmc.o
    0x08001b80   0x00000032   Code   RO         1145    i.SDMMC_CmdSelDesel  stm32f4xx_ll_sdmmc.o
    0x08001bb2   0x0000002c   Code   RO         1146    i.SDMMC_CmdSendCID  stm32f4xx_ll_sdmmc.o
    0x08001bde   0x0000002c   Code   RO         1147    i.SDMMC_CmdSendCSD  stm32f4xx_ll_sdmmc.o
    0x08001c0a   0x00000032   Code   RO         1149    i.SDMMC_CmdSendStatus  stm32f4xx_ll_sdmmc.o
    0x08001c3c   0x00000030   Code   RO         1150    i.SDMMC_CmdSetRelAdd  stm32f4xx_ll_sdmmc.o
    0x08001c6c   0x00000034   Code   RO         1152    i.SDMMC_CmdStopTransfer  stm32f4xx_ll_sdmmc.o
    0x08001ca0   0x00000032   Code   RO         1154    i.SDMMC_CmdWriteMultiBlock  stm32f4xx_ll_sdmmc.o
    0x08001cd2   0x00000032   Code   RO         1155    i.SDMMC_CmdWriteSingleBlock  stm32f4xx_ll_sdmmc.o
    0x08001d04   0x0000011c   Code   RO         1156    i.SDMMC_GetCmdResp1  stm32f4xx_ll_sdmmc.o
    0x08001e20   0x00000050   Code   RO         1157    i.SDMMC_GetCmdResp2  stm32f4xx_ll_sdmmc.o
    0x08001e70   0x00000040   Code   RO         1158    i.SDMMC_GetCmdResp3  stm32f4xx_ll_sdmmc.o
    0x08001eb0   0x00000084   Code   RO         1159    i.SDMMC_GetCmdResp6  stm32f4xx_ll_sdmmc.o
    0x08001f34   0x00000020   Code   RO          418    i.SD_CheckStatus    sd_diskio.o
    0x08001f54   0x000000e6   Code   RO         1415    i.SD_InitCard       stm32f4xx_hal_sd.o
    0x0800203a   0x000000a2   Code   RO         1416    i.SD_PowerON        stm32f4xx_hal_sd.o
    0x080020dc   0x00000020   Code   RO          419    i.SD_initialize     sd_diskio.o
    0x080020fc   0x00000050   Code   RO          420    i.SD_ioctl          sd_diskio.o
    0x0800214c   0x00000026   Code   RO          421    i.SD_read           sd_diskio.o
    0x08002172   0x00000004   Code   RO          422    i.SD_status         sd_diskio.o
    0x08002176   0x00000002   PAD
    0x08002178   0x00000026   Code   RO          423    i.SD_write          sd_diskio.o
    0x0800219e   0x00000002   Code   RO          522    i.SVC_Handler       stm32f4xx_it.o
    0x080021a0   0x000000bc   Code   RO          523    i.SysTick_Handler   stm32f4xx_it.o
    0x0800225c   0x000000b0   Code   RO           15    i.SystemClock_Config  main.o
    0x0800230c   0x00000054   Code   RO         3109    i.SystemInit        system_stm32f4xx.o
    0x08002360   0x00000014   Code   RO           16    i.TimingDelay_Decrement  main.o
    0x08002374   0x00000014   Code   RO           17    i.TimingDelay_Decrement1  main.o
    0x08002388   0x00000014   Code   RO           19    i.TimingDelay_Decrement3  main.o
    0x0800239c   0x00000014   Code   RO           20    i.TimingDelay_Decrement4  main.o
    0x080023b0   0x00000014   Code   RO           21    i.TimingDelay_Decrement5  main.o
    0x080023c4   0x00000050   Code   RO          524    i.UART4_IRQHandler  stm32f4xx_it.o
    0x08002414   0x00000010   Code   RO         1691    i.UART_DMAAbortOnError  stm32f4xx_hal_uart.o
    0x08002424   0x0000001c   Code   RO         1701    i.UART_EndRxTransfer  stm32f4xx_hal_uart.o
    0x08002440   0x00000096   Code   RO         1703    i.UART_Receive_IT   stm32f4xx_hal_uart.o
    0x080024d6   0x00000002   PAD
    0x080024d8   0x000002ac   Code   RO         1704    i.UART_SetConfig    stm32f4xx_hal_uart.o
    0x08002784   0x00000062   Code   RO         1705    i.UART_Transmit_IT  stm32f4xx_hal_uart.o
    0x080027e6   0x00000002   PAD
    0x080027e8   0x00000050   Code   RO          525    i.USART1_IRQHandler  stm32f4xx_it.o
    0x08002838   0x00000050   Code   RO          526    i.USART2_IRQHandler  stm32f4xx_it.o
    0x08002888   0x00000050   Code   RO          527    i.USART3_IRQHandler  stm32f4xx_it.o
    0x080028d8   0x00000002   Code   RO          528    i.UsageFault_Handler  stm32f4xx_it.o
    0x080028da   0x00000020   Code   RO         2736    i.__NVIC_SetPriority  stm32f4xx_hal_cortex.o
    0x080028fa   0x00000002   PAD
    0x080028fc   0x00000070   Code   RO         3201    i.check_fs          ff.o
    0x0800296c   0x00000020   Code   RO         3203    i.clear_lock        ff.o
    0x0800298c   0x00000028   Code   RO         3146    i.disk_initialize   diskio.o
    0x080029b4   0x0000001c   Code   RO         3148    i.disk_read         diskio.o
    0x080029d0   0x00000018   Code   RO         3149    i.disk_status       diskio.o
    0x080029e8   0x0000001c   Code   RO         3150    i.disk_write        diskio.o
    0x08002a04   0x00000058   Code   RO         3222    i.f_mount           ff.o
    0x08002a5c   0x00000254   Code   RO         3236    i.find_volume       ff.o
    0x08002cb0   0x0000003c   Code   RO         3240    i.get_ldnumber      ff.o
    0x08002cec   0x00000016   Code   RO         3243    i.ld_dword          ff.o
    0x08002d02   0x0000000a   Code   RO         3244    i.ld_word           ff.o
    0x08002d0c   0x000001d0   Code   RO           22    i.main              main.o
    0x08002edc   0x00000032   Code   RO         3247    i.move_window       ff.o
    0x08002f0e   0x00000052   Code   RO         3256    i.sync_window       ff.o
    0x08002f60   0x00000014   Data   RO          424    .constdata          sd_diskio.o
    0x08002f74   0x00000010   Data   RO         3110    .constdata          system_stm32f4xx.o
    0x08002f84   0x00000008   Data   RO         3111    .constdata          system_stm32f4xx.o
    0x08002f8c   0x00000000   Data   RO         3631    Region$$Table       anon$$obj.o


    Execution Region RW_IRAM1 (Base: 0x20000000, Size: 0x00000fe8, Max: 0x00020000, ABSOLUTE)

    Base Addr    Size         Type   Attr      Idx    E Section Name        Object

    0x20000000   0x0000002c   Data   RW           50    .data               main.o
    0x2000002c   0x00000004   Data   RW           52    .data               main.o
    0x20000030   0x00000004   Data   RW           53    .data               main.o
    0x20000034   0x00000004   Data   RW           54    .data               main.o
    0x20000038   0x00000001   Data   RW          425    .data               sd_diskio.o
    0x20000039   0x00000005   Data   RW          482    .data               fatfs.o
    0x2000003e   0x00000002   PAD
    0x20000040   0x00000020   Data   RW          531    .data               stm32f4xx_it.o
    0x20000060   0x0000000c   Data   RW         2880    .data               stm32f4xx_hal.o
    0x2000006c   0x00000004   Data   RW         3112    .data               system_stm32f4xx.o
    0x20000070   0x00000008   Data   RW         3260    .data               ff.o
    0x20000078   0x00000758   Zero   RW           23    .bss                main.o
    0x200007d0   0x000003e8   Zero   RW          529    .bss                stm32f4xx_it.o
    0x20000bb8   0x00000020   Zero   RW         3258    .bss                ff.o
    0x20000bd8   0x0000000c   Zero   RW         3537    .bss                ff_gen_drv.o
    0x20000be4   0x00000004   PAD
    0x20000be8   0x00000400   Zero   RW            1    STACK               startup_stm32f407xx.o

